<html>
<body>
<pre>
<h1>µVision Build Log</h1>
<h2>Tool Versions:</h2>
IDE-Version: µVision V5.41.0.0
Copyright (C) 2024 ARM Ltd and ARM Germany GmbH. All rights reserved.
License Information: kobe dem
vives
User-based license: Arm Development Studio Gold
Valid until: Jun 25 2026. Cached until: Mar 5 2026
 
Tool Versions:
Toolchain:       Arm Development Studio Gold  Version: 5.41.0.0
Toolchain Path:  C:\Users\kobed\AppData\Local\Keil_v5\ARM\ARMCLANG\Bin
C Compiler:      ArmClang.exe V6.22
Assembler:       Armasm.exe V6.22
Linker/Locator:  ArmLink.exe V6.22
Library Manager: ArmAr.exe V6.22
Hex Converter:   FromElf.exe V6.22
CPU DLL:         
Dialog DLL:      
Target DLL:      STLink\ST-LINKIII-KEIL_SWO.dll V3.3.0.0
Dialog DLL:      TCM.DLL V1.56.4.0
 
<h2>Project:</h2>
C:\Users\kobed\Documents\MIDI\MIDI\MDK-ARM\MIDI.uvprojx
Project File Date:  02/13/2026

<h2>Output:</h2>
*** Using Compiler 'V6.22', folder: 'C:\Users\kobed\AppData\Local\Keil_v5\ARM\ARMCLANG\Bin'
Rebuild target 'MIDI'
assembling startup_stm32h533xx.s...
compiling stm32h5xx_it.c...
compiling stm32h5xx_hal_msp.c...
compiling stm32h5xx_hal_cortex.c...
compiling main.c...
compiling stm32h5xx_nucleo.c...
compiling tusb_port.c...
compiling mcp23s17.c...
compiling usb_descriptors.c...
compiling stm32h5xx_hal_rcc.c...
compiling stm32h5xx_hal_flash.c...
compiling stm32h5xx_hal_gpio.c...
compiling stm32h5xx_hal_flash_ex.c...
compiling stm32h5xx_hal_dma.c...
compiling stm32h5xx_hal_rcc_ex.c...
compiling stm32h5xx_hal_pwr.c...
compiling stm32h5xx_hal_pwr_ex.c...
compiling stm32h5xx_hal.c...
compiling stm32h5xx_hal_exti.c...
compiling stm32h5xx_hal_spi_ex.c...
compiling stm32h5xx_hal_pcd_ex.c...
compiling stm32h5xx_hal_usart.c...
compiling stm32h5xx_hal_usart_ex.c...
compiling stm32h5xx_hal_pcd.c...
compiling stm32h5xx_hal_dma_ex.c...
compiling stm32h5xx_hal_uart_ex.c...
compiling system_stm32h5xx.c...
compiling stm32h5xx_hal_spi.c...
compiling tusb.c...
compiling stm32h5xx_ll_usb.c...
compiling usbd_control.c...
compiling midi_device.c...
compiling usbd.c...
compiling fsdev_common.c...
compiling stm32h5xx_hal_uart.c...
compiling tusb_fifo.c...
compiling dcd_stm32_fsdev.c...
linking...
Program Size: Code=26534 RO-data=866 RW-data=68 ZI-data=2684  
FromELF: creating hex file...
"MIDI\MIDI.axf" - 0 Error(s), 0 Warning(s).

<h2>Software Packages used:</h2>

Package Vendor: ARM
                https://www.keil.com/pack/ARM.CMSIS.6.3.0.pack
                ARM::CMSIS@6.3.0
                CMSIS (Common Microcontroller Software Interface Standard)
   * Component: CORE Version: 6.2.0

Package Vendor: Keil
                https://www.keil.com/pack/Keil.STM32H5xx_DFP.2.1.1.pack
                Keil::STM32H5xx_DFP@2.1.1
                STMicroelectronics STM32H5 Series Device Support

<h2>Collection of Component include folders:</h2>
  ./RTE/_MIDI
  C:/Users/kobed/AppData/Local/arm/packs/ARM/CMSIS/6.3.0/CMSIS/Core/Include

<h2>Collection of Component Files used:</h2>

   * Component: ARM::CMSIS:CORE@6.2.0
Build Time Elapsed:  00:00:03
</pre>
</body>
</html>
