Component: Arm Compiler for Embedded 6.22 Tool: armlink [5ee90200]

==============================================================================

Section Cross References

    startup_stm32h533xx.o(STACK) refers (Special) to heapauxi.o(.text) for __use_two_region_memory
    startup_stm32h533xx.o(HEAP) refers (Special) to heapauxi.o(.text) for __use_two_region_memory
    startup_stm32h533xx.o(RESET) refers (Special) to heapauxi.o(.text) for __use_two_region_memory
    startup_stm32h533xx.o(RESET) refers to startup_stm32h533xx.o(STACK) for __initial_sp
    startup_stm32h533xx.o(RESET) refers to startup_stm32h533xx.o(.text) for Reset_Handler
    startup_stm32h533xx.o(RESET) refers to stm32h5xx_it.o(.text.NMI_Handler) for NMI_Handler
    startup_stm32h533xx.o(RESET) refers to stm32h5xx_it.o(.text.HardFault_Handler) for HardFault_Handler
    startup_stm32h533xx.o(RESET) refers to stm32h5xx_it.o(.text.MemManage_Handler) for MemManage_Handler
    startup_stm32h533xx.o(RESET) refers to stm32h5xx_it.o(.text.BusFault_Handler) for BusFault_Handler
    startup_stm32h533xx.o(RESET) refers to stm32h5xx_it.o(.text.UsageFault_Handler) for UsageFault_Handler
    startup_stm32h533xx.o(RESET) refers to stm32h5xx_it.o(.text.SVC_Handler) for SVC_Handler
    startup_stm32h533xx.o(RESET) refers to stm32h5xx_it.o(.text.DebugMon_Handler) for DebugMon_Handler
    startup_stm32h533xx.o(RESET) refers to stm32h5xx_it.o(.text.PendSV_Handler) for PendSV_Handler
    startup_stm32h533xx.o(RESET) refers to stm32h5xx_it.o(.text.SysTick_Handler) for SysTick_Handler
    startup_stm32h533xx.o(RESET) refers to stm32h5xx_it.o(.text.EXTI13_IRQHandler) for EXTI13_IRQHandler
    startup_stm32h533xx.o(RESET) refers to stm32h5xx_it.o(.text.USB_DRD_FS_IRQHandler) for USB_DRD_FS_IRQHandler
    startup_stm32h533xx.o(.text) refers (Special) to heapauxi.o(.text) for __use_two_region_memory
    startup_stm32h533xx.o(.text) refers to system_stm32h5xx.o(.text.SystemInit) for SystemInit
    startup_stm32h533xx.o(.text) refers to __main.o(!!!main) for __main
    startup_stm32h533xx.o(.text) refers to startup_stm32h533xx.o(HEAP) for Heap_Mem
    startup_stm32h533xx.o(.text) refers to startup_stm32h533xx.o(STACK) for Stack_Mem
    usb_descriptors.o(.text.tud_descriptor_device_cb) refers to usb_descriptors.o(.rodata.desc_device) for desc_device
    usb_descriptors.o(.ARM.exidx.text.tud_descriptor_device_cb) refers to usb_descriptors.o(.text.tud_descriptor_device_cb) for [Anonymous Symbol]
    usb_descriptors.o(.text.tud_descriptor_configuration_cb) refers to usb_descriptors.o(.rodata.desc_configuration) for desc_configuration
    usb_descriptors.o(.ARM.exidx.text.tud_descriptor_configuration_cb) refers to usb_descriptors.o(.text.tud_descriptor_configuration_cb) for [Anonymous Symbol]
    usb_descriptors.o(.text.tud_descriptor_string_cb) refers to usb_descriptors.o(.data.string_desc_arr) for string_desc_arr
    usb_descriptors.o(.text.tud_descriptor_string_cb) refers to strlen.o(.text) for strlen
    usb_descriptors.o(.text.tud_descriptor_string_cb) refers to usb_descriptors.o(.bss._desc_str) for _desc_str
    usb_descriptors.o(.ARM.exidx.text.tud_descriptor_string_cb) refers to usb_descriptors.o(.text.tud_descriptor_string_cb) for [Anonymous Symbol]
    usb_descriptors.o(.data.string_desc_arr) refers to usb_descriptors.o(.rodata..compoundliteral) for [Anonymous Symbol]
    usb_descriptors.o(.data.string_desc_arr) refers to usb_descriptors.o(.rodata.str1.1) for [Anonymous Symbol]
    tusb_port.o(.text.board_millis) refers to stm32h5xx_hal.o(.text.HAL_GetTick) for HAL_GetTick
    tusb_port.o(.ARM.exidx.text.board_millis) refers to tusb_port.o(.text.board_millis) for [Anonymous Symbol]
    tusb_port.o(.text.tusb_time_millis_api) refers to stm32h5xx_hal.o(.text.HAL_GetTick) for HAL_GetTick
    tusb_port.o(.ARM.exidx.text.tusb_time_millis_api) refers to tusb_port.o(.text.tusb_time_millis_api) for [Anonymous Symbol]
    mcp23s17.o(.text.MCP_Write) refers to mcp23s17.o(.data.s_active_cs) for s_active_cs
    mcp23s17.o(.text.MCP_Write) refers to stm32h5xx_hal_gpio.o(.text.HAL_GPIO_WritePin) for HAL_GPIO_WritePin
    mcp23s17.o(.text.MCP_Write) refers to main.o(.bss.hspi1) for hspi1
    mcp23s17.o(.text.MCP_Write) refers to stm32h5xx_hal_spi.o(.text.HAL_SPI_Transmit) for HAL_SPI_Transmit
    mcp23s17.o(.ARM.exidx.text.MCP_Write) refers to mcp23s17.o(.text.MCP_Write) for [Anonymous Symbol]
    mcp23s17.o(.text.MCP_Read) refers to mcp23s17.o(.data.s_active_cs) for s_active_cs
    mcp23s17.o(.text.MCP_Read) refers to stm32h5xx_hal_gpio.o(.text.HAL_GPIO_WritePin) for HAL_GPIO_WritePin
    mcp23s17.o(.text.MCP_Read) refers to main.o(.bss.hspi1) for hspi1
    mcp23s17.o(.text.MCP_Read) refers to stm32h5xx_hal_spi.o(.text.HAL_SPI_TransmitReceive) for HAL_SPI_TransmitReceive
    mcp23s17.o(.ARM.exidx.text.MCP_Read) refers to mcp23s17.o(.text.MCP_Read) for [Anonymous Symbol]
    mcp23s17.o(.text.MCP_Init) refers to mcp23s17.o(.bss.s_mcp_ready) for s_mcp_ready
[...]
    configuration_reset                      0x08004bcd   Thumb Code   152  usbd.o(.text.configuration_reset)
    [Anonymous Symbol]                       0x08004bcc   Section        0  usbd.o(.text.configuration_reset)
    [Anonymous Symbol]                       0x08004c64   Section        0  dcd_stm32_fsdev.o(.text.dcd_edpt0_status_complete)
    [Anonymous Symbol]                       0x08004c98   Section        0  dcd_stm32_fsdev.o(.text.dcd_edpt_clear_stall)
    [Anonymous Symbol]                       0x08004d30   Section        0  dcd_stm32_fsdev.o(.text.dcd_edpt_close_all)
    [Anonymous Symbol]                       0x08004d9c   Section        0  dcd_stm32_fsdev.o(.text.dcd_edpt_open)
    [Anonymous Symbol]                       0x08004ee8   Section        0  dcd_stm32_fsdev.o(.text.dcd_edpt_stall)
    [Anonymous Symbol]                       0x08004f64   Section        0  dcd_stm32_fsdev.o(.text.dcd_edpt_xfer)
    [Anonymous Symbol]                       0x08005010   Section        0  dcd_stm32_fsdev.o(.text.dcd_edpt_xfer_fifo)
    dcd_ep_alloc                             0x080050bd   Thumb Code   982  dcd_stm32_fsdev.o(.text.dcd_ep_alloc)
    [Anonymous Symbol]                       0x080050bc   Section        0  dcd_stm32_fsdev.o(.text.dcd_ep_alloc)
    [Anonymous Symbol]                       0x08005494   Section        0  usbd.o(.text.dcd_event_handler)
    [Anonymous Symbol]                       0x0800577c   Section        0  dcd_stm32_fsdev.o(.text.dcd_init)
    [Anonymous Symbol]                       0x080057a8   Section        0  dcd_stm32_fsdev.o(.text.dcd_int_disable)
    [Anonymous Symbol]                       0x080057c0   Section        0  dcd_stm32_fsdev.o(.text.dcd_int_enable)
    [Anonymous Symbol]                       0x080057d8   Section        0  dcd_stm32_fsdev.o(.text.dcd_int_handler)
    [Anonymous Symbol]                       0x08005b58   Section        0  dcd_stm32_fsdev.o(.text.dcd_set_address)
    [Anonymous Symbol]                       0x08005b70   Section        0  dcd_stm32_fsdev.o(.text.dcd_sof_enable)
    dcd_transmit_packet                      0x08005b89   Thumb Code   206  dcd_stm32_fsdev.o(.text.dcd_transmit_packet)
    [Anonymous Symbol]                       0x08005b88   Section        0  dcd_stm32_fsdev.o(.text.dcd_transmit_packet)
    [Anonymous Symbol]                       0x08005c58   Section        0  fsdev_common.o(.text.fsdev_core_reset)
    handle_bus_reset                         0x08005ca9   Thumb Code   272  dcd_stm32_fsdev.o(.text.handle_bus_reset)
    [Anonymous Symbol]                       0x08005ca8   Section        0  dcd_stm32_fsdev.o(.text.handle_bus_reset)
    [Anonymous Symbol]                       0x08005db8   Section        0  main.o(.text.main)
    mcp_probe_cs                             0x08006335   Thumb Code   306  mcp23s17.o(.text.mcp_probe_cs)
    [Anonymous Symbol]                       0x08006334   Section        0  mcp23s17.o(.text.mcp_probe_cs)
    [Anonymous Symbol]                       0x08006468   Section        0  midi_device.o(.text.midid_control_xfer_cb)
    [Anonymous Symbol]                       0x0800646c   Section        0  midi_device.o(.text.midid_deinit)
    [Anonymous Symbol]                       0x08006470   Section        0  midi_device.o(.text.midid_init)
    [Anonymous Symbol]                       0x080064bc   Section        0  midi_device.o(.text.midid_open)
    [Anonymous Symbol]                       0x08006634   Section        0  midi_device.o(.text.midid_reset)
    [Anonymous Symbol]                       0x08006660   Section        0  midi_device.o(.text.midid_xfer_cb)
    [Anonymous Symbol]                       0x080066f4   Section        0  fsdev_common.o(.text.pma_align_buffer_size)
    process_get_descriptor                   0x08006729   Thumb Code   196  usbd.o(.text.process_get_descriptor)
    [Anonymous Symbol]                       0x08006728   Section        0  usbd.o(.text.process_get_descriptor)
    process_set_config                       0x080067ed   Thumb Code   352  usbd.o(.text.process_set_config)
    [Anonymous Symbol]                       0x080067ec   Section        0  usbd.o(.text.process_set_config)
    [Anonymous Symbol]                       0x0800694c   Section        0  tusb.o(.text.tu_bind_driver_to_ep_itf)
    [Anonymous Symbol]                       0x080069c0   Section        0  tusb.o(.text.tu_edpt_claim)
    [Anonymous Symbol]                       0x080069e8   Section        0  tusb.o(.text.tu_edpt_release)
    [Anonymous Symbol]                       0x08006a04   Section        0  tusb.o(.text.tu_edpt_stream_init)
    [Anonymous Symbol]                       0x08006a48   Section        0  tusb.o(.text.tu_edpt_stream_read_xfer)
    [Anonymous Symbol]                       0x08006b1c   Section        0  tusb.o(.text.tu_edpt_stream_write)
    [Anonymous Symbol]                       0x08006b60   Section        0  tusb.o(.text.tu_edpt_stream_write_available)
    [Anonymous Symbol]                       0x08006b78   Section        0  tusb.o(.text.tu_edpt_stream_write_xfer)
    [Anonymous Symbol]                       0x08006c38   Section        0  tusb.o(.text.tu_edpt_stream_write_zlp_if_needed)
    [Anonymous Symbol]                       0x08006cb8   Section        0  tusb_fifo.o(.text.tu_fifo_clear)
    [Anonymous Symbol]                       0x08006cc0   Section        0  tusb_fifo.o(.text.tu_fifo_config)
    [Anonymous Symbol]                       0x08006ce0   Section        0  tusb_fifo.o(.text.tu_fifo_peek_n_access_mode)
    [Anonymous Symbol]                       0x0800708c   Section        0  tusb_fifo.o(.text.tu_fifo_read_n_access_mode)
    [Anonymous Symbol]                       0x080070c8   Section        0  tusb_fifo.o(.text.tu_fifo_write_n_access_mode)
    [Anonymous Symbol]                       0x08007544   Section        0  tusb_fifo.o(.text.tu_hwfifo_read)
    [Anonymous Symbol]                       0x080075f0   Section        0  tusb_fifo.o(.text.tu_hwfifo_write)
    [Anonymous Symbol]                       0x08007690   Section        0  usbd_control.o(.text.tud_control_status)
    [Anonymous Symbol]                       0x080076c8   Section        0  usbd_control.o(.text.tud_control_xfer)
    [Anonymous Symbol]                       0x080077a0   Section        0  usbd.o(.text.tud_descriptor_bos_cb)
    [Anonymous Symbol]                       0x080077a4   Section        0  usb_descriptors.o(.text.tud_descriptor_configuration_cb)
    [Anonymous Symbol]                       0x080077b0   Section        0  usb_descriptors.o(.text.tud_descriptor_device_cb)
    [Anonymous Symbol]                       0x080077bc   Section        0  usbd.o(.text.tud_descriptor_device_qualifier_cb)
    [Anonymous Symbol]                       0x080077c0   Section        0  usbd.o(.text.tud_descriptor_other_speed_configuration_cb)
    [Anonymous Symbol]                       0x080077c4   Section        0  usb_descriptors.o(.text.tud_descriptor_string_cb)
    [Anonymous Symbol]                       0x080078ac   Section        0  usbd.o(.text.tud_event_hook_cb)
    [Anonymous Symbol]                       0x080078b0   Section        0  midi_device.o(.text.tud_midi_n_stream_write)
    [Anonymous Symbol]                       0x08007a68   Section        0  midi_device.o(.text.tud_midi_rx_cb)
    [Anonymous Symbol]                       0x08007a6c   Section        0  usbd.o(.text.tud_mount_cb)
    [Anonymous Symbol]                       0x08007a70   Section        0  usbd.o(.text.tud_mounted)
    [Anonymous Symbol]                       0x08007a84   Section        0  usbd.o(.text.tud_resume_cb)
    [Anonymous Symbol]                       0x08007a88   Section        0  usbd.o(.text.tud_rhport_init)
    [Anonymous Symbol]                       0x08007b8c   Section        0  usbd.o(.text.tud_sof_cb)
    [Anonymous Symbol]                       0x08007b90   Section        0  usbd.o(.text.tud_suspend_cb)
    [Anonymous Symbol]                       0x08007b94   Section        0  usbd.o(.text.tud_task_ext)
    [Anonymous Symbol]                       0x080081f4   Section        0  usbd.o(.text.tud_umount_cb)
    [Anonymous Symbol]                       0x080081f8   Section        0  usbd.o(.text.tud_vendor_control_xfer_cb)
    [Anonymous Symbol]                       0x080081fc   Section        0  tusb.o(.text.tusb_rhport_init)
    [Anonymous Symbol]                       0x08008288   Section        0  usbd.o(.text.usbd_app_driver_get_cb)
    [Anonymous Symbol]                       0x08008294   Section        0  usbd_control.o(.text.usbd_control_reset)
    [Anonymous Symbol]                       0x080082ac   Section        0  usbd_control.o(.text.usbd_control_set_complete_callback)
    [Anonymous Symbol]                       0x080082b8   Section        0  usbd_control.o(.text.usbd_control_set_request)
    [Anonymous Symbol]                       0x080082d0   Section        0  usbd_control.o(.text.usbd_control_xfer_cb)
    [Anonymous Symbol]                       0x0800842c   Section        0  usbd.o(.text.usbd_edpt_claim)
    [Anonymous Symbol]                       0x08008448   Section        0  usbd.o(.text.usbd_edpt_clear_stall)
    [Anonymous Symbol]                       0x08008488   Section        0  usbd.o(.text.usbd_edpt_open)
    [Anonymous Symbol]                       0x080084b0   Section        0  usbd.o(.text.usbd_edpt_release)
    [Anonymous Symbol]                       0x080084cc   Section        0  usbd.o(.text.usbd_edpt_stall)
    [Anonymous Symbol]                       0x0800850c   Section        0  usbd.o(.text.usbd_edpt_xfer)
    [Anonymous Symbol]                       0x08008598   Section        0  usbd.o(.text.usbd_edpt_xfer_fifo)
    [Anonymous Symbol]                       0x08008624   Section        0  usbd.o(.text.usbd_int_set)
    $v0                                      0x0800863c   Number         0  fpinit.o(x$fpl$fpinit)
    x$fpl$fpinit                             0x0800863c   Section       26  fpinit.o(x$fpl$fpinit)
    .compoundliteral                         0x08008656   Data           2  usb_descriptors.o(.rodata..compoundliteral)
    [Anonymous Symbol]                       0x08008656   Section        0  usb_descriptors.o(.rodata..compoundliteral)
    _usbd_driver                             0x08008688   Data          36  usbd.o(.rodata._usbd_driver)
    [Anonymous Symbol]                       0x08008688   Section        0  usbd.o(.rodata._usbd_driver)
    .L__const.MCP_Init.candidates            0x080086ac   Data          32  mcp23s17.o(.rodata.cst32)
    [Anonymous Symbol]                       0x08008744   Section        0  usb_descriptors.o(.rodata.str1.1)
    .L_MergedGlobals                         0x20000000   Data           8  stm32h5xx_hal.o(.data..L_MergedGlobals)
    [Anonymous Symbol]                       0x20000000   Section        0  stm32h5xx_hal.o(.data..L_MergedGlobals)
    .L_MergedGlobals                         0x20000008   Data          24  usbd.o(.data..L_MergedGlobals)
    _usbd_rhport                             0x20000008   Data           1  usbd.o(.data..L_MergedGlobals)
    [Anonymous Symbol]                       0x20000008   Section        0  usbd.o(.data..L_MergedGlobals)
    s_active_cs                              0x20000028   Data           8  mcp23s17.o(.data.s_active_cs)
    [Anonymous Symbol]                       0x20000028   Section        0  mcp23s17.o(.data.s_active_cs)
    .bss                                     0x20000048   Section       96  libspace.o(.bss)
    .L_MergedGlobals                         0x200000a8   Data          84  usbd_control.o(.bss..L_MergedGlobals)
    _ctrl_xfer                               0x200000a8   Data          20  usbd_control.o(.bss..L_MergedGlobals)
    [Anonymous Symbol]                       0x200000a8   Section        0  usbd_control.o(.bss..L_MergedGlobals)
    _ctrl_epbuf                              0x200000bc   Data          64  usbd_control.o(.bss..L_MergedGlobals)
    .L_MergedGlobals                         0x200000fc   Data          34  dcd_stm32_fsdev.o(.bss..L_MergedGlobals)
    ep_buf_ptr                               0x200000fc   Data           2  dcd_stm32_fsdev.o(.bss..L_MergedGlobals)
    [Anonymous Symbol]                       0x200000fc   Section        0  dcd_stm32_fsdev.o(.bss..L_MergedGlobals)
    ep_alloc_status                          0x200000fe   Data          32  dcd_stm32_fsdev.o(.bss..L_MergedGlobals)
    .L_MergedGlobals.1                       0x20000120   Data          67  usbd.o(.bss..L_MergedGlobals.1)
    _usbd_queued_setup                       0x20000120   Data           1  usbd.o(.bss..L_MergedGlobals.1)
    [Anonymous Symbol]                       0x20000120   Section        0  usbd.o(.bss..L_MergedGlobals.1)
    _app_driver_count                        0x20000121   Data           1  usbd.o(.bss..L_MergedGlobals.1)
    _usbd_q                                  0x20000124   Data           4  usbd.o(.bss..L_MergedGlobals.1)
    _app_driver                              0x20000128   Data           4  usbd.o(.bss..L_MergedGlobals.1)
    _usbd_dev                                0x2000012c   Data          55  usbd.o(.bss..L_MergedGlobals.1)
    _desc_str                                0x20000174   Data          64  usb_descriptors.o(.bss._desc_str)
    [Anonymous Symbol]                       0x20000174   Section        0  usb_descriptors.o(.bss._desc_str)
    _midid_itf                               0x200001b4   Data         192  midi_device.o(.bss._midid_itf)
    [Anonymous Symbol]                       0x200001b4   Section        0  midi_device.o(.bss._midid_itf)
    remoteWakeCountdown                      0x20000468   Data           1  dcd_stm32_fsdev.o(.bss.remoteWakeCountdown)
    [Anonymous Symbol]                       0x20000468   Section        0  dcd_stm32_fsdev.o(.bss.remoteWakeCountdown)
    s_mcp_ready                              0x20000469   Data           1  mcp23s17.o(.bss.s_mcp_ready)
    [Anonymous Symbol]                       0x20000469   Section        0  mcp23s17.o(.bss.s_mcp_ready)
    xfer_status                              0x20000470   Data         256  dcd_stm32_fsdev.o(.bss.xfer_status)
    [Anonymous Symbol]                       0x20000470   Section        0  dcd_stm32_fsdev.o(.bss.xfer_status)
    Heap_Mem                                 0x20000570   Data         512  startup_stm32h533xx.o(HEAP)
    HEAP                                     0x20000570   Section      512  startup_stm32h533xx.o(HEAP)
    Stack_Mem                                0x20000770   Data        1024  startup_stm32h533xx.o(STACK)
    STACK                                    0x20000770   Section     1024  startup_stm32h533xx.o(STACK)
    __initial_sp                             0x20000b70   Data           0  startup_stm32h533xx.o(STACK)

    Global Symbols

    Symbol Name                              Value     Ov Type        Size  Object(Section)

    BuildAttributes$$THM_ISAv4$P$D$K$B$S$8M$VFPi5$EXTD16$VFPS$VFMA$PE$A:L22UL41UL21$X:L11$S22US41US21$IEEE1$IW$~IW$USESV6$~STKCKD$USESV7$~SHL$OTIME$ROPI$EBA8$UX$STANDARDLIB$REQ8$PRES8$EABIv2 0x00000000   Number         0  anon$$obj.o ABSOLUTE
    __ARM_exceptions_init                     - Undefined Weak Reference
    __alloca_initialize                       - Undefined Weak Reference
    __arm_preinit_                            - Undefined Weak Reference
    __arm_relocate_pie_                       - Undefined Weak Reference
    __cpp_initialize__aeabi_                  - Undefined Weak Reference
    __cxa_finalize                            - Undefined Weak Reference
    __rt_locale                               - Undefined Weak Reference
    __sigvec_lookup                           - Undefined Weak Reference
    _atexit_init                              - Undefined Weak Reference
    _call_atexit_fns                          - Undefined Weak Reference
    _clock_init                               - Undefined Weak Reference
    _fp_trap_init                             - Undefined Weak Reference
    _fp_trap_shutdown                         - Undefined Weak Reference
    _get_lc_collate                           - Undefined Weak Reference
    _get_lc_ctype                             - Undefined Weak Reference
    _get_lc_monetary                          - Undefined Weak Reference
    _get_lc_numeric                           - Undefined Weak Reference
    _get_lc_time                              - Undefined Weak Reference
    _getenv_init                              - Undefined Weak Reference
    _handle_redirection                       - Undefined Weak Reference
    _init_alloc                               - Undefined Weak Reference
    _init_user_alloc                          - Undefined Weak Reference
    _initio                                   - Undefined Weak Reference
    _rand_init                                - Undefined Weak Reference
    _signal_finish                            - Undefined Weak Reference
    _signal_init                              - Undefined Weak Reference
    _terminate_alloc                          - Undefined Weak Reference
    _terminate_user_alloc                     - Undefined Weak Reference
    _terminateio                              - Undefined Weak Reference
    __Vectors_Size                           0x00000254   Number         0  startup_stm32h533xx.o ABSOLUTE
    __Vectors                                0x08000000   Data           4  startup_stm32h533xx.o(RESET)
    __Vectors_End                            0x08000254   Data           0  startup_stm32h533xx.o(RESET)
    __main                                   0x08000255   Thumb Code     8  __main.o(!!!main)
    __scatterload                            0x0800025d   Thumb Code     0  __scatter.o(!!!scatter)
    __scatterload_rt2                        0x0800025d   Thumb Code    84  __scatter.o(!!!scatter)
    __scatterload_rt2_thumb_only             0x0800025d   Thumb Code     0  __scatter.o(!!!scatter)
    __scatterload_loop                       0x08000267   Thumb Code     0  __scatter.o(!!!scatter)
    __scatterload_copy                       0x080002b9   Thumb Code    26  __scatter_copy.o(!!handler_copy)
    __scatterload_null                       0x080002d5   Thumb Code     2  __scatter.o(!!handler_null)
    __scatterload_zeroinit                   0x080002d9   Thumb Code    28  __scatter_zi.o(!!handler_zi)
    __rt_lib_init                            0x080002f5   Thumb Code     0  libinit.o(.ARM.Collect$$libinit$$00000000)
    __rt_lib_init_fp_1                       0x080002f7   Thumb Code     0  libinit2.o(.ARM.Collect$$libinit$$00000001)
    __rt_lib_init_alloca_1                   0x080002fb   Thumb Code     0  libinit2.o(.ARM.Collect$$libinit$$00000030)
    __rt_lib_init_argv_1                     0x080002fb   Thumb Code     0  libinit2.o(.ARM.Collect$$libinit$$0000002E)
    __rt_lib_init_atexit_1                   0x080002fb   Thumb Code     0  libinit2.o(.ARM.Collect$$libinit$$0000001D)
    __rt_lib_init_clock_1                    0x080002fb   Thumb Code     0  libinit2.o(.ARM.Collect$$libinit$$00000023)
    __rt_lib_init_cpp_1                      0x080002fb   Thumb Code     0  libinit2.o(.ARM.Collect$$libinit$$00000034)
    __rt_lib_init_exceptions_1               0x080002fb   Thumb Code     0  libinit2.o(.ARM.Collect$$libinit$$00000032)
    __rt_lib_init_fp_trap_1                  0x080002fb   Thumb Code     0  libinit2.o(.ARM.Collect$$libinit$$00000021)
    __rt_lib_init_getenv_1                   0x080002fb   Thumb Code     0  libinit2.o(.ARM.Collect$$libinit$$00000025)
    __rt_lib_init_heap_1                     0x080002fb   Thumb Code     0  libinit2.o(.ARM.Collect$$libinit$$0000000C)
    __rt_lib_init_lc_collate_1               0x080002fb   Thumb Code     0  libinit2.o(.ARM.Collect$$libinit$$00000013)
    __rt_lib_init_lc_ctype_1                 0x080002fb   Thumb Code     0  libinit2.o(.ARM.Collect$$libinit$$00000015)
    __rt_lib_init_lc_monetary_1              0x080002fb   Thumb Code     0  libinit2.o(.ARM.Collect$$libinit$$00000017)
    __rt_lib_init_lc_numeric_1               0x080002fb   Thumb Code     0  libinit2.o(.ARM.Collect$$libinit$$00000019)
    __rt_lib_init_lc_time_1                  0x080002fb   Thumb Code     0  libinit2.o(.ARM.Collect$$libinit$$0000001B)
    __rt_lib_init_preinit_1                  0x080002fb   Thumb Code     0  libinit2.o(.ARM.Collect$$libinit$$00000006)
    __rt_lib_init_rand_1                     0x080002fb   Thumb Code     0  libinit2.o(.ARM.Collect$$libinit$$00000010)
    __rt_lib_init_relocate_pie_1             0x080002fb   Thumb Code     0  libinit2.o(.ARM.Collect$$libinit$$00000004)
    __rt_lib_init_return                     0x080002fb   Thumb Code     0  libinit2.o(.ARM.Collect$$libinit$$00000035)
    __rt_lib_init_signal_1                   0x080002fb   Thumb Code     0  libinit2.o(.ARM.Collect$$libinit$$0000001F)
    __rt_lib_init_stdio_1                    0x080002fb   Thumb Code     0  libinit2.o(.ARM.Collect$$libinit$$00000027)
    __rt_lib_init_user_alloc_1               0x080002fb   Thumb Code     0  libinit2.o(.ARM.Collect$$libinit$$0000000E)
    __rt_lib_shutdown                        0x080002fd   Thumb Code     0  libshutdown.o(.ARM.Collect$$libshutdown$$00000000)
    __rt_lib_shutdown_cpp_1                  0x080002ff   Thumb Code     0  libshutdown2.o(.ARM.Collect$$libshutdown$$00000002)
    __rt_lib_shutdown_fp_trap_1              0x080002ff   Thumb Code     0  libshutdown2.o(.ARM.Collect$$libshutdown$$00000007)
    __rt_lib_shutdown_heap_1                 0x080002ff   Thumb Code     0  libshutdown2.o(.ARM.Collect$$libshutdown$$0000000F)
    __rt_lib_shutdown_return                 0x080002ff   Thumb Code     0  libshutdown2.o(.ARM.Collect$$libshutdown$$00000010)
    __rt_lib_shutdown_signal_1               0x080002ff   Thumb Code     0  libshutdown2.o(.ARM.Collect$$libshutdown$$0000000A)
    __rt_lib_shutdown_stdio_1                0x080002ff   Thumb Code     0  libshutdown2.o(.ARM.Collect$$libshutdown$$00000004)
    __rt_lib_shutdown_user_alloc_1           0x080002ff   Thumb Code     0  libshutdown2.o(.ARM.Collect$$libshutdown$$0000000C)
    __rt_entry                               0x08000301   Thumb Code     0  __rtentry.o(.ARM.Collect$$rtentry$$00000000)
    __rt_entry_presh_1                       0x08000301   Thumb Code     0  __rtentry2.o(.ARM.Collect$$rtentry$$00000002)
    __rt_entry_sh                            0x08000301   Thumb Code     0  __rtentry4.o(.ARM.Collect$$rtentry$$00000004)
    __rt_entry_li                            0x08000307   Thumb Code     0  __rtentry2.o(.ARM.Collect$$rtentry$$0000000A)
    __rt_entry_postsh_1                      0x08000307   Thumb Code     0  __rtentry2.o(.ARM.Collect$$rtentry$$00000009)
    __rt_entry_main                          0x0800030b   Thumb Code     0  __rtentry2.o(.ARM.Collect$$rtentry$$0000000D)
    __rt_entry_postli_1                      0x0800030b   Thumb Code     0  __rtentry2.o(.ARM.Collect$$rtentry$$0000000C)
    __rt_exit                                0x08000313   Thumb Code     0  rtexit.o(.ARM.Collect$$rtexit$$00000000)
    __rt_exit_ls                             0x08000315   Thumb Code     0  rtexit2.o(.ARM.Collect$$rtexit$$00000003)
    __rt_exit_prels_1                        0x08000315   Thumb Code     0  rtexit2.o(.ARM.Collect$$rtexit$$00000002)
    __rt_exit_exit                           0x08000319   Thumb Code     0  rtexit2.o(.ARM.Collect$$rtexit$$00000004)
    Reset_Handler                            0x08000321   Thumb Code     8  startup_stm32h533xx.o(.text)
    SecureFault_Handler                      0x08000333   Thumb Code     2  startup_stm32h533xx.o(.text)
    ADC1_IRQHandler                          0x0800033d   Thumb Code     0  startup_stm32h533xx.o(.text)
    ADC2_IRQHandler                          0x0800033d   Thumb Code     0  startup_stm32h533xx.o(.text)
    AES_IRQHandler                           0x0800033d   Thumb Code     0  startup_stm32h533xx.o(.text)
    CEC_IRQHandler                           0x0800033d   Thumb Code     0  startup_stm32h533xx.o(.text)
    CRS_IRQHandler                           0x0800033d   Thumb Code     0  startup_stm32h533xx.o(.text)
    DAC1_IRQHandler                          0x0800033d   Thumb Code     0  startup_stm32h533xx.o(.text)
    DCACHE1_IRQHandler                       0x0800033d   Thumb Code     0  startup_stm32h533xx.o(.text)
    DCMI_PSSI_IRQHandler                     0x0800033d   Thumb Code     0  startup_stm32h533xx.o(.text)
    DTS_IRQHandler                           0x0800033d   Thumb Code     0  startup_stm32h533xx.o(.text)
    EXTI0_IRQHandler                         0x0800033d   Thumb Code     0  startup_stm32h533xx.o(.text)
    EXTI10_IRQHandler                        0x0800033d   Thumb Code     0  startup_stm32h533xx.o(.text)
    EXTI11_IRQHandler                        0x0800033d   Thumb Code     0  startup_stm32h533xx.o(.text)
    EXTI12_IRQHandler                        0x0800033d   Thumb Code     0  startup_stm32h533xx.o(.text)
    EXTI14_IRQHandler                        0x0800033d   Thumb Code     0  startup_stm32h533xx.o(.text)
    EXTI15_IRQHandler                        0x0800033d   Thumb Code     0  startup_stm32h533xx.o(.text)
    EXTI1_IRQHandler                         0x0800033d   Thumb Code     0  startup_stm32h533xx.o(.text)
    EXTI2_IRQHandler                         0x0800033d   Thumb Code     0  startup_stm32h533xx.o(.text)
    EXTI3_IRQHandler                         0x0800033d   Thumb Code     0  startup_stm32h533xx.o(.text)
    EXTI4_IRQHandler                         0x0800033d   Thumb Code     0  startup_stm32h533xx.o(.text)
    EXTI5_IRQHandler                         0x0800033d   Thumb Code     0  startup_stm32h533xx.o(.text)
    EXTI6_IRQHandler                         0x0800033d   Thumb Code     0  startup_stm32h533xx.o(.text)
    EXTI7_IRQHandler                         0x0800033d   Thumb Code     0  startup_stm32h533xx.o(.text)
    EXTI8_IRQHandler                         0x0800033d   Thumb Code     0  startup_stm32h533xx.o(.text)
    EXTI9_IRQHandler                         0x0800033d   Thumb Code     0  startup_stm32h533xx.o(.text)
    FDCAN1_IT0_IRQHandler                    0x0800033d   Thumb Code     0  startup_stm32h533xx.o(.text)
    FDCAN1_IT1_IRQHandler                    0x0800033d   Thumb Code     0  startup_stm32h533xx.o(.text)
    FDCAN2_IT0_IRQHandler                    0x0800033d   Thumb Code     0  startup_stm32h533xx.o(.text)
    FDCAN2_IT1_IRQHandler                    0x0800033d   Thumb Code     0  startup_stm32h533xx.o(.text)
    FLASH_IRQHandler                         0x0800033d   Thumb Code     0  startup_stm32h533xx.o(.text)
    FLASH_S_IRQHandler                       0x0800033d   Thumb Code     0  startup_stm32h533xx.o(.text)
    FMC_IRQHandler                           0x0800033d   Thumb Code     0  startup_stm32h533xx.o(.text)
    FPU_IRQHandler                           0x0800033d   Thumb Code     0  startup_stm32h533xx.o(.text)
    GPDMA1_Channel0_IRQHandler               0x0800033d   Thumb Code     0  startup_stm32h533xx.o(.text)
    GPDMA1_Channel1_IRQHandler               0x0800033d   Thumb Code     0  startup_stm32h533xx.o(.text)
    GPDMA1_Channel2_IRQHandler               0x0800033d   Thumb Code     0  startup_stm32h533xx.o(.text)
    GPDMA1_Channel3_IRQHandler               0x0800033d   Thumb Code     0  startup_stm32h533xx.o(.text)
    GPDMA1_Channel4_IRQHandler               0x0800033d   Thumb Code     0  startup_stm32h533xx.o(.text)
    GPDMA1_Channel5_IRQHandler               0x0800033d   Thumb Code     0  startup_stm32h533xx.o(.text)
    GPDMA1_Channel6_IRQHandler               0x0800033d   Thumb Code     0  startup_stm32h533xx.o(.text)
    GPDMA1_Channel7_IRQHandler               0x0800033d   Thumb Code     0  startup_stm32h533xx.o(.text)
    GPDMA2_Channel0_IRQHandler               0x0800033d   Thumb Code     0  startup_stm32h533xx.o(.text)
    GPDMA2_Channel1_IRQHandler               0x0800033d   Thumb Code     0  startup_stm32h533xx.o(.text)
    GPDMA2_Channel2_IRQHandler               0x0800033d   Thumb Code     0  startup_stm32h533xx.o(.text)
    GPDMA2_Channel3_IRQHandler               0x0800033d   Thumb Code     0  startup_stm32h533xx.o(.text)
    GPDMA2_Channel4_IRQHandler               0x0800033d   Thumb Code     0  startup_stm32h533xx.o(.text)
    GPDMA2_Channel5_IRQHandler               0x0800033d   Thumb Code     0  startup_stm32h533xx.o(.text)
    GPDMA2_Channel6_IRQHandler               0x0800033d   Thumb Code     0  startup_stm32h533xx.o(.text)
    GPDMA2_Channel7_IRQHandler               0x0800033d   Thumb Code     0  startup_stm32h533xx.o(.text)
    GTZC_IRQHandler                          0x0800033d   Thumb Code     0  startup_stm32h533xx.o(.text)
    HASH_IRQHandler                          0x0800033d   Thumb Code     0  startup_stm32h533xx.o(.text)
    I2C1_ER_IRQHandler                       0x0800033d   Thumb Code     0  startup_stm32h533xx.o(.text)
    I2C1_EV_IRQHandler                       0x0800033d   Thumb Code     0  startup_stm32h533xx.o(.text)
    I2C2_ER_IRQHandler                       0x0800033d   Thumb Code     0  startup_stm32h533xx.o(.text)
    I2C2_EV_IRQHandler                       0x0800033d   Thumb Code     0  startup_stm32h533xx.o(.text)
    I2C3_ER_IRQHandler                       0x0800033d   Thumb Code     0  startup_stm32h533xx.o(.text)
    I2C3_EV_IRQHandler                       0x0800033d   Thumb Code     0  startup_stm32h533xx.o(.text)
    I3C1_ER_IRQHandler                       0x0800033d   Thumb Code     0  startup_stm32h533xx.o(.text)
    I3C1_EV_IRQHandler                       0x0800033d   Thumb Code     0  startup_stm32h533xx.o(.text)
    I3C2_ER_IRQHandler                       0x0800033d   Thumb Code     0  startup_stm32h533xx.o(.text)
    I3C2_EV_IRQHandler                       0x0800033d   Thumb Code     0  startup_stm32h533xx.o(.text)
    ICACHE_IRQHandler                        0x0800033d   Thumb Code     0  startup_stm32h533xx.o(.text)
    IWDG_IRQHandler                          0x0800033d   Thumb Code     0  startup_stm32h533xx.o(.text)
    LPTIM1_IRQHandler                        0x0800033d   Thumb Code     0  startup_stm32h533xx.o(.text)
    LPTIM2_IRQHandler                        0x0800033d   Thumb Code     0  startup_stm32h533xx.o(.text)
    LPUART1_IRQHandler                       0x0800033d   Thumb Code     0  startup_stm32h533xx.o(.text)
    OCTOSPI1_IRQHandler                      0x0800033d   Thumb Code     0  startup_stm32h533xx.o(.text)
    OTFDEC1_IRQHandler                       0x0800033d   Thumb Code     0  startup_stm32h533xx.o(.text)
    PKA_IRQHandler                           0x0800033d   Thumb Code     0  startup_stm32h533xx.o(.text)
    PVD_AVD_IRQHandler                       0x0800033d   Thumb Code     0  startup_stm32h533xx.o(.text)
    RAMCFG_IRQHandler                        0x0800033d   Thumb Code     0  startup_stm32h533xx.o(.text)
    RCC_IRQHandler                           0x0800033d   Thumb Code     0  startup_stm32h533xx.o(.text)
    RCC_S_IRQHandler                         0x0800033d   Thumb Code     0  startup_stm32h533xx.o(.text)
    RNG_IRQHandler                           0x0800033d   Thumb Code     0  startup_stm32h533xx.o(.text)
    RTC_IRQHandler                           0x0800033d   Thumb Code     0  startup_stm32h533xx.o(.text)
    RTC_S_IRQHandler                         0x0800033d   Thumb Code     0  startup_stm32h533xx.o(.text)
    SAES_IRQHandler                          0x0800033d   Thumb Code     0  startup_stm32h533xx.o(.text)
    SDMMC1_IRQHandler                        0x0800033d   Thumb Code     0  startup_stm32h533xx.o(.text)
    SPI1_IRQHandler                          0x0800033d   Thumb Code     0  startup_stm32h533xx.o(.text)
    SPI2_IRQHandler                          0x0800033d   Thumb Code     0  startup_stm32h533xx.o(.text)
    SPI3_IRQHandler                          0x0800033d   Thumb Code     0  startup_stm32h533xx.o(.text)
    SPI4_IRQHandler                          0x0800033d   Thumb Code     0  startup_stm32h533xx.o(.text)
    TAMP_IRQHandler                          0x0800033d   Thumb Code     0  startup_stm32h533xx.o(.text)
    TIM12_IRQHandler                         0x0800033d   Thumb Code     0  startup_stm32h533xx.o(.text)
    TIM15_IRQHandler                         0x0800033d   Thumb Code     0  startup_stm32h533xx.o(.text)
    TIM1_BRK_IRQHandler                      0x0800033d   Thumb Code     0  startup_stm32h533xx.o(.text)
    TIM1_CC_IRQHandler                       0x0800033d   Thumb Code     0  startup_stm32h533xx.o(.text)
    TIM1_TRG_COM_IRQHandler                  0x0800033d   Thumb Code     0  startup_stm32h533xx.o(.text)
    TIM1_UP_IRQHandler                       0x0800033d   Thumb Code     0  startup_stm32h533xx.o(.text)
    TIM2_IRQHandler                          0x0800033d   Thumb Code     0  startup_stm32h533xx.o(.text)
    TIM3_IRQHandler                          0x0800033d   Thumb Code     0  startup_stm32h533xx.o(.text)
    TIM4_IRQHandler                          0x0800033d   Thumb Code     0  startup_stm32h533xx.o(.text)
    TIM5_IRQHandler                          0x0800033d   Thumb Code     0  startup_stm32h533xx.o(.text)
    TIM6_IRQHandler                          0x0800033d   Thumb Code     0  startup_stm32h533xx.o(.text)
    TIM7_IRQHandler                          0x0800033d   Thumb Code     0  startup_stm32h533xx.o(.text)
    TIM8_BRK_IRQHandler                      0x0800033d   Thumb Code     0  startup_stm32h533xx.o(.text)
    TIM8_CC_IRQHandler                       0x0800033d   Thumb Code     0  startup_stm32h533xx.o(.text)
    TIM8_TRG_COM_IRQHandler                  0x0800033d   Thumb Code     0  startup_stm32h533xx.o(.text)
    TIM8_UP_IRQHandler                       0x0800033d   Thumb Code     0  startup_stm32h533xx.o(.text)
    UART4_IRQHandler                         0x0800033d   Thumb Code     0  startup_stm32h533xx.o(.text)
    UART5_IRQHandler                         0x0800033d   Thumb Code     0  startup_stm32h533xx.o(.text)
    UCPD1_IRQHandler                         0x0800033d   Thumb Code     0  startup_stm32h533xx.o(.text)
    USART1_IRQHandler                        0x0800033d   Thumb Code     0  startup_stm32h533xx.o(.text)
    USART2_IRQHandler                        0x0800033d   Thumb Code     0  startup_stm32h533xx.o(.text)
    USART3_IRQHandler                        0x0800033d   Thumb Code     0  startup_stm32h533xx.o(.text)
    USART6_IRQHandler                        0x0800033d   Thumb Code     0  startup_stm32h533xx.o(.text)
    WWDG_IRQHandler                          0x0800033d   Thumb Code     0  startup_stm32h533xx.o(.text)
    __user_initial_stackheap                 0x08000341   Thumb Code    10  startup_stm32h533xx.o(.text)
    __aeabi_uldivmod                         0x08000365   Thumb Code     0  lludivv7m.o(.text)
    _ll_udiv                                 0x08000365   Thumb Code   240  lludivv7m.o(.text)
    strlen                                   0x08000455   Thumb Code    62  strlen.o(.text)
    __aeabi_memcpy                           0x08000493   Thumb Code     0  rt_memcpy_v6.o(.text)
    __rt_memcpy                              0x08000493   Thumb Code   138  rt_memcpy_v6.o(.text)
    _memcpy_lastbytes                        0x080004f9   Thumb Code     0  rt_memcpy_v6.o(.text)
    __aeabi_memclr                           0x0800051d   Thumb Code     0  rt_memclr.o(.text)
    __rt_memclr                              0x0800051d   Thumb Code     0  rt_memclr.o(.text)
    _memset                                  0x08000521   Thumb Code    64  rt_memclr.o(.text)
    __aeabi_memclr4                          0x08000561   Thumb Code     0  rt_memclr_w.o(.text)
    __aeabi_memclr8                          0x08000561   Thumb Code     0  rt_memclr_w.o(.text)
    __rt_memclr_w                            0x08000561   Thumb Code     0  rt_memclr_w.o(.text)
    _memset_w                                0x08000565   Thumb Code    74  rt_memclr_w.o(.text)
    __use_two_region_memory                  0x080005af   Thumb Code     2  heapauxi.o(.text)
    __rt_heap_escrow$2region                 0x080005b1   Thumb Code     2  heapauxi.o(.text)
    __rt_heap_expand$2region                 0x080005b3   Thumb Code     2  heapauxi.o(.text)
    __aeabi_memcpy4                          0x080005b5   Thumb Code     0  rt_memcpy_w.o(.text)
    __aeabi_memcpy8                          0x080005b5   Thumb Code     0  rt_memcpy_w.o(.text)
    __rt_memcpy_w                            0x080005b5   Thumb Code   100  rt_memcpy_w.o(.text)
    _memcpy_lastbytes_aligned                0x080005fd   Thumb Code     0  rt_memcpy_w.o(.text)
    __user_setup_stackheap                   0x08000619   Thumb Code    74  sys_stackheap_outer.o(.text)
    exit                                     0x08000663   Thumb Code    18  exit.o(.text)
    __user_libspace                          0x08000675   Thumb Code     8  libspace.o(.text)
    __user_perproc_libspace                  0x08000675   Thumb Code     0  libspace.o(.text)
    __user_perthread_libspace                0x08000675   Thumb Code     0  libspace.o(.text)
    _sys_exit                                0x0800067d   Thumb Code     8  sys_exit.o(.text)
    __I$use$semihosting                      0x08000689   Thumb Code     0  use_no_semi.o(.text)
    __use_no_semihosting_swi                 0x08000689   Thumb Code     2  use_no_semi.o(.text)
    __semihosting_library_function           0x0800068b   Thumb Code     0  indicate_semi.o(.text)
    BSP_COM_Init                             0x0800068d   Thumb Code   164  stm32h5xx_nucleo.o(.text.BSP_COM_Init)
    BSP_PB_Callback                          0x08000731   Thumb Code     2  stm32h5xx_nucleo.o(.text.BSP_PB_Callback)
    BSP_PB_IRQHandler                        0x08000735   Thumb Code    20  stm32h5xx_nucleo.o(.text.BSP_PB_IRQHandler)
    BSP_PB_Init                              0x08000749   Thumb Code   152  stm32h5xx_nucleo.o(.text.BSP_PB_Init)
    BusFault_Handler                         0x080007e9   Thumb Code     2  stm32h5xx_it.o(.text.BusFault_Handler)
    DebugMon_Handler                         0x080007ed   Thumb Code     2  stm32h5xx_it.o(.text.DebugMon_Handler)
    EXTI13_IRQHandler                        0x080007f1   Thumb Code     6  stm32h5xx_it.o(.text.EXTI13_IRQHandler)
    Error_Handler                            0x080007f9   Thumb Code     6  main.o(.text.Error_Handler)
    HAL_Delay                                0x08000801   Thumb Code    40  stm32h5xx_hal.o(.text.HAL_Delay)
    HAL_EXTI_GetHandle                       0x08000829   Thumb Code    12  stm32h5xx_hal_exti.o(.text.HAL_EXTI_GetHandle)
    HAL_EXTI_IRQHandler                      0x08000835   Thumb Code    84  stm32h5xx_hal_exti.o(.text.HAL_EXTI_IRQHandler)
    HAL_EXTI_RegisterCallback                0x08000889   Thumb Code    36  stm32h5xx_hal_exti.o(.text.HAL_EXTI_RegisterCallback)
    HAL_GPIO_Init                            0x080008ad   Thumb Code   392  stm32h5xx_hal_gpio.o(.text.HAL_GPIO_Init)
    HAL_GPIO_WritePin                        0x08000a35   Thumb Code    12  stm32h5xx_hal_gpio.o(.text.HAL_GPIO_WritePin)
    HAL_GetTick                              0x08000a41   Thumb Code    12  stm32h5xx_hal.o(.text.HAL_GetTick)
    HAL_IncTick                              0x08000a4d   Thumb Code    26  stm32h5xx_hal.o(.text.HAL_IncTick)
    HAL_Init                                 0x08000a69   Thumb Code    76  stm32h5xx_hal.o(.text.HAL_Init)
    HAL_InitTick                             0x08000ab5   Thumb Code   168  stm32h5xx_hal.o(.text.HAL_InitTick)
    HAL_MspInit                              0x08000b5d   Thumb Code     2  stm32h5xx_hal_msp.o(.text.HAL_MspInit)
    HAL_NVIC_EnableIRQ                       0x08000b61   Thumb Code    34  stm32h5xx_hal_cortex.o(.text.HAL_NVIC_EnableIRQ)
    HAL_NVIC_SetPriority                     0x08000b85   Thumb Code    86  stm32h5xx_hal_cortex.o(.text.HAL_NVIC_SetPriority)
    HAL_NVIC_SetPriorityGrouping             0x08000bdd   Thumb Code    32  stm32h5xx_hal_cortex.o(.text.HAL_NVIC_SetPriorityGrouping)
    HAL_PWREx_EnableVddUSB                   0x08000bfd   Thumb Code    18  stm32h5xx_hal_pwr_ex.o(.text.HAL_PWREx_EnableVddUSB)
    HAL_RCCEx_CRSConfig                      0x08000c11   Thumb Code    76  stm32h5xx_hal_rcc_ex.o(.text.HAL_RCCEx_CRSConfig)
    HAL_RCCEx_GetPLL1ClockFreq               0x08000c5d   Thumb Code   424  stm32h5xx_hal_rcc_ex.o(.text.HAL_RCCEx_GetPLL1ClockFreq)
    HAL_RCCEx_GetPLL2ClockFreq               0x08000e11   Thumb Code   424  stm32h5xx_hal_rcc_ex.o(.text.HAL_RCCEx_GetPLL2ClockFreq)
    HAL_RCCEx_GetPLL3ClockFreq               0x08000fc5   Thumb Code   424  stm32h5xx_hal_rcc_ex.o(.text.HAL_RCCEx_GetPLL3ClockFreq)
    HAL_RCCEx_GetPeriphCLKFreq               0x08001179   Thumb Code  2730  stm32h5xx_hal_rcc_ex.o(.text.HAL_RCCEx_GetPeriphCLKFreq)
    HAL_RCCEx_PeriphCLKConfig                0x08001c25   Thumb Code  2632  stm32h5xx_hal_rcc_ex.o(.text.HAL_RCCEx_PeriphCLKConfig)
    HAL_RCC_ClockConfig                      0x0800266d   Thumb Code   606  stm32h5xx_hal_rcc.o(.text.HAL_RCC_ClockConfig)
    HAL_RCC_GetHCLKFreq                      0x080028cd   Thumb Code    48  stm32h5xx_hal_rcc.o(.text.HAL_RCC_GetHCLKFreq)
    HAL_RCC_GetPCLK1Freq                     0x080028fd   Thumb Code    70  stm32h5xx_hal_rcc.o(.text.HAL_RCC_GetPCLK1Freq)
    HAL_RCC_GetPCLK2Freq                     0x08002945   Thumb Code    70  stm32h5xx_hal_rcc.o(.text.HAL_RCC_GetPCLK2Freq)
    HAL_RCC_GetPCLK3Freq                     0x0800298d   Thumb Code    70  stm32h5xx_hal_rcc.o(.text.HAL_RCC_GetPCLK3Freq)
    HAL_RCC_GetSysClockFreq                  0x080029d5   Thumb Code   284  stm32h5xx_hal_rcc.o(.text.HAL_RCC_GetSysClockFreq)
    HAL_RCC_OscConfig                        0x08002b01   Thumb Code  1602  stm32h5xx_hal_rcc.o(.text.HAL_RCC_OscConfig)
    HAL_SPI_Init                             0x08003145   Thumb Code   484  stm32h5xx_hal_spi.o(.text.HAL_SPI_Init)
    HAL_SPI_MspInit                          0x08003329   Thumb Code   148  stm32h5xx_hal_msp.o(.text.HAL_SPI_MspInit)
    HAL_SPI_Transmit                         0x080033bd   Thumb Code   748  stm32h5xx_hal_spi.o(.text.HAL_SPI_Transmit)
    HAL_SPI_TransmitReceive                  0x080036a9   Thumb Code  1146  stm32h5xx_hal_spi.o(.text.HAL_SPI_TransmitReceive)
    HAL_SYSTICK_CLKSourceConfig              0x08003b25   Thumb Code   118  stm32h5xx_hal_cortex.o(.text.HAL_SYSTICK_CLKSourceConfig)
    HAL_SYSTICK_Config                       0x08003b9d   Thumb Code    36  stm32h5xx_hal_cortex.o(.text.HAL_SYSTICK_Config)
    HAL_SYSTICK_GetCLKSourceConfig           0x08003bc1   Thumb Code    48  stm32h5xx_hal_cortex.o(.text.HAL_SYSTICK_GetCLKSourceConfig)
    HAL_UART_Init                            0x08003bf1   Thumb Code   100  stm32h5xx_hal_uart.o(.text.HAL_UART_Init)
    HAL_UART_MspInit                         0x08003c55   Thumb Code     2  stm32h5xx_hal_uart.o(.text.HAL_UART_MspInit)
    HardFault_Handler                        0x08003c59   Thumb Code     2  stm32h5xx_it.o(.text.HardFault_Handler)
    MCP_Init                                 0x08003c5d   Thumb Code   554  mcp23s17.o(.text.MCP_Init)
    MCP_IsReady                              0x08003e89   Thumb Code    12  mcp23s17.o(.text.MCP_IsReady)
    MCP_Read                                 0x08003e95   Thumb Code    96  mcp23s17.o(.text.MCP_Read)
    MCP_Write                                0x08003ef5   Thumb Code    74  mcp23s17.o(.text.MCP_Write)
    MX_USART_Init                            0x08003f41   Thumb Code    52  stm32h5xx_nucleo.o(.text.MX_USART_Init)
    MemManage_Handler                        0x08003f75   Thumb Code     2  stm32h5xx_it.o(.text.MemManage_Handler)
    NMI_Handler                              0x08003f79   Thumb Code     2  stm32h5xx_it.o(.text.NMI_Handler)
    PendSV_Handler                           0x08003f7d   Thumb Code     2  stm32h5xx_it.o(.text.PendSV_Handler)
    SVC_Handler                              0x08004229   Thumb Code     2  stm32h5xx_it.o(.text.SVC_Handler)
    SysTick_Handler                          0x0800422d   Thumb Code     4  stm32h5xx_it.o(.text.SysTick_Handler)
    SystemClock_Config                       0x08004231   Thumb Code   208  main.o(.text.SystemClock_Config)
    SystemInit                               0x08004301   Thumb Code   174  system_stm32h5xx.o(.text.SystemInit)
    UART_AdvFeatureConfig                    0x080043b1   Thumb Code   230  stm32h5xx_hal_uart.o(.text.UART_AdvFeatureConfig)
    UART_CheckIdleState                      0x08004499   Thumb Code   362  stm32h5xx_hal_uart.o(.text.UART_CheckIdleState)
    UART_SetConfig                           0x08004605   Thumb Code   572  stm32h5xx_hal_uart.o(.text.UART_SetConfig)
    UART_WaitOnFlagUntilTimeout              0x08004841   Thumb Code   818  stm32h5xx_hal_uart.o(.text.UART_WaitOnFlagUntilTimeout)
    USB_DRD_FS_IRQHandler                    0x08004b75   Thumb Code     6  stm32h5xx_it.o(.text.USB_DRD_FS_IRQHandler)
    UsageFault_Handler                       0x08004b7d   Thumb Code     2  stm32h5xx_it.o(.text.UsageFault_Handler)
    btable_set_rx_bufsize                    0x08004b81   Thumb Code    76  fsdev_common.o(.text.btable_set_rx_bufsize)
    dcd_edpt0_status_complete                0x08004c65   Thumb Code    50  dcd_stm32_fsdev.o(.text.dcd_edpt0_status_complete)
    dcd_edpt_clear_stall                     0x08004c99   Thumb Code   150  dcd_stm32_fsdev.o(.text.dcd_edpt_clear_stall)
    dcd_edpt_close_all                       0x08004d31   Thumb Code   108  dcd_stm32_fsdev.o(.text.dcd_edpt_close_all)
    dcd_edpt_open                            0x08004d9d   Thumb Code   332  dcd_stm32_fsdev.o(.text.dcd_edpt_open)
    dcd_edpt_stall                           0x08004ee9   Thumb Code   124  dcd_stm32_fsdev.o(.text.dcd_edpt_stall)
    dcd_edpt_xfer                            0x08004f65   Thumb Code   172  dcd_stm32_fsdev.o(.text.dcd_edpt_xfer)
    dcd_edpt_xfer_fifo                       0x08005011   Thumb Code   172  dcd_stm32_fsdev.o(.text.dcd_edpt_xfer_fifo)
    dcd_event_handler                        0x08005495   Thumb Code   744  usbd.o(.text.dcd_event_handler)
    dcd_init                                 0x0800577d   Thumb Code    42  dcd_stm32_fsdev.o(.text.dcd_init)
    dcd_int_disable                          0x080057a9   Thumb Code    24  dcd_stm32_fsdev.o(.text.dcd_int_disable)
    dcd_int_enable                           0x080057c1   Thumb Code    24  dcd_stm32_fsdev.o(.text.dcd_int_enable)
    dcd_int_handler                          0x080057d9   Thumb Code   894  dcd_stm32_fsdev.o(.text.dcd_int_handler)
    dcd_set_address                          0x08005b59   Thumb Code    24  dcd_stm32_fsdev.o(.text.dcd_set_address)
    dcd_sof_enable                           0x08005b71   Thumb Code    22  dcd_stm32_fsdev.o(.text.dcd_sof_enable)
    fsdev_core_reset                         0x08005c59   Thumb Code    78  fsdev_common.o(.text.fsdev_core_reset)
    main                                     0x08005db9   Thumb Code  1402  main.o(.text.main)
    midid_control_xfer_cb                    0x08006469   Thumb Code     4  midi_device.o(.text.midid_control_xfer_cb)
    midid_deinit                             0x0800646d   Thumb Code     4  midi_device.o(.text.midid_deinit)
    midid_init                               0x08006471   Thumb Code    76  midi_device.o(.text.midid_init)
    midid_open                               0x080064bd   Thumb Code   376  midi_device.o(.text.midid_open)
    midid_reset                              0x08006635   Thumb Code    44  midi_device.o(.text.midid_reset)
    midid_xfer_cb                            0x08006661   Thumb Code   146  midi_device.o(.text.midid_xfer_cb)
    pma_align_buffer_size                    0x080066f5   Thumb Code    50  fsdev_common.o(.text.pma_align_buffer_size)
    tu_bind_driver_to_ep_itf                 0x0800694d   Thumb Code   116  tusb.o(.text.tu_bind_driver_to_ep_itf)
    tu_edpt_claim                            0x080069c1   Thumb Code    40  tusb.o(.text.tu_edpt_claim)
    tu_edpt_release                          0x080069e9   Thumb Code    28  tusb.o(.text.tu_edpt_release)
    tu_edpt_stream_init                      0x08006a05   Thumb Code    66  tusb.o(.text.tu_edpt_stream_init)
    tu_edpt_stream_read_xfer                 0x08006a49   Thumb Code   210  tusb.o(.text.tu_edpt_stream_read_xfer)
    tu_edpt_stream_write                     0x08006b1d   Thumb Code    68  tusb.o(.text.tu_edpt_stream_write)
    tu_edpt_stream_write_available           0x08006b61   Thumb Code    24  tusb.o(.text.tu_edpt_stream_write_available)
    tu_edpt_stream_write_xfer                0x08006b79   Thumb Code   190  tusb.o(.text.tu_edpt_stream_write_xfer)
    tu_edpt_stream_write_zlp_if_needed       0x08006c39   Thumb Code   128  tusb.o(.text.tu_edpt_stream_write_zlp_if_needed)
    tu_fifo_clear                            0x08006cb9   Thumb Code     8  tusb_fifo.o(.text.tu_fifo_clear)
    tu_fifo_config                           0x08006cc1   Thumb Code    30  tusb_fifo.o(.text.tu_fifo_config)
    tu_fifo_peek_n_access_mode               0x08006ce1   Thumb Code   940  tusb_fifo.o(.text.tu_fifo_peek_n_access_mode)
    tu_fifo_read_n_access_mode               0x0800708d   Thumb Code    58  tusb_fifo.o(.text.tu_fifo_read_n_access_mode)
    tu_fifo_write_n_access_mode              0x080070c9   Thumb Code  1148  tusb_fifo.o(.text.tu_fifo_write_n_access_mode)
    tu_hwfifo_read                           0x08007545   Thumb Code   172  tusb_fifo.o(.text.tu_hwfifo_read)
    tu_hwfifo_write                          0x080075f1   Thumb Code   160  tusb_fifo.o(.text.tu_hwfifo_write)
    tud_control_status                       0x08007691   Thumb Code    54  usbd_control.o(.text.tud_control_status)
    tud_control_xfer                         0x080076c9   Thumb Code   214  usbd_control.o(.text.tud_control_xfer)
    tud_descriptor_bos_cb                    0x080077a1   Thumb Code     4  usbd.o(.text.tud_descriptor_bos_cb)
    tud_descriptor_configuration_cb          0x080077a5   Thumb Code    10  usb_descriptors.o(.text.tud_descriptor_configuration_cb)
    tud_descriptor_device_cb                 0x080077b1   Thumb Code    10  usb_descriptors.o(.text.tud_descriptor_device_cb)
    tud_descriptor_device_qualifier_cb       0x080077bd   Thumb Code     4  usbd.o(.text.tud_descriptor_device_qualifier_cb)
    tud_descriptor_other_speed_configuration_cb 0x080077c1   Thumb Code     4  usbd.o(.text.tud_descriptor_other_speed_configuration_cb)
    tud_descriptor_string_cb                 0x080077c5   Thumb Code   232  usb_descriptors.o(.text.tud_descriptor_string_cb)
    tud_event_hook_cb                        0x080078ad   Thumb Code     2  usbd.o(.text.tud_event_hook_cb)
    tud_midi_n_stream_write                  0x080078b1   Thumb Code   438  midi_device.o(.text.tud_midi_n_stream_write)
    tud_midi_rx_cb                           0x08007a69   Thumb Code     2  midi_device.o(.text.tud_midi_rx_cb)
    tud_mount_cb                             0x08007a6d   Thumb Code     2  usbd.o(.text.tud_mount_cb)
    tud_mounted                              0x08007a71   Thumb Code    18  usbd.o(.text.tud_mounted)
    tud_resume_cb                            0x08007a85   Thumb Code     2  usbd.o(.text.tud_resume_cb)
    tud_rhport_init                          0x08007a89   Thumb Code   260  usbd.o(.text.tud_rhport_init)
    tud_sof_cb                               0x08007b8d   Thumb Code     2  usbd.o(.text.tud_sof_cb)
    tud_suspend_cb                           0x08007b91   Thumb Code     2  usbd.o(.text.tud_suspend_cb)
    tud_task_ext                             0x08007b95   Thumb Code  1632  usbd.o(.text.tud_task_ext)
    tud_umount_cb                            0x080081f5   Thumb Code     2  usbd.o(.text.tud_umount_cb)
    tud_vendor_control_xfer_cb               0x080081f9   Thumb Code     4  usbd.o(.text.tud_vendor_control_xfer_cb)
    tusb_rhport_init                         0x080081fd   Thumb Code   138  tusb.o(.text.tusb_rhport_init)
    usbd_app_driver_get_cb                   0x08008289   Thumb Code    10  usbd.o(.text.usbd_app_driver_get_cb)
    usbd_control_reset                       0x08008295   Thumb Code    22  usbd_control.o(.text.usbd_control_reset)
    usbd_control_set_complete_callback       0x080082ad   Thumb Code    12  usbd_control.o(.text.usbd_control_set_complete_callback)
    usbd_control_set_request                 0x080082b9   Thumb Code    24  usbd_control.o(.text.usbd_control_set_request)
    usbd_control_xfer_cb                     0x080082d1   Thumb Code   348  usbd_control.o(.text.usbd_control_xfer_cb)
    usbd_edpt_claim                          0x0800842d   Thumb Code    28  usbd.o(.text.usbd_edpt_claim)
    usbd_edpt_clear_stall                    0x08008449   Thumb Code    64  usbd.o(.text.usbd_edpt_clear_stall)
    usbd_edpt_open                           0x08008489   Thumb Code    40  usbd.o(.text.usbd_edpt_open)
    usbd_edpt_release                        0x080084b1   Thumb Code    28  usbd.o(.text.usbd_edpt_release)
    usbd_edpt_stall                          0x080084cd   Thumb Code    64  usbd.o(.text.usbd_edpt_stall)
    usbd_edpt_xfer                           0x0800850d   Thumb Code   138  usbd.o(.text.usbd_edpt_xfer)
    usbd_edpt_xfer_fifo                      0x08008599   Thumb Code   138  usbd.o(.text.usbd_edpt_xfer_fifo)
    usbd_int_set                             0x08008625   Thumb Code    24  usbd.o(.text.usbd_int_set)
    _fp_init                                 0x0800863d   Thumb Code    26  fpinit.o(x$fpl$fpinit)
    __fplib_config_fpu_vfp                   0x08008655   Thumb Code     0  fpinit.o(x$fpl$fpinit)
    __fplib_config_pureend_doubles           0x08008655   Thumb Code     0  fpinit.o(x$fpl$fpinit)
    AHBPrescTable                            0x08008658   Data          16  system_stm32h5xx.o(.rodata.AHBPrescTable)
    APBPrescTable                            0x08008668   Data           8  system_stm32h5xx.o(.rodata.APBPrescTable)
    UARTPrescTable                           0x08008670   Data          24  stm32h5xx_hal_uart.o(.rodata.UARTPrescTable)
    desc_configuration                       0x080086cc   Data         101  usb_descriptors.o(.rodata.desc_configuration)
    desc_device                              0x08008732   Data          18  usb_descriptors.o(.rodata.desc_device)
    Region$$Table$$Base                      0x08008764   Number         0  anon$$obj.o(Region$$Table)
    Region$$Table$$Limit                     0x08008784   Number         0  anon$$obj.o(Region$$Table)
    uwTickFreq                               0x20000000   Data           1  stm32h5xx_hal.o(.data..L_MergedGlobals)
    uwTickPrio                               0x20000004   Data           4  stm32h5xx_hal.o(.data..L_MergedGlobals)
    _usbd_qdef                               0x2000000c   Data          20  usbd.o(.data..L_MergedGlobals)
    COM_USART                                0x20000020   Data           4  stm32h5xx_nucleo.o(.data.COM_USART)
    SystemCoreClock                          0x20000024   Data           4  system_stm32h5xx.o(.data.SystemCoreClock)
    string_desc_arr                          0x20000030   Data          20  usb_descriptors.o(.data.string_desc_arr)
    __libspace_start                         0x20000048   Data          96  libspace.o(.bss)
    __temporary_stack_top$libspace           0x200000a8   Data           0  libspace.o(.bss)
    BspCOMInit                               0x20000164   Data          16  main.o(.bss.BspCOMInit)
    _tusb_rhport_role                        0x20000274   Data           2  tusb.o(.bss._tusb_rhport_role)
    _usbd_qdef_buf                           0x20000276   Data         192  usbd.o(.bss._usbd_qdef_buf)
    hcom_uart                                0x20000338   Data         148  stm32h5xx_nucleo.o(.bss.hcom_uart)
    hpb_exti                                 0x200003cc   Data          12  stm32h5xx_nucleo.o(.bss.hpb_exti)
    hspi1                                    0x200003d8   Data         144  main.o(.bss.hspi1)
    uwTick                                   0x2000046c   Data           4  stm32h5xx_hal.o(.bss.uwTick)



==============================================================================

Memory Map of the image

  Image Entry point : 0x08000255

  Load Region LR_IROM1 (Base: 0x08000000, Size: 0x000087d0, Max: 0x00080000, ABSOLUTE)

    Execution Region ER_IROM1 (Exec base: 0x08000000, Load base: 0x08000000, Size: 0x00008784, Max: 0x00080000, ABSOLUTE)

    Exec Addr    Load Addr    Size         Type   Attr      Idx    E Section Name        Object

    0x08000000   0x08000000   0x00000254   Data   RO            3    RESET               startup_stm32h533xx.o
    0x08000254   0x08000254   0x00000008   Code   RO         1717  * !!!main             c_w.l(__main.o)
    0x0800025c   0x0800025c   0x0000005c   Code   RO         1894    !!!scatter          c_w.l(__scatter.o)
    0x080002b8   0x080002b8   0x0000001a   Code   RO         1898    !!handler_copy      c_w.l(__scatter_copy.o)
    0x080002d2   0x080002d2   0x00000002   PAD
    0x080002d4   0x080002d4   0x00000002   Code   RO         1895    !!handler_null      c_w.l(__scatter.o)
    0x080002d6   0x080002d6   0x00000002   PAD
    0x080002d8   0x080002d8   0x0000001c   Code   RO         1900    !!handler_zi        c_w.l(__scatter_zi.o)
    0x080002f4   0x080002f4   0x00000002   Code   RO         1756    .ARM.Collect$$libinit$$00000000  c_w.l(libinit.o)
    0x080002f6   0x080002f6   0x00000004   Code   RO         1768    .ARM.Collect$$libinit$$00000001  c_w.l(libinit2.o)
    0x080002fa   0x080002fa   0x00000000   Code   RO         1771    .ARM.Collect$$libinit$$00000004  c_w.l(libinit2.o)
    0x080002fa   0x080002fa   0x00000000   Code   RO         1773    .ARM.Collect$$libinit$$00000006  c_w.l(libinit2.o)
    0x080002fa   0x080002fa   0x00000000   Code   RO         1776    .ARM.Collect$$libinit$$0000000C  c_w.l(libinit2.o)
    0x080002fa   0x080002fa   0x00000000   Code   RO         1778    .ARM.Collect$$libinit$$0000000E  c_w.l(libinit2.o)
    0x080002fa   0x080002fa   0x00000000   Code   RO         1780    .ARM.Collect$$libinit$$00000010  c_w.l(libinit2.o)
    0x080002fa   0x080002fa   0x00000000   Code   RO         1783    .ARM.Collect$$libinit$$00000013  c_w.l(libinit2.o)
    0x080002fa   0x080002fa   0x00000000   Code   RO         1785    .ARM.Collect$$libinit$$00000015  c_w.l(libinit2.o)
    0x080002fa   0x080002fa   0x00000000   Code   RO         1787    .ARM.Collect$$libinit$$00000017  c_w.l(libinit2.o)
    0x080002fa   0x080002fa   0x00000000   Code   RO         1789    .ARM.Collect$$libinit$$00000019  c_w.l(libinit2.o)
    0x080002fa   0x080002fa   0x00000000   Code   RO         1791    .ARM.Collect$$libinit$$0000001B  c_w.l(libinit2.o)
    0x080002fa   0x080002fa   0x00000000   Code   RO         1793    .ARM.Collect$$libinit$$0000001D  c_w.l(libinit2.o)
    0x080002fa   0x080002fa   0x00000000   Code   RO         1795    .ARM.Collect$$libinit$$0000001F  c_w.l(libinit2.o)
    0x080002fa   0x080002fa   0x00000000   Code   RO         1797    .ARM.Collect$$libinit$$00000021  c_w.l(libinit2.o)
    0x080002fa   0x080002fa   0x00000000   Code   RO         1799    .ARM.Collect$$libinit$$00000023  c_w.l(libinit2.o)
    0x080002fa   0x080002fa   0x00000000   Code   RO         1801    .ARM.Collect$$libinit$$00000025  c_w.l(libinit2.o)
    0x080002fa   0x080002fa   0x00000000   Code   RO         1803    .ARM.Collect$$libinit$$00000027  c_w.l(libinit2.o)
    0x080002fa   0x080002fa   0x00000000   Code   RO         1807    .ARM.Collect$$libinit$$0000002E  c_w.l(libinit2.o)
    0x080002fa   0x080002fa   0x00000000   Code   RO         1809    .ARM.Collect$$libinit$$00000030  c_w.l(libinit2.o)
    0x080002fa   0x080002fa   0x00000000   Code   RO         1811    .ARM.Collect$$libinit$$00000032  c_w.l(libinit2.o)
    0x080002fa   0x080002fa   0x00000000   Code   RO         1813    .ARM.Collect$$libinit$$00000034  c_w.l(libinit2.o)
    0x080002fa   0x080002fa   0x00000002   Code   RO         1814    .ARM.Collect$$libinit$$00000035  c_w.l(libinit2.o)
    0x080002fc   0x080002fc   0x00000002   Code   RO         1849    .ARM.Collect$$libshutdown$$00000000  c_w.l(libshutdown.o)
    0x080002fe   0x080002fe   0x00000000   Code   RO         1877    .ARM.Collect$$libshutdown$$00000002  c_w.l(libshutdown2.o)
    0x080002fe   0x080002fe   0x00000000   Code   RO         1879    .ARM.Collect$$libshutdown$$00000004  c_w.l(libshutdown2.o)
    0x080002fe   0x080002fe   0x00000000   Code   RO         1882    .ARM.Collect$$libshutdown$$00000007  c_w.l(libshutdown2.o)
    0x080002fe   0x080002fe   0x00000000   Code   RO         1885    .ARM.Collect$$libshutdown$$0000000A  c_w.l(libshutdown2.o)
    0x080002fe   0x080002fe   0x00000000   Code   RO         1887    .ARM.Collect$$libshutdown$$0000000C  c_w.l(libshutdown2.o)
    0x080002fe   0x080002fe   0x00000000   Code   RO         1890    .ARM.Collect$$libshutdown$$0000000F  c_w.l(libshutdown2.o)
    0x080002fe   0x080002fe   0x00000002   Code   RO         1891    .ARM.Collect$$libshutdown$$00000010  c_w.l(libshutdown2.o)
    0x08000300   0x08000300   0x00000000   Code   RO         1719    .ARM.Collect$$rtentry$$00000000  c_w.l(__rtentry.o)
    0x08000300   0x08000300   0x00000000   Code   RO         1727    .ARM.Collect$$rtentry$$00000002  c_w.l(__rtentry2.o)
    0x08000300   0x08000300   0x00000006   Code   RO         1739    .ARM.Collect$$rtentry$$00000004  c_w.l(__rtentry4.o)
    0x08000306   0x08000306   0x00000000   Code   RO         1729    .ARM.Collect$$rtentry$$00000009  c_w.l(__rtentry2.o)
    0x08000306   0x08000306   0x00000004   Code   RO         1730    .ARM.Collect$$rtentry$$0000000A  c_w.l(__rtentry2.o)
    0x0800030a   0x0800030a   0x00000000   Code   RO         1732    .ARM.Collect$$rtentry$$0000000C  c_w.l(__rtentry2.o)
    0x0800030a   0x0800030a   0x00000008   Code   RO         1733    .ARM.Collect$$rtentry$$0000000D  c_w.l(__rtentry2.o)
    0x08000312   0x08000312   0x00000002   Code   RO         1760    .ARM.Collect$$rtexit$$00000000  c_w.l(rtexit.o)
    0x08000314   0x08000314   0x00000000   Code   RO         1820    .ARM.Collect$$rtexit$$00000002  c_w.l(rtexit2.o)
    0x08000314   0x08000314   0x00000004   Code   RO         1821    .ARM.Collect$$rtexit$$00000003  c_w.l(rtexit2.o)
    0x08000318   0x08000318   0x00000006   Code   RO         1822    .ARM.Collect$$rtexit$$00000004  c_w.l(rtexit2.o)
    0x0800031e   0x0800031e   0x00000002   PAD
    0x08000320   0x08000320   0x00000044   Code   RO            4    .text               startup_stm32h533xx.o
    0x08000364   0x08000364   0x000000f0   Code   RO         1705    .text               c_w.l(lludivv7m.o)
    0x08000454   0x08000454   0x0000003e   Code   RO         1707    .text               c_w.l(strlen.o)
    0x08000492   0x08000492   0x0000008a   Code   RO         1709    .text               c_w.l(rt_memcpy_v6.o)
    0x0800051c   0x0800051c   0x00000044   Code   RO         1711    .text               c_w.l(rt_memclr.o)
    0x08000560   0x08000560   0x0000004e   Code   RO         1713    .text               c_w.l(rt_memclr_w.o)
    0x080005ae   0x080005ae   0x00000006   Code   RO         1715    .text               c_w.l(heapauxi.o)
    0x080005b4   0x080005b4   0x00000064   Code   RO         1724    .text               c_w.l(rt_memcpy_w.o)
    0x08000618   0x08000618   0x0000004a   Code   RO         1743    .text               c_w.l(sys_stackheap_outer.o)
    0x08000662   0x08000662   0x00000012   Code   RO         1745    .text               c_w.l(exit.o)
    0x08000674   0x08000674   0x00000008   Code   RO         1757    .text               c_w.l(libspace.o)
    0x0800067c   0x0800067c   0x0000000c   Code   RO         1815    .text               c_w.l(sys_exit.o)
    0x08000688   0x08000688   0x00000002   Code   RO         1838    .text               c_w.l(use_no_semi.o)
    0x0800068a   0x0800068a   0x00000000   Code   RO         1840    .text               c_w.l(indicate_semi.o)
    0x0800068a   0x0800068a   0x00000002   PAD
    0x0800068c   0x0800068c   0x000000a4   Code   RO          160    .text.BSP_COM_Init  stm32h5xx_nucleo.o
    0x08000730   0x08000730   0x00000002   Code   RO          158    .text.BSP_PB_Callback  stm32h5xx_nucleo.o
    0x08000732   0x08000732   0x00000002   PAD
    0x08000734   0x08000734   0x00000014   Code   RO          156    .text.BSP_PB_IRQHandler  stm32h5xx_nucleo.o
    0x08000748   0x08000748   0x00000098   Code   RO          148    .text.BSP_PB_Init   stm32h5xx_nucleo.o
    0x080007e0   0x080007e0   0x00000006   Code   RO          150    .text.BUTTON_USER_EXTI_Callback  stm32h5xx_nucleo.o
    0x080007e6   0x080007e6   0x00000002   PAD
    0x080007e8   0x080007e8   0x00000002   Code   RO           89    .text.BusFault_Handler  stm32h5xx_it.o
    0x080007ea   0x080007ea   0x00000002   PAD
    0x080007ec   0x080007ec   0x00000002   Code   RO           95    .text.DebugMon_Handler  stm32h5xx_it.o
    0x080007ee   0x080007ee   0x00000002   PAD
    0x080007f0   0x080007f0   0x00000006   Code   RO          101    .text.EXTI13_IRQHandler  stm32h5xx_it.o
    0x080007f6   0x080007f6   0x00000002   PAD
    0x080007f8   0x080007f8   0x00000006   Code   RO           69    .text.Error_Handler  main.o
    0x080007fe   0x080007fe   0x00000002   PAD
    0x08000800   0x08000800   0x00000028   Code   RO          728    .text.HAL_Delay     stm32h5xx_hal.o
    0x08000828   0x08000828   0x0000000c   Code   RO          846    .text.HAL_EXTI_GetHandle  stm32h5xx_hal_exti.o
    0x08000834   0x08000834   0x00000054   Code   RO          848    .text.HAL_EXTI_IRQHandler  stm32h5xx_hal_exti.o
    0x08000888   0x08000888   0x00000024   Code   RO          844    .text.HAL_EXTI_RegisterCallback  stm32h5xx_hal_exti.o
    0x080008ac   0x080008ac   0x00000188   Code   RO          429    .text.HAL_GPIO_Init  stm32h5xx_hal_gpio.o
    0x08000a34   0x08000a34   0x0000000c   Code   RO          435    .text.HAL_GPIO_WritePin  stm32h5xx_hal_gpio.o
    0x08000a40   0x08000a40   0x0000000c   Code   RO          720    .text.HAL_GetTick   stm32h5xx_hal.o
    0x08000a4c   0x08000a4c   0x0000001a   Code   RO          718    .text.HAL_IncTick   stm32h5xx_hal.o
    0x08000a66   0x08000a66   0x00000002   PAD
    0x08000a68   0x08000a68   0x0000004c   Code   RO          708    .text.HAL_Init      stm32h5xx_hal.o
    0x08000ab4   0x08000ab4   0x000000a8   Code   RO          710    .text.HAL_InitTick  stm32h5xx_hal.o
    0x08000b5c   0x08000b5c   0x00000002   Code   RO          112    .text.HAL_MspInit   stm32h5xx_hal_msp.o
    0x08000b5e   0x08000b5e   0x00000002   PAD
    0x08000b60   0x08000b60   0x00000022   Code   RO          186    .text.HAL_NVIC_EnableIRQ  stm32h5xx_hal_cortex.o
    0x08000b82   0x08000b82   0x00000002   PAD
    0x08000b84   0x08000b84   0x00000056   Code   RO          184    .text.HAL_NVIC_SetPriority  stm32h5xx_hal_cortex.o
    0x08000bda   0x08000bda   0x00000002   PAD
    0x08000bdc   0x08000bdc   0x00000020   Code   RO          182    .text.HAL_NVIC_SetPriorityGrouping  stm32h5xx_hal_cortex.o
    0x08000bfc   0x08000bfc   0x00000012   Code   RO          646    .text.HAL_PWREx_EnableVddUSB  stm32h5xx_hal_pwr_ex.o
    0x08000c0e   0x08000c0e   0x00000002   PAD
    0x08000c10   0x08000c10   0x0000004c   Code   RO          320    .text.HAL_RCCEx_CRSConfig  stm32h5xx_hal_rcc_ex.o
    0x08000c5c   0x08000c5c   0x000001b4   Code   RO          286    .text.HAL_RCCEx_GetPLL1ClockFreq  stm32h5xx_hal_rcc_ex.o
    0x08000e10   0x08000e10   0x000001b4   Code   RO          288    .text.HAL_RCCEx_GetPLL2ClockFreq  stm32h5xx_hal_rcc_ex.o
    0x08000fc4   0x08000fc4   0x000001b4   Code   RO          290    .text.HAL_RCCEx_GetPLL3ClockFreq  stm32h5xx_hal_rcc_ex.o
    0x08001178   0x08001178   0x00000aaa   Code   RO          292    .text.HAL_RCCEx_GetPeriphCLKFreq  stm32h5xx_hal_rcc_ex.o
    0x08001c22   0x08001c22   0x00000002   PAD
    0x08001c24   0x08001c24   0x00000a48   Code   RO          278    .text.HAL_RCCEx_PeriphCLKConfig  stm32h5xx_hal_rcc_ex.o
    0x0800266c   0x0800266c   0x0000025e   Code   RO          242    .text.HAL_RCC_ClockConfig  stm32h5xx_hal_rcc.o
    0x080028ca   0x080028ca   0x00000002   PAD
    0x080028cc   0x080028cc   0x00000030   Code   RO          240    .text.HAL_RCC_GetHCLKFreq  stm32h5xx_hal_rcc.o
    0x080028fc   0x080028fc   0x00000046   Code   RO          248    .text.HAL_RCC_GetPCLK1Freq  stm32h5xx_hal_rcc.o
    0x08002942   0x08002942   0x00000002   PAD
    0x08002944   0x08002944   0x00000046   Code   RO          250    .text.HAL_RCC_GetPCLK2Freq  stm32h5xx_hal_rcc.o
    0x0800298a   0x0800298a   0x00000002   PAD
    0x0800298c   0x0800298c   0x00000046   Code   RO          252    .text.HAL_RCC_GetPCLK3Freq  stm32h5xx_hal_rcc.o
    0x080029d2   0x080029d2   0x00000002   PAD
    0x080029d4   0x080029d4   0x0000012c   Code   RO          244    .text.HAL_RCC_GetSysClockFreq  stm32h5xx_hal_rcc.o
    0x08002b00   0x08002b00   0x00000642   Code   RO          238    .text.HAL_RCC_OscConfig  stm32h5xx_hal_rcc.o
    0x08003142   0x08003142   0x00000002   PAD
    0x08003144   0x08003144   0x000001e4   Code   RO          868    .text.HAL_SPI_Init  stm32h5xx_hal_spi.o
    0x08003328   0x08003328   0x00000094   Code   RO          114    .text.HAL_SPI_MspInit  stm32h5xx_hal_msp.o
    0x080033bc   0x080033bc   0x000002ec   Code   RO          876    .text.HAL_SPI_Transmit  stm32h5xx_hal_spi.o
    0x080036a8   0x080036a8   0x0000047a   Code   RO          882    .text.HAL_SPI_TransmitReceive  stm32h5xx_hal_spi.o
    0x08003b22   0x08003b22   0x00000002   PAD
    0x08003b24   0x08003b24   0x00000076   Code   RO          208    .text.HAL_SYSTICK_CLKSourceConfig  stm32h5xx_hal_cortex.o
    0x08003b9a   0x08003b9a   0x00000002   PAD
    0x08003b9c   0x08003b9c   0x00000024   Code   RO          206    .text.HAL_SYSTICK_Config  stm32h5xx_hal_cortex.o
    0x08003bc0   0x08003bc0   0x00000030   Code   RO          210    .text.HAL_SYSTICK_GetCLKSourceConfig  stm32h5xx_hal_cortex.o
    0x08003bf0   0x08003bf0   0x00000064   Code   RO         1197    .text.HAL_UART_Init  stm32h5xx_hal_uart.o
    0x08003c54   0x08003c54   0x00000002   Code   RO         1199    .text.HAL_UART_MspInit  stm32h5xx_hal_uart.o
    0x08003c56   0x08003c56   0x00000002   PAD
    0x08003c58   0x08003c58   0x00000002   Code   RO           85    .text.HardFault_Handler  stm32h5xx_it.o
    0x08003c5a   0x08003c5a   0x00000002   PAD
    0x08003c5c   0x08003c5c   0x0000022a   Code   RO           46    .text.MCP_Init      mcp23s17.o
    0x08003e86   0x08003e86   0x00000002   PAD
    0x08003e88   0x08003e88   0x0000000c   Code   RO           50    .text.MCP_IsReady   mcp23s17.o
    0x08003e94   0x08003e94   0x00000060   Code   RO           44    .text.MCP_Read      mcp23s17.o
    0x08003ef4   0x08003ef4   0x0000004a   Code   RO           42    .text.MCP_Write     mcp23s17.o
    0x08003f3e   0x08003f3e   0x00000002   PAD
    0x08003f40   0x08003f40   0x00000034   Code   RO          162    .text.MX_USART_Init  stm32h5xx_nucleo.o
    0x08003f74   0x08003f74   0x00000002   Code   RO           87    .text.MemManage_Handler  stm32h5xx_it.o
    0x08003f76   0x08003f76   0x00000002   PAD
    0x08003f78   0x08003f78   0x00000002   Code   RO           83    .text.NMI_Handler   stm32h5xx_it.o
    0x08003f7a   0x08003f7a   0x00000002   PAD
    0x08003f7c   0x08003f7c   0x00000002   Code   RO           97    .text.PendSV_Handler  stm32h5xx_it.o
    0x08003f7e   0x08003f7e   0x00000002   PAD
    0x08003f80   0x08003f80   0x000000ea   Code   RO          280    .text.RCCEx_PLL2_Config  stm32h5xx_hal_rcc_ex.o
    0x0800406a   0x0800406a   0x00000002   PAD
    0x0800406c   0x0800406c   0x000000ea   Code   RO          282    .text.RCCEx_PLL3_Config  stm32h5xx_hal_rcc_ex.o
    0x08004156   0x08004156   0x00000002   PAD
    0x08004158   0x08004158   0x000000d0   Code   RO          878    .text.SPI_CloseTransfer  stm32h5xx_hal_spi.o
    0x08004228   0x08004228   0x00000002   Code   RO           93    .text.SVC_Handler   stm32h5xx_it.o
    0x0800422a   0x0800422a   0x00000002   PAD
    0x0800422c   0x0800422c   0x00000004   Code   RO           99    .text.SysTick_Handler  stm32h5xx_it.o
    0x08004230   0x08004230   0x000000d0   Code   RO           67    .text.SystemClock_Config  main.o
    0x08004300   0x08004300   0x000000ae   Code   RO         1340    .text.SystemInit    system_stm32h5xx.o
    0x080043ae   0x080043ae   0x00000002   PAD
    0x080043b0   0x080043b0   0x000000e6   Code   RO         1201    .text.UART_AdvFeatureConfig  stm32h5xx_hal_uart.o
    0x08004496   0x08004496   0x00000002   PAD
    0x08004498   0x08004498   0x0000016a   Code   RO         1205    .text.UART_CheckIdleState  stm32h5xx_hal_uart.o
    0x08004602   0x08004602   0x00000002   PAD
    0x08004604   0x08004604   0x0000023c   Code   RO         1203    .text.UART_SetConfig  stm32h5xx_hal_uart.o
    0x08004840   0x08004840   0x00000332   Code   RO         1219    .text.UART_WaitOnFlagUntilTimeout  stm32h5xx_hal_uart.o
    0x08004b72   0x08004b72   0x00000002   PAD
    0x08004b74   0x08004b74   0x00000006   Code   RO          103    .text.USB_DRD_FS_IRQHandler  stm32h5xx_it.o
    0x08004b7a   0x08004b7a   0x00000002   PAD
    0x08004b7c   0x08004b7c   0x00000002   Code   RO           91    .text.UsageFault_Handler  stm32h5xx_it.o
    0x08004b7e   0x08004b7e   0x00000002   PAD
    0x08004b80   0x08004b80   0x0000004c   Code   RO         1694    .text.btable_set_rx_bufsize  fsdev_common.o
    0x08004bcc   0x08004bcc   0x00000098   Code   RO         1508    .text.configuration_reset  usbd.o
    0x08004c64   0x08004c64   0x00000032   Code   RO         1651    .text.dcd_edpt0_status_complete  dcd_stm32_fsdev.o
    0x08004c96   0x08004c96   0x00000002   PAD
    0x08004c98   0x08004c98   0x00000096   Code   RO         1671    .text.dcd_edpt_clear_stall  dcd_stm32_fsdev.o
    0x08004d2e   0x08004d2e   0x00000002   PAD
    0x08004d30   0x08004d30   0x0000006c   Code   RO         1657    .text.dcd_edpt_close_all  dcd_stm32_fsdev.o
    0x08004d9c   0x08004d9c   0x0000014c   Code   RO         1653    .text.dcd_edpt_open  dcd_stm32_fsdev.o
    0x08004ee8   0x08004ee8   0x0000007c   Code   RO         1669    .text.dcd_edpt_stall  dcd_stm32_fsdev.o
    0x08004f64   0x08004f64   0x000000ac   Code   RO         1645    .text.dcd_edpt_xfer  dcd_stm32_fsdev.o
    0x08005010   0x08005010   0x000000ac   Code   RO         1667    .text.dcd_edpt_xfer_fifo  dcd_stm32_fsdev.o
    0x080050bc   0x080050bc   0x000003d6   Code   RO         1655    .text.dcd_ep_alloc  dcd_stm32_fsdev.o
    0x08005492   0x08005492   0x00000002   PAD
    0x08005494   0x08005494   0x000002e8   Code   RO         1474    .text.dcd_event_handler  usbd.o
    0x0800577c   0x0800577c   0x0000002a   Code   RO         1633    .text.dcd_init      dcd_stm32_fsdev.o
    0x080057a6   0x080057a6   0x00000002   PAD
    0x080057a8   0x080057a8   0x00000018   Code   RO         1659    .text.dcd_int_disable  dcd_stm32_fsdev.o
    0x080057c0   0x080057c0   0x00000018   Code   RO         1661    .text.dcd_int_enable  dcd_stm32_fsdev.o
    0x080057d8   0x080057d8   0x0000037e   Code   RO         1649    .text.dcd_int_handler  dcd_stm32_fsdev.o
    0x08005b56   0x08005b56   0x00000002   PAD
    0x08005b58   0x08005b58   0x00000018   Code   RO         1643    .text.dcd_set_address  dcd_stm32_fsdev.o
    0x08005b70   0x08005b70   0x00000016   Code   RO         1641    .text.dcd_sof_enable  dcd_stm32_fsdev.o
    0x08005b86   0x08005b86   0x00000002   PAD
    0x08005b88   0x08005b88   0x000000ce   Code   RO         1675    .text.dcd_transmit_packet  dcd_stm32_fsdev.o
    0x08005c56   0x08005c56   0x00000002   PAD
    0x08005c58   0x08005c58   0x0000004e   Code   RO         1688    .text.fsdev_core_reset  fsdev_common.o
    0x08005ca6   0x08005ca6   0x00000002   PAD
    0x08005ca8   0x08005ca8   0x00000110   Code   RO         1635    .text.handle_bus_reset  dcd_stm32_fsdev.o
    0x08005db8   0x08005db8   0x0000057a   Code   RO           65    .text.main          main.o
    0x08006332   0x08006332   0x00000002   PAD
    0x08006334   0x08006334   0x00000132   Code   RO           48    .text.mcp_probe_cs  mcp23s17.o
    0x08006466   0x08006466   0x00000002   PAD
    0x08006468   0x08006468   0x00000004   Code   RO         1576    .text.midid_control_xfer_cb  midi_device.o
    0x0800646c   0x0800646c   0x00000004   Code   RO         1570    .text.midid_deinit  midi_device.o
    0x08006470   0x08006470   0x0000004c   Code   RO         1568    .text.midid_init    midi_device.o
    0x080064bc   0x080064bc   0x00000178   Code   RO         1574    .text.midid_open    midi_device.o
    0x08006634   0x08006634   0x0000002c   Code   RO         1572    .text.midid_reset   midi_device.o
    0x08006660   0x08006660   0x00000092   Code   RO         1578    .text.midid_xfer_cb  midi_device.o
    0x080066f2   0x080066f2   0x00000002   PAD
    0x080066f4   0x080066f4   0x00000032   Code   RO         1692    .text.pma_align_buffer_size  fsdev_common.o
    0x08006726   0x08006726   0x00000002   PAD
    0x08006728   0x08006728   0x000000c4   Code   RO         1512    .text.process_get_descriptor  usbd.o
    0x080067ec   0x080067ec   0x00000160   Code   RO         1510    .text.process_set_config  usbd.o
    0x0800694c   0x0800694c   0x00000074   Code   RO         1379    .text.tu_bind_driver_to_ep_itf  tusb.o
    0x080069c0   0x080069c0   0x00000028   Code   RO         1375    .text.tu_edpt_claim  tusb.o
    0x080069e8   0x080069e8   0x0000001c   Code   RO         1377    .text.tu_edpt_release  tusb.o
    0x08006a04   0x08006a04   0x00000042   Code   RO         1381    .text.tu_edpt_stream_init  tusb.o
    0x08006a46   0x08006a46   0x00000002   PAD
    0x08006a48   0x08006a48   0x000000d2   Code   RO         1391    .text.tu_edpt_stream_read_xfer  tusb.o
    0x08006b1a   0x08006b1a   0x00000002   PAD
    0x08006b1c   0x08006b1c   0x00000044   Code   RO         1387    .text.tu_edpt_stream_write  tusb.o
    0x08006b60   0x08006b60   0x00000018   Code   RO         1389    .text.tu_edpt_stream_write_available  tusb.o
    0x08006b78   0x08006b78   0x000000be   Code   RO         1385    .text.tu_edpt_stream_write_xfer  tusb.o
    0x08006c36   0x08006c36   0x00000002   PAD
    0x08006c38   0x08006c38   0x00000080   Code   RO         1383    .text.tu_edpt_stream_write_zlp_if_needed  tusb.o
    0x08006cb8   0x08006cb8   0x00000008   Code   RO         1591    .text.tu_fifo_clear  tusb_fifo.o
    0x08006cc0   0x08006cc0   0x0000001e   Code   RO         1589    .text.tu_fifo_config  tusb_fifo.o
    0x08006cde   0x08006cde   0x00000002   PAD
    0x08006ce0   0x08006ce0   0x000003ac   Code   RO         1599    .text.tu_fifo_peek_n_access_mode  tusb_fifo.o
    0x0800708c   0x0800708c   0x0000003a   Code   RO         1603    .text.tu_fifo_read_n_access_mode  tusb_fifo.o
    0x080070c6   0x080070c6   0x00000002   PAD
    0x080070c8   0x080070c8   0x0000047c   Code   RO         1605    .text.tu_fifo_write_n_access_mode  tusb_fifo.o
    0x08007544   0x08007544   0x000000ac   Code   RO         1597    .text.tu_hwfifo_read  tusb_fifo.o
    0x080075f0   0x080075f0   0x000000a0   Code   RO         1595    .text.tu_hwfifo_write  tusb_fifo.o
    0x08007690   0x08007690   0x00000036   Code   RO         1529    .text.tud_control_status  usbd_control.o
    0x080076c6   0x080076c6   0x00000002   PAD
    0x080076c8   0x080076c8   0x000000d6   Code   RO         1531    .text.tud_control_xfer  usbd_control.o
    0x0800779e   0x0800779e   0x00000002   PAD
    0x080077a0   0x080077a0   0x00000004   Code   RO         1408    .text.tud_descriptor_bos_cb  usbd.o
    0x080077a4   0x080077a4   0x0000000a   Code   RO           13    .text.tud_descriptor_configuration_cb  usb_descriptors.o
    0x080077ae   0x080077ae   0x00000002   PAD
    0x080077b0   0x080077b0   0x0000000a   Code   RO           11    .text.tud_descriptor_device_cb  usb_descriptors.o
    0x080077ba   0x080077ba   0x00000002   PAD
    0x080077bc   0x080077bc   0x00000004   Code   RO         1410    .text.tud_descriptor_device_qualifier_cb  usbd.o
    0x080077c0   0x080077c0   0x00000004   Code   RO         1412    .text.tud_descriptor_other_speed_configuration_cb  usbd.o
    0x080077c4   0x080077c4   0x000000e8   Code   RO           15    .text.tud_descriptor_string_cb  usb_descriptors.o
    0x080078ac   0x080078ac   0x00000002   Code   RO         1404    .text.tud_event_hook_cb  usbd.o
    0x080078ae   0x080078ae   0x00000002   PAD
    0x080078b0   0x080078b0   0x000001b6   Code   RO         1562    .text.tud_midi_n_stream_write  midi_device.o
    0x08007a66   0x08007a66   0x00000002   PAD
    0x08007a68   0x08007a68   0x00000002   Code   RO         1550    .text.tud_midi_rx_cb  midi_device.o
    0x08007a6a   0x08007a6a   0x00000002   PAD
    0x08007a6c   0x08007a6c   0x00000002   Code   RO         1414    .text.tud_mount_cb  usbd.o
    0x08007a6e   0x08007a6e   0x00000002   PAD
    0x08007a70   0x08007a70   0x00000012   Code   RO         1448    .text.tud_mounted   usbd.o
    0x08007a82   0x08007a82   0x00000002   PAD
    0x08007a84   0x08007a84   0x00000002   Code   RO         1420    .text.tud_resume_cb  usbd.o
    0x08007a86   0x08007a86   0x00000002   PAD
    0x08007a88   0x08007a88   0x00000104   Code   RO         1466    .text.tud_rhport_init  usbd.o
    0x08007b8c   0x08007b8c   0x00000002   Code   RO         1406    .text.tud_sof_cb    usbd.o
    0x08007b8e   0x08007b8e   0x00000002   PAD
    0x08007b90   0x08007b90   0x00000002   Code   RO         1418    .text.tud_suspend_cb  usbd.o
    0x08007b92   0x08007b92   0x00000002   PAD
    0x08007b94   0x08007b94   0x00000660   Code   RO         1472    .text.tud_task_ext  usbd.o
    0x080081f4   0x080081f4   0x00000002   Code   RO         1416    .text.tud_umount_cb  usbd.o
    0x080081f6   0x080081f6   0x00000002   PAD
    0x080081f8   0x080081f8   0x00000004   Code   RO         1422    .text.tud_vendor_control_xfer_cb  usbd.o
    0x080081fc   0x080081fc   0x0000008a   Code   RO         1361    .text.tusb_rhport_init  tusb.o
    0x08008286   0x08008286   0x00000002   PAD
    0x08008288   0x08008288   0x0000000a   Code   RO         1438    .text.usbd_app_driver_get_cb  usbd.o
    0x08008292   0x08008292   0x00000002   PAD
    0x08008294   0x08008294   0x00000016   Code   RO         1533    .text.usbd_control_reset  usbd_control.o
    0x080082aa   0x080082aa   0x00000002   PAD
    0x080082ac   0x080082ac   0x0000000c   Code   RO         1535    .text.usbd_control_set_complete_callback  usbd_control.o
    0x080082b8   0x080082b8   0x00000018   Code   RO         1537    .text.usbd_control_set_request  usbd_control.o
    0x080082d0   0x080082d0   0x0000015c   Code   RO         1539    .text.usbd_control_xfer_cb  usbd_control.o
    0x0800842c   0x0800842c   0x0000001c   Code   RO         1486    .text.usbd_edpt_claim  usbd.o
    0x08008448   0x08008448   0x00000040   Code   RO         1498    .text.usbd_edpt_clear_stall  usbd.o
    0x08008488   0x08008488   0x00000028   Code   RO         1482    .text.usbd_edpt_open  usbd.o
    0x080084b0   0x080084b0   0x0000001c   Code   RO         1488    .text.usbd_edpt_release  usbd.o
    0x080084cc   0x080084cc   0x00000040   Code   RO         1496    .text.usbd_edpt_stall  usbd.o
    0x0800850c   0x0800850c   0x0000008a   Code   RO         1490    .text.usbd_edpt_xfer  usbd.o
    0x08008596   0x08008596   0x00000002   PAD
    0x08008598   0x08008598   0x0000008a   Code   RO         1492    .text.usbd_edpt_xfer_fifo  usbd.o
    0x08008622   0x08008622   0x00000002   PAD
    0x08008624   0x08008624   0x00000018   Code   RO         1436    .text.usbd_int_set  usbd.o
    0x0800863c   0x0800863c   0x0000001a   Code   RO         1832    x$fpl$fpinit        fz_wm.l(fpinit.o)
    0x08008656   0x08008656   0x00000002   Data   RO           19    .rodata..compoundliteral  usb_descriptors.o
    0x08008658   0x08008658   0x00000010   Data   RO         1345    .rodata.AHBPrescTable  system_stm32h5xx.o
    0x08008668   0x08008668   0x00000008   Data   RO         1346    .rodata.APBPrescTable  system_stm32h5xx.o
    0x08008670   0x08008670   0x00000018   Data   RO         1331    .rodata.UARTPrescTable  stm32h5xx_hal_uart.o
    0x08008688   0x08008688   0x00000024   Data   RO         1516    .rodata._usbd_driver  usbd.o
    0x080086ac   0x080086ac   0x00000020   Data   RO           55    .rodata.cst32       mcp23s17.o
    0x080086cc   0x080086cc   0x00000065   Data   RO           18    .rodata.desc_configuration  usb_descriptors.o
    0x08008731   0x08008731   0x00000001   PAD
    0x08008732   0x08008732   0x00000012   Data   RO           17    .rodata.desc_device  usb_descriptors.o
    0x08008744   0x08008744   0x00000020   Data   RO           20    .rodata.str1.1      usb_descriptors.o
    0x08008764   0x08008764   0x00000020   Data   RO         1893    Region$$Table       anon$$obj.o


    Execution Region RW_IRAM1 (Exec base: 0x20000000, Load base: 0x08008788, Size: 0x00000b70, Max: 0x00044000, ABSOLUTE)

    Exec Addr    Load Addr    Size         Type   Attr      Idx    E Section Name        Object

    0x20000000   0x08008788   0x00000008   Data   RW          829    .data..L_MergedGlobals  stm32h5xx_hal.o
    0x20000008   0x08008790   0x00000018   Data   RW         1517    .data..L_MergedGlobals  usbd.o
    0x20000020   0x080087a8   0x00000004   Data   RW          170    .data.COM_USART     stm32h5xx_nucleo.o
    0x20000024   0x080087ac   0x00000004   Data   RW         1344    .data.SystemCoreClock  system_stm32h5xx.o
    0x20000028   0x080087b0   0x00000008   Data   RW           54    .data.s_active_cs   mcp23s17.o
    0x20000030   0x080087b8   0x00000014   Data   RW           21    .data.string_desc_arr  usb_descriptors.o
    0x20000044   0x080087cc   0x00000004   PAD
    0x20000048        -       0x00000060   Zero   RW         1758    .bss                c_w.l(libspace.o)
    0x200000a8        -       0x00000054   Zero   RW         1541    .bss..L_MergedGlobals  usbd_control.o
    0x200000fc        -       0x00000022   Zero   RW         1679    .bss..L_MergedGlobals  dcd_stm32_fsdev.o
    0x2000011e   0x080087cc   0x00000002   PAD
    0x20000120        -       0x00000043   Zero   RW         1518    .bss..L_MergedGlobals.1  usbd.o
    0x20000163   0x080087cc   0x00000001   PAD
    0x20000164        -       0x00000010   Zero   RW           71    .bss.BspCOMInit     main.o
    0x20000174        -       0x00000040   Zero   RW           22    .bss._desc_str      usb_descriptors.o
    0x200001b4        -       0x000000c0   Zero   RW         1580    .bss._midid_itf     midi_device.o
    0x20000274        -       0x00000002   Zero   RW         1395    .bss._tusb_rhport_role  tusb.o
    0x20000276        -       0x000000c0   Zero   RW         1514    .bss._usbd_qdef_buf  usbd.o
    0x20000336   0x080087cc   0x00000002   PAD
    0x20000338        -       0x00000094   Zero   RW          172    .bss.hcom_uart      stm32h5xx_nucleo.o
    0x200003cc        -       0x0000000c   Zero   RW          171    .bss.hpb_exti       stm32h5xx_nucleo.o
    0x200003d8        -       0x00000090   Zero   RW           72    .bss.hspi1          main.o
    0x20000468        -       0x00000001   Zero   RW         1677    .bss.remoteWakeCountdown  dcd_stm32_fsdev.o
    0x20000469        -       0x00000001   Zero   RW           56    .bss.s_mcp_ready    mcp23s17.o
    0x2000046a   0x080087cc   0x00000002   PAD
    0x2000046c        -       0x00000004   Zero   RW          828    .bss.uwTick         stm32h5xx_hal.o
    0x20000470        -       0x00000100   Zero   RW         1678    .bss.xfer_status    dcd_stm32_fsdev.o
    0x20000570        -       0x00000200   Zero   RW            2    HEAP                startup_stm32h533xx.o
    0x20000770        -       0x00000400   Zero   RW            1    STACK               startup_stm32h533xx.o


==============================================================================

Image component sizes


      Code (inc. data)   RO Data    RW Data    ZI Data      Debug   Object Name

      3598          0          0          0        291      32672   dcd_stm32_fsdev.o
       204          0          0          0          0       2687   fsdev_common.o
      1616          0          0          0        160      22220   main.o
      1042          0         32          8          1      10597   mcp23s17.o
      1090          0          0          0        192      16732   midi_device.o
        68         28        596          0       1536        948   startup_stm32h533xx.o
       322          0          0          8          4      14396   stm32h5xx_hal.o
       354          6          0          0          0      14078   stm32h5xx_hal_cortex.o
       132          0          0          0          0       7104   stm32h5xx_hal_exti.o
       404          0          0          0          0       5223   stm32h5xx_hal_gpio.o
       150          0          0          0          0      11275   stm32h5xx_hal_msp.o
        18          0          0          0          0       7389   stm32h5xx_hal_pwr_ex.o
      2766         16          0          0          0      12732   stm32h5xx_hal_rcc.o
      7214        336          0          0          0      23360   stm32h5xx_hal_rcc_ex.o
      2586          0          0          0          0      25035   stm32h5xx_hal_spi.o
      2084          0         24          0          0      39130   stm32h5xx_hal_uart.o
        32          0          0          0          0       1780   stm32h5xx_it.o
       396          0          0          4        160      15563   stm32h5xx_nucleo.o
       174          0         24          4          0       5883   system_stm32h5xx.o
      1008          0          0          0          2      14246   tusb.o
      2516          0          0          0          0      29735   tusb_fifo.o
       252          0        153         20         64       3149   usb_descriptors.o
      3916         46         36         24        259      33921   usbd.o
       674          0          0          0         84       5942   usbd_control.o

    ----------------------------------------------------------------------
     32756        432        898         68       2764     355797   Object Totals
         0          0         32          0          0          0   (incl. Generated)
       140          0          1          0         11          0   (incl. Padding)

    ----------------------------------------------------------------------

      Code (inc. data)   RO Data    RW Data    ZI Data      Debug   Library Member Name

         8          0          0          0          0         68   __main.o
         0          0          0          0          0          0   __rtentry.o
        12          0          0          0          0          0   __rtentry2.o
         6          0          0          0          0          0   __rtentry4.o
        94          8          0          0          0          0   __scatter.o
        26          0          0          0          0          0   __scatter_copy.o
        28          0          0          0          0          0   __scatter_zi.o
        18          0          0          0          0         80   exit.o
         6          0          0          0          0        152   heapauxi.o
         0          0          0          0          0          0   indicate_semi.o
         2          0          0          0          0          0   libinit.o
         6          0          0          0          0          0   libinit2.o
         2          0          0          0          0          0   libshutdown.o
         2          0          0          0          0          0   libshutdown2.o
         8          4          0          0         96         68   libspace.o
       240          0          0          0          0        100   lludivv7m.o
        68          0          0          0          0         68   rt_memclr.o
        78          0          0          0          0         80   rt_memclr_w.o
       138          0          0          0          0         68   rt_memcpy_v6.o
       100          0          0          0          0         80   rt_memcpy_w.o
         2          0          0          0          0          0   rtexit.o
        10          0          0          0          0          0   rtexit2.o
        62          0          0          0          0         76   strlen.o
        12          4          0          0          0         68   sys_exit.o
        74          0          0          0          0         80   sys_stackheap_outer.o
         2          0          0          0          0         68   use_no_semi.o
        26          0          0          0          0        116   fpinit.o

    ----------------------------------------------------------------------
      1038         16          0          0         96       1172   Library Totals
         8          0          0          0          0          0   (incl. Padding)

    ----------------------------------------------------------------------

      Code (inc. data)   RO Data    RW Data    ZI Data      Debug   Library Name

      1004         16          0          0         96       1056   c_w.l
        26          0          0          0          0        116   fz_wm.l

    ----------------------------------------------------------------------
      1038         16          0          0         96       1172   Library Totals

    ----------------------------------------------------------------------

==============================================================================


      Code (inc. data)   RO Data    RW Data    ZI Data      Debug   

     33794        448        898         68       2860     356129   Grand Totals
     33794        448        898         68       2860     356129   ELF Image Totals
     33794        448        898         68          0          0   ROM Totals

==============================================================================

    Total RO  Size (Code + RO Data)                34692 (  33.88kB)
    Total RW  Size (RW Data + ZI Data)              2928 (   2.86kB)
    Total ROM Size (Code + RO Data + RW Data)      34760 (  33.95kB)

==============================================================================

