Component: Arm Compiler for Embedded 6.22 Tool: armlink [5ee90200]

==============================================================================

Section Cross References

    startup_stm32h533xx.o(STACK) refers (Special) to heapauxi.o(.text) for __use_two_region_memory
    startup_stm32h533xx.o(HEAP) refers (Special) to heapauxi.o(.text) for __use_two_region_memory
    startup_stm32h533xx.o(RESET) refers (Special) to heapauxi.o(.text) for __use_two_region_memory
    startup_stm32h533xx.o(RESET) refers to startup_stm32h533xx.o(STACK) for __initial_sp
    startup_stm32h533xx.o(RESET) refers to startup_stm32h533xx.o(.text) for Reset_Handler
    startup_stm32h533xx.o(RESET) refers to stm32h5xx_it.o(.text.NMI_Handler) for NMI_Handler
    startup_stm32h533xx.o(RESET) refers to stm32h5xx_it.o(.text.HardFault_Handler) for HardFault_Handler
    startup_stm32h533xx.o(RESET) refers to stm32h5xx_it.o(.text.MemManage_Handler) for MemManage_Handler
    startup_stm32h533xx.o(RESET) refers to stm32h5xx_it.o(.text.BusFault_Handler) for BusFault_Handler
    startup_stm32h533xx.o(RESET) refers to stm32h5xx_it.o(.text.UsageFault_Handler) for UsageFault_Handler
    startup_stm32h533xx.o(RESET) refers to stm32h5xx_it.o(.text.SVC_Handler) for SVC_Handler
    startup_stm32h533xx.o(RESET) refers to stm32h5xx_it.o(.text.DebugMon_Handler) for DebugMon_Handler
    startup_stm32h533xx.o(RESET) refers to stm32h5xx_it.o(.text.PendSV_Handler) for PendSV_Handler
    startup_stm32h533xx.o(RESET) refers to stm32h5xx_it.o(.text.SysTick_Handler) for SysTick_Handler
    startup_stm32h533xx.o(RESET) refers to stm32h5xx_it.o(.text.EXTI13_IRQHandler) for EXTI13_IRQHandler
    startup_stm32h533xx.o(RESET) refers to stm32h5xx_it.o(.text.USB_DRD_FS_IRQHandler) for USB_DRD_FS_IRQHandler
    startup_stm32h533xx.o(.text) refers (Special) to heapauxi.o(.text) for __use_two_region_memory
    startup_stm32h533xx.o(.text) refers to system_stm32h5xx.o(.text.SystemInit) for SystemInit
    startup_stm32h533xx.o(.text) refers to __main.o(!!!main) for __main
    startup_stm32h533xx.o(.text) refers to startup_stm32h533xx.o(HEAP) for Heap_Mem
    startup_stm32h533xx.o(.text) refers to startup_stm32h533xx.o(STACK) for Stack_Mem
    usb_descriptors.o(.text.tud_descriptor_device_cb) refers to usb_descriptors.o(.rodata.desc_device) for desc_device
    usb_descriptors.o(.ARM.exidx.text.tud_descriptor_device_cb) refers to usb_descriptors.o(.text.tud_descriptor_device_cb) for [Anonymous Symbol]
    usb_descriptors.o(.text.tud_descriptor_configuration_cb) refers to usb_descriptors.o(.rodata.desc_configuration) for desc_configuration
    usb_descriptors.o(.ARM.exidx.text.tud_descriptor_configuration_cb) refers to usb_descriptors.o(.text.tud_descriptor_configuration_cb) for [Anonymous Symbol]
    usb_descriptors.o(.text.tud_descriptor_string_cb) refers to usb_descriptors.o(.data.string_desc_arr) for string_desc_arr
    usb_descriptors.o(.text.tud_descriptor_string_cb) refers to strlen.o(.text) for strlen
    usb_descriptors.o(.text.tud_descriptor_string_cb) refers to usb_descriptors.o(.bss._desc_str) for _desc_str
    usb_descriptors.o(.ARM.exidx.text.tud_descriptor_string_cb) refers to usb_descriptors.o(.text.tud_descriptor_string_cb) for [Anonymous Symbol]
    usb_descriptors.o(.data.string_desc_arr) refers to usb_descriptors.o(.rodata..compoundliteral) for [Anonymous Symbol]
    usb_descriptors.o(.data.string_desc_arr) refers to usb_descriptors.o(.rodata.str1.1) for [Anonymous Symbol]
    tusb_port.o(.text.board_millis) refers to stm32h5xx_hal.o(.text.HAL_GetTick) for HAL_GetTick
    tusb_port.o(.ARM.exidx.text.board_millis) refers to tusb_port.o(.text.board_millis) for [Anonymous Symbol]
    tusb_port.o(.text.tusb_time_millis_api) refers to stm32h5xx_hal.o(.text.HAL_GetTick) for HAL_GetTick
    tusb_port.o(.ARM.exidx.text.tusb_time_millis_api) refers to tusb_port.o(.text.tusb_time_millis_api) for [Anonymous Symbol]
    mcp23s17.o(.text.MCP_Write) refers to mcp23s17.o(.data.s_active_cs) for s_active_cs
    mcp23s17.o(.text.MCP_Write) refers to stm32h5xx_hal_gpio.o(.text.HAL_GPIO_WritePin) for HAL_GPIO_WritePin
    mcp23s17.o(.text.MCP_Write) refers to main.o(.bss.hspi1) for hspi1
    mcp23s17.o(.text.MCP_Write) refers to stm32h5xx_hal_spi.o(.text.HAL_SPI_Transmit) for HAL_SPI_Transmit
    mcp23s17.o(.ARM.exidx.text.MCP_Write) refers to mcp23s17.o(.text.MCP_Write) for [Anonymous Symbol]
    mcp23s17.o(.text.MCP_Read) refers to mcp23s17.o(.data.s_active_cs) for s_active_cs
    mcp23s17.o(.text.MCP_Read) refers to stm32h5xx_hal_gpio.o(.text.HAL_GPIO_WritePin) for HAL_GPIO_WritePin
    mcp23s17.o(.text.MCP_Read) refers to main.o(.bss.hspi1) for hspi1
    mcp23s17.o(.text.MCP_Read) refers to stm32h5xx_hal_spi.o(.text.HAL_SPI_TransmitReceive) for HAL_SPI_TransmitReceive
    mcp23s17.o(.ARM.exidx.text.MCP_Read) refers to mcp23s17.o(.text.MCP_Read) for [Anonymous Symbol]
    mcp23s17.o(.text.MCP_Init) refers to mcp23s17.o(.bss.s_mcp_ready) for s_mcp_ready
[...]
    .text                                    0x08000320   Section       68  startup_stm32h533xx.o(.text)
    .text                                    0x08000364   Section        0  strlen.o(.text)
    .text                                    0x080003a2   Section      138  rt_memcpy_v6.o(.text)
    .text                                    0x0800042c   Section       68  rt_memclr.o(.text)
    .text                                    0x08000470   Section       78  rt_memclr_w.o(.text)
    .text                                    0x080004be   Section        0  heapauxi.o(.text)
    .text                                    0x080004c4   Section      100  rt_memcpy_w.o(.text)
    .text                                    0x08000528   Section       74  sys_stackheap_outer.o(.text)
    .text                                    0x08000572   Section        0  exit.o(.text)
    .text                                    0x08000584   Section        8  libspace.o(.text)
    .text                                    0x0800058c   Section        0  sys_exit.o(.text)
    .text                                    0x08000598   Section        2  use_no_semi.o(.text)
    .text                                    0x0800059a   Section        0  indicate_semi.o(.text)
    [Anonymous Symbol]                       0x0800059c   Section        0  stm32h5xx_it.o(.text.BusFault_Handler)
    [Anonymous Symbol]                       0x080005a0   Section        0  stm32h5xx_it.o(.text.DebugMon_Handler)
    [Anonymous Symbol]                       0x080005a4   Section        0  stm32h5xx_it.o(.text.EXTI13_IRQHandler)
    [Anonymous Symbol]                       0x080005ac   Section        0  main.o(.text.Error_Handler)
    [Anonymous Symbol]                       0x080005b4   Section        0  stm32h5xx_hal.o(.text.HAL_Delay)
    [Anonymous Symbol]                       0x080005dc   Section        0  stm32h5xx_hal_gpio.o(.text.HAL_GPIO_EXTI_Falling_Callback)
    [Anonymous Symbol]                       0x080005e0   Section        0  stm32h5xx_hal_gpio.o(.text.HAL_GPIO_EXTI_IRQHandler)
    [Anonymous Symbol]                       0x08000610   Section        0  stm32h5xx_hal_gpio.o(.text.HAL_GPIO_EXTI_Rising_Callback)
    [Anonymous Symbol]                       0x08000614   Section        0  stm32h5xx_hal_gpio.o(.text.HAL_GPIO_Init)
    [Anonymous Symbol]                       0x0800079c   Section        0  stm32h5xx_hal_gpio.o(.text.HAL_GPIO_WritePin)
    [Anonymous Symbol]                       0x080007a8   Section        0  stm32h5xx_hal.o(.text.HAL_GetTick)
    [Anonymous Symbol]                       0x080007b4   Section        0  stm32h5xx_hal.o(.text.HAL_IncTick)
    [Anonymous Symbol]                       0x080007d0   Section        0  stm32h5xx_hal.o(.text.HAL_Init)
    [Anonymous Symbol]                       0x0800081c   Section        0  stm32h5xx_hal.o(.text.HAL_InitTick)
    [Anonymous Symbol]                       0x080008c4   Section        0  stm32h5xx_hal_msp.o(.text.HAL_MspInit)
    [Anonymous Symbol]                       0x080008c8   Section        0  stm32h5xx_hal_cortex.o(.text.HAL_NVIC_EnableIRQ)
    [Anonymous Symbol]                       0x080008ec   Section        0  stm32h5xx_hal_cortex.o(.text.HAL_NVIC_SetPriority)
    [Anonymous Symbol]                       0x08000944   Section        0  stm32h5xx_hal_cortex.o(.text.HAL_NVIC_SetPriorityGrouping)
    [Anonymous Symbol]                       0x08000964   Section        0  stm32h5xx_hal_pwr_ex.o(.text.HAL_PWREx_EnableVddUSB)
    [Anonymous Symbol]                       0x08000978   Section        0  stm32h5xx_hal_rcc_ex.o(.text.HAL_RCCEx_CRSConfig)
    [Anonymous Symbol]                       0x080009c4   Section        0  stm32h5xx_hal_rcc_ex.o(.text.HAL_RCCEx_PeriphCLKConfig)
    [Anonymous Symbol]                       0x0800140c   Section        0  stm32h5xx_hal_rcc.o(.text.HAL_RCC_ClockConfig)
    [Anonymous Symbol]                       0x0800166c   Section        0  stm32h5xx_hal_rcc.o(.text.HAL_RCC_GetSysClockFreq)
    [Anonymous Symbol]                       0x08001798   Section        0  stm32h5xx_hal_rcc.o(.text.HAL_RCC_OscConfig)
    [Anonymous Symbol]                       0x08001ddc   Section        0  stm32h5xx_hal_spi.o(.text.HAL_SPI_Init)
    [Anonymous Symbol]                       0x08001fc0   Section        0  stm32h5xx_hal_msp.o(.text.HAL_SPI_MspInit)
    [Anonymous Symbol]                       0x08002054   Section        0  stm32h5xx_hal_spi.o(.text.HAL_SPI_Transmit)
    [Anonymous Symbol]                       0x08002340   Section        0  stm32h5xx_hal_spi.o(.text.HAL_SPI_TransmitReceive)
    [Anonymous Symbol]                       0x080027bc   Section        0  stm32h5xx_hal_cortex.o(.text.HAL_SYSTICK_CLKSourceConfig)
    [Anonymous Symbol]                       0x08002834   Section        0  stm32h5xx_hal_cortex.o(.text.HAL_SYSTICK_Config)
    [Anonymous Symbol]                       0x08002858   Section        0  stm32h5xx_hal_cortex.o(.text.HAL_SYSTICK_GetCLKSourceConfig)
    [Anonymous Symbol]                       0x08002888   Section        0  stm32h5xx_it.o(.text.HardFault_Handler)
    [Anonymous Symbol]                       0x0800288c   Section        0  mcp23s17.o(.text.MCP_Init)
    [Anonymous Symbol]                       0x08002b9c   Section        0  mcp23s17.o(.text.MCP_IsReady)
    [Anonymous Symbol]                       0x08002ba8   Section        0  mcp23s17.o(.text.MCP_Read)
    [Anonymous Symbol]                       0x08002c08   Section        0  mcp23s17.o(.text.MCP_Write)
    [Anonymous Symbol]                       0x08002c54   Section        0  stm32h5xx_it.o(.text.MemManage_Handler)
    [Anonymous Symbol]                       0x08002c58   Section        0  stm32h5xx_it.o(.text.NMI_Handler)
    [Anonymous Symbol]                       0x08002c5c   Section        0  stm32h5xx_it.o(.text.PendSV_Handler)
    RCCEx_PLL2_Config                        0x08002c61   Thumb Code   234  stm32h5xx_hal_rcc_ex.o(.text.RCCEx_PLL2_Config)
    [Anonymous Symbol]                       0x08002c60   Section        0  stm32h5xx_hal_rcc_ex.o(.text.RCCEx_PLL2_Config)
    RCCEx_PLL3_Config                        0x08002d4d   Thumb Code   234  stm32h5xx_hal_rcc_ex.o(.text.RCCEx_PLL3_Config)
    [Anonymous Symbol]                       0x08002d4c   Section        0  stm32h5xx_hal_rcc_ex.o(.text.RCCEx_PLL3_Config)
    SPI_CloseTransfer                        0x08002e39   Thumb Code   208  stm32h5xx_hal_spi.o(.text.SPI_CloseTransfer)
    [Anonymous Symbol]                       0x08002e38   Section        0  stm32h5xx_hal_spi.o(.text.SPI_CloseTransfer)
    [Anonymous Symbol]                       0x08002f08   Section        0  stm32h5xx_it.o(.text.SVC_Handler)
    [Anonymous Symbol]                       0x08002f0c   Section        0  stm32h5xx_it.o(.text.SysTick_Handler)
    [Anonymous Symbol]                       0x08002f10   Section        0  main.o(.text.SystemClock_Config)
    [Anonymous Symbol]                       0x08002fe0   Section        0  system_stm32h5xx.o(.text.SystemInit)
    [Anonymous Symbol]                       0x08003090   Section        0  stm32h5xx_it.o(.text.USB_DRD_FS_IRQHandler)
    [Anonymous Symbol]                       0x08003098   Section        0  stm32h5xx_it.o(.text.UsageFault_Handler)
    [Anonymous Symbol]                       0x0800309c   Section        0  fsdev_common.o(.text.btable_set_rx_bufsize)
    configuration_reset                      0x080030e9   Thumb Code   152  usbd.o(.text.configuration_reset)
    [Anonymous Symbol]                       0x080030e8   Section        0  usbd.o(.text.configuration_reset)
    [Anonymous Symbol]                       0x08003180   Section        0  dcd_stm32_fsdev.o(.text.dcd_edpt0_status_complete)
    [Anonymous Symbol]                       0x080031b4   Section        0  dcd_stm32_fsdev.o(.text.dcd_edpt_clear_stall)
    [Anonymous Symbol]                       0x0800324c   Section        0  dcd_stm32_fsdev.o(.text.dcd_edpt_close_all)
    [Anonymous Symbol]                       0x080032b8   Section        0  dcd_stm32_fsdev.o(.text.dcd_edpt_open)
    [Anonymous Symbol]                       0x08003404   Section        0  dcd_stm32_fsdev.o(.text.dcd_edpt_stall)
    [Anonymous Symbol]                       0x08003480   Section        0  dcd_stm32_fsdev.o(.text.dcd_edpt_xfer)
    [Anonymous Symbol]                       0x0800352c   Section        0  dcd_stm32_fsdev.o(.text.dcd_edpt_xfer_fifo)
    dcd_ep_alloc                             0x080035d9   Thumb Code   982  dcd_stm32_fsdev.o(.text.dcd_ep_alloc)
    [Anonymous Symbol]                       0x080035d8   Section        0  dcd_stm32_fsdev.o(.text.dcd_ep_alloc)
    [Anonymous Symbol]                       0x080039b0   Section        0  usbd.o(.text.dcd_event_handler)
    [Anonymous Symbol]                       0x08003c98   Section        0  dcd_stm32_fsdev.o(.text.dcd_init)
    [Anonymous Symbol]                       0x08003cc4   Section        0  dcd_stm32_fsdev.o(.text.dcd_int_disable)
    [Anonymous Symbol]                       0x08003cdc   Section        0  dcd_stm32_fsdev.o(.text.dcd_int_enable)
    [Anonymous Symbol]                       0x08003cf4   Section        0  dcd_stm32_fsdev.o(.text.dcd_int_handler)
    [Anonymous Symbol]                       0x08004074   Section        0  dcd_stm32_fsdev.o(.text.dcd_set_address)
    [Anonymous Symbol]                       0x0800408c   Section        0  dcd_stm32_fsdev.o(.text.dcd_sof_enable)
    dcd_transmit_packet                      0x080040a5   Thumb Code   206  dcd_stm32_fsdev.o(.text.dcd_transmit_packet)
    [Anonymous Symbol]                       0x080040a4   Section        0  dcd_stm32_fsdev.o(.text.dcd_transmit_packet)
    [Anonymous Symbol]                       0x08004174   Section        0  fsdev_common.o(.text.fsdev_core_reset)
    handle_bus_reset                         0x080041c5   Thumb Code   272  dcd_stm32_fsdev.o(.text.handle_bus_reset)
    [Anonymous Symbol]                       0x080041c4   Section        0  dcd_stm32_fsdev.o(.text.handle_bus_reset)
    [Anonymous Symbol]                       0x080042d4   Section        0  main.o(.text.main)
    [Anonymous Symbol]                       0x0800480c   Section        0  midi_device.o(.text.midid_control_xfer_cb)
    [Anonymous Symbol]                       0x08004810   Section        0  midi_device.o(.text.midid_deinit)
    [Anonymous Symbol]                       0x08004814   Section        0  midi_device.o(.text.midid_init)
    [Anonymous Symbol]                       0x08004860   Section        0  midi_device.o(.text.midid_open)
    [Anonymous Symbol]                       0x080049d8   Section        0  midi_device.o(.text.midid_reset)
    [Anonymous Symbol]                       0x08004a04   Section        0  midi_device.o(.text.midid_xfer_cb)
    [Anonymous Symbol]                       0x08004a98   Section        0  fsdev_common.o(.text.pma_align_buffer_size)
    process_get_descriptor                   0x08004acd   Thumb Code   196  usbd.o(.text.process_get_descriptor)
    [Anonymous Symbol]                       0x08004acc   Section        0  usbd.o(.text.process_get_descriptor)
    process_set_config                       0x08004b91   Thumb Code   352  usbd.o(.text.process_set_config)
    [Anonymous Symbol]                       0x08004b90   Section        0  usbd.o(.text.process_set_config)
    [Anonymous Symbol]                       0x08004cf0   Section        0  tusb.o(.text.tu_bind_driver_to_ep_itf)
    [Anonymous Symbol]                       0x08004d64   Section        0  tusb.o(.text.tu_edpt_claim)
    [Anonymous Symbol]                       0x08004d8c   Section        0  tusb.o(.text.tu_edpt_release)
    [Anonymous Symbol]                       0x08004da8   Section        0  tusb.o(.text.tu_edpt_stream_init)
    [Anonymous Symbol]                       0x08004dec   Section        0  tusb.o(.text.tu_edpt_stream_read_xfer)
    [Anonymous Symbol]                       0x08004ec0   Section        0  tusb.o(.text.tu_edpt_stream_write)
    [Anonymous Symbol]                       0x08004f04   Section        0  tusb.o(.text.tu_edpt_stream_write_available)
    [Anonymous Symbol]                       0x08004f1c   Section        0  tusb.o(.text.tu_edpt_stream_write_xfer)
    [Anonymous Symbol]                       0x08004fdc   Section        0  tusb.o(.text.tu_edpt_stream_write_zlp_if_needed)
    [Anonymous Symbol]                       0x0800505c   Section        0  tusb_fifo.o(.text.tu_fifo_clear)
    [Anonymous Symbol]                       0x08005064   Section        0  tusb_fifo.o(.text.tu_fifo_config)
    [Anonymous Symbol]                       0x08005084   Section        0  tusb_fifo.o(.text.tu_fifo_peek_n_access_mode)
    [Anonymous Symbol]                       0x08005430   Section        0  tusb_fifo.o(.text.tu_fifo_read_n_access_mode)
    [Anonymous Symbol]                       0x0800546c   Section        0  tusb_fifo.o(.text.tu_fifo_write_n_access_mode)
    [Anonymous Symbol]                       0x080058e8   Section        0  tusb_fifo.o(.text.tu_hwfifo_read)
    [Anonymous Symbol]                       0x08005994   Section        0  tusb_fifo.o(.text.tu_hwfifo_write)
    [Anonymous Symbol]                       0x08005a34   Section        0  usbd_control.o(.text.tud_control_status)
    [Anonymous Symbol]                       0x08005a6c   Section        0  usbd_control.o(.text.tud_control_xfer)
    [Anonymous Symbol]                       0x08005b44   Section        0  usbd.o(.text.tud_descriptor_bos_cb)
    [Anonymous Symbol]                       0x08005b48   Section        0  usb_descriptors.o(.text.tud_descriptor_configuration_cb)
    [Anonymous Symbol]                       0x08005b54   Section        0  usb_descriptors.o(.text.tud_descriptor_device_cb)
    [Anonymous Symbol]                       0x08005b60   Section        0  usbd.o(.text.tud_descriptor_device_qualifier_cb)
    [Anonymous Symbol]                       0x08005b64   Section        0  usbd.o(.text.tud_descriptor_other_speed_configuration_cb)
    [Anonymous Symbol]                       0x08005b68   Section        0  usb_descriptors.o(.text.tud_descriptor_string_cb)
    [Anonymous Symbol]                       0x08005c50   Section        0  usbd.o(.text.tud_event_hook_cb)
    [Anonymous Symbol]                       0x08005c54   Section        0  midi_device.o(.text.tud_midi_n_stream_write)
    [Anonymous Symbol]                       0x08005e0c   Section        0  midi_device.o(.text.tud_midi_rx_cb)
    [Anonymous Symbol]                       0x08005e10   Section        0  usbd.o(.text.tud_mount_cb)
    [Anonymous Symbol]                       0x08005e14   Section        0  usbd.o(.text.tud_mounted)
    [Anonymous Symbol]                       0x08005e28   Section        0  usbd.o(.text.tud_resume_cb)
    [Anonymous Symbol]                       0x08005e2c   Section        0  usbd.o(.text.tud_rhport_init)
    [Anonymous Symbol]                       0x08005f30   Section        0  usbd.o(.text.tud_sof_cb)
    [Anonymous Symbol]                       0x08005f34   Section        0  usbd.o(.text.tud_suspend_cb)
    [Anonymous Symbol]                       0x08005f38   Section        0  usbd.o(.text.tud_task_ext)
    [Anonymous Symbol]                       0x08006598   Section        0  usbd.o(.text.tud_umount_cb)
    [Anonymous Symbol]                       0x0800659c   Section        0  usbd.o(.text.tud_vendor_control_xfer_cb)
    [Anonymous Symbol]                       0x080065a0   Section        0  tusb.o(.text.tusb_rhport_init)
    [Anonymous Symbol]                       0x0800662c   Section        0  usbd.o(.text.usbd_app_driver_get_cb)
    [Anonymous Symbol]                       0x08006638   Section        0  usbd_control.o(.text.usbd_control_reset)
    [Anonymous Symbol]                       0x08006650   Section        0  usbd_control.o(.text.usbd_control_set_complete_callback)
    [Anonymous Symbol]                       0x0800665c   Section        0  usbd_control.o(.text.usbd_control_set_request)
    [Anonymous Symbol]                       0x08006674   Section        0  usbd_control.o(.text.usbd_control_xfer_cb)
    [Anonymous Symbol]                       0x080067d0   Section        0  usbd.o(.text.usbd_edpt_claim)
    [Anonymous Symbol]                       0x080067ec   Section        0  usbd.o(.text.usbd_edpt_clear_stall)
    [Anonymous Symbol]                       0x0800682c   Section        0  usbd.o(.text.usbd_edpt_open)
    [Anonymous Symbol]                       0x08006854   Section        0  usbd.o(.text.usbd_edpt_release)
    [Anonymous Symbol]                       0x08006870   Section        0  usbd.o(.text.usbd_edpt_stall)
    [Anonymous Symbol]                       0x080068b0   Section        0  usbd.o(.text.usbd_edpt_xfer)
    [Anonymous Symbol]                       0x0800693c   Section        0  usbd.o(.text.usbd_edpt_xfer_fifo)
    [Anonymous Symbol]                       0x080069c8   Section        0  usbd.o(.text.usbd_int_set)
    $v0                                      0x080069e0   Number         0  fpinit.o(x$fpl$fpinit)
    x$fpl$fpinit                             0x080069e0   Section       26  fpinit.o(x$fpl$fpinit)
    .compoundliteral                         0x080069fa   Data           2  usb_descriptors.o(.rodata..compoundliteral)
    [Anonymous Symbol]                       0x080069fa   Section        0  usb_descriptors.o(.rodata..compoundliteral)
    _usbd_driver                             0x08006a0c   Data          36  usbd.o(.rodata._usbd_driver)
    [Anonymous Symbol]                       0x08006a0c   Section        0  usbd.o(.rodata._usbd_driver)
    .L__const.MCP_Init.candidates            0x08006a30   Data          32  mcp23s17.o(.rodata.cst32)
    [Anonymous Symbol]                       0x08006ac8   Section        0  usb_descriptors.o(.rodata.str1.1)
    .L_MergedGlobals                         0x20000000   Data           8  stm32h5xx_hal.o(.data..L_MergedGlobals)
    [Anonymous Symbol]                       0x20000000   Section        0  stm32h5xx_hal.o(.data..L_MergedGlobals)
    .L_MergedGlobals                         0x20000008   Data          24  usbd.o(.data..L_MergedGlobals)
    _usbd_rhport                             0x20000008   Data           1  usbd.o(.data..L_MergedGlobals)
    [Anonymous Symbol]                       0x20000008   Section        0  usbd.o(.data..L_MergedGlobals)
    s_active_cs                              0x20000028   Data           8  mcp23s17.o(.data.s_active_cs)
    [Anonymous Symbol]                       0x20000028   Section        0  mcp23s17.o(.data.s_active_cs)
    .bss                                     0x20000048   Section       96  libspace.o(.bss)
    .L_MergedGlobals                         0x200000a8   Data          84  usbd_control.o(.bss..L_MergedGlobals)
    _ctrl_xfer                               0x200000a8   Data          20  usbd_control.o(.bss..L_MergedGlobals)
    [Anonymous Symbol]                       0x200000a8   Section        0  usbd_control.o(.bss..L_MergedGlobals)
    _ctrl_epbuf                              0x200000bc   Data          64  usbd_control.o(.bss..L_MergedGlobals)
    .L_MergedGlobals                         0x200000fc   Data          34  dcd_stm32_fsdev.o(.bss..L_MergedGlobals)
    ep_buf_ptr                               0x200000fc   Data           2  dcd_stm32_fsdev.o(.bss..L_MergedGlobals)
    [Anonymous Symbol]                       0x200000fc   Section        0  dcd_stm32_fsdev.o(.bss..L_MergedGlobals)
    ep_alloc_status                          0x200000fe   Data          32  dcd_stm32_fsdev.o(.bss..L_MergedGlobals)
    .L_MergedGlobals.1                       0x20000120   Data          67  usbd.o(.bss..L_MergedGlobals.1)
    _usbd_queued_setup                       0x20000120   Data           1  usbd.o(.bss..L_MergedGlobals.1)
    [Anonymous Symbol]                       0x20000120   Section        0  usbd.o(.bss..L_MergedGlobals.1)
    _app_driver_count                        0x20000121   Data           1  usbd.o(.bss..L_MergedGlobals.1)
    _usbd_q                                  0x20000124   Data           4  usbd.o(.bss..L_MergedGlobals.1)
    _app_driver                              0x20000128   Data           4  usbd.o(.bss..L_MergedGlobals.1)
    _usbd_dev                                0x2000012c   Data          55  usbd.o(.bss..L_MergedGlobals.1)
    _desc_str                                0x20000164   Data          64  usb_descriptors.o(.bss._desc_str)
    [Anonymous Symbol]                       0x20000164   Section        0  usb_descriptors.o(.bss._desc_str)
    _midid_itf                               0x200001a4   Data         192  midi_device.o(.bss._midid_itf)
    [Anonymous Symbol]                       0x200001a4   Section        0  midi_device.o(.bss._midid_itf)
    remoteWakeCountdown                      0x200003b8   Data           1  dcd_stm32_fsdev.o(.bss.remoteWakeCountdown)
    [Anonymous Symbol]                       0x200003b8   Section        0  dcd_stm32_fsdev.o(.bss.remoteWakeCountdown)
    s_mcp_ready                              0x200003b9   Data           1  mcp23s17.o(.bss.s_mcp_ready)
    [Anonymous Symbol]                       0x200003b9   Section        0  mcp23s17.o(.bss.s_mcp_ready)
    xfer_status                              0x200003c0   Data         256  dcd_stm32_fsdev.o(.bss.xfer_status)
    [Anonymous Symbol]                       0x200003c0   Section        0  dcd_stm32_fsdev.o(.bss.xfer_status)
    Heap_Mem                                 0x200004c0   Data         512  startup_stm32h533xx.o(HEAP)
    HEAP                                     0x200004c0   Section      512  startup_stm32h533xx.o(HEAP)
    Stack_Mem                                0x200006c0   Data        1024  startup_stm32h533xx.o(STACK)
    STACK                                    0x200006c0   Section     1024  startup_stm32h533xx.o(STACK)
    __initial_sp                             0x20000ac0   Data           0  startup_stm32h533xx.o(STACK)

    Global Symbols

    Symbol Name                              Value     Ov Type        Size  Object(Section)

    BuildAttributes$$THM_ISAv4$P$D$K$B$S$8M$VFPi5$EXTD16$VFPS$VFMA$PE$A:L22UL41UL21$X:L11$S22US41US21$IEEE1$IW$~IW$USESV6$~STKCKD$USESV7$~SHL$OTIME$ROPI$EBA8$UX$STANDARDLIB$REQ8$PRES8$EABIv2 0x00000000   Number         0  anon$$obj.o ABSOLUTE
    __ARM_exceptions_init                     - Undefined Weak Reference
    __alloca_initialize                       - Undefined Weak Reference
    __arm_preinit_                            - Undefined Weak Reference
    __arm_relocate_pie_                       - Undefined Weak Reference
    __cpp_initialize__aeabi_                  - Undefined Weak Reference
    __cxa_finalize                            - Undefined Weak Reference
    __rt_locale                               - Undefined Weak Reference
    __sigvec_lookup                           - Undefined Weak Reference
    _atexit_init                              - Undefined Weak Reference
    _call_atexit_fns                          - Undefined Weak Reference
    _clock_init                               - Undefined Weak Reference
    _fp_trap_init                             - Undefined Weak Reference
    _fp_trap_shutdown                         - Undefined Weak Reference
    _get_lc_collate                           - Undefined Weak Reference
    _get_lc_ctype                             - Undefined Weak Reference
    _get_lc_monetary                          - Undefined Weak Reference
    _get_lc_numeric                           - Undefined Weak Reference
    _get_lc_time                              - Undefined Weak Reference
    _getenv_init                              - Undefined Weak Reference
    _handle_redirection                       - Undefined Weak Reference
    _init_alloc                               - Undefined Weak Reference
    _init_user_alloc                          - Undefined Weak Reference
    _initio                                   - Undefined Weak Reference
    _rand_init                                - Undefined Weak Reference
    _signal_finish                            - Undefined Weak Reference
    _signal_init                              - Undefined Weak Reference
    _terminate_alloc                          - Undefined Weak Reference
    _terminate_user_alloc                     - Undefined Weak Reference
    _terminateio                              - Undefined Weak Reference
    __Vectors_Size                           0x00000254   Number         0  startup_stm32h533xx.o ABSOLUTE
    __Vectors                                0x08000000   Data           4  startup_stm32h533xx.o(RESET)
    __Vectors_End                            0x08000254   Data           0  startup_stm32h533xx.o(RESET)
    __main                                   0x08000255   Thumb Code     8  __main.o(!!!main)
    __scatterload                            0x0800025d   Thumb Code     0  __scatter.o(!!!scatter)
    __scatterload_rt2                        0x0800025d   Thumb Code    84  __scatter.o(!!!scatter)
    __scatterload_rt2_thumb_only             0x0800025d   Thumb Code     0  __scatter.o(!!!scatter)
    __scatterload_loop                       0x08000267   Thumb Code     0  __scatter.o(!!!scatter)
    __scatterload_copy                       0x080002b9   Thumb Code    26  __scatter_copy.o(!!handler_copy)
    __scatterload_null                       0x080002d5   Thumb Code     2  __scatter.o(!!handler_null)
    __scatterload_zeroinit                   0x080002d9   Thumb Code    28  __scatter_zi.o(!!handler_zi)
    __rt_lib_init                            0x080002f5   Thumb Code     0  libinit.o(.ARM.Collect$$libinit$$00000000)
    __rt_lib_init_fp_1                       0x080002f7   Thumb Code     0  libinit2.o(.ARM.Collect$$libinit$$00000001)
    __rt_lib_init_alloca_1                   0x080002fb   Thumb Code     0  libinit2.o(.ARM.Collect$$libinit$$00000030)
    __rt_lib_init_argv_1                     0x080002fb   Thumb Code     0  libinit2.o(.ARM.Collect$$libinit$$0000002E)
    __rt_lib_init_atexit_1                   0x080002fb   Thumb Code     0  libinit2.o(.ARM.Collect$$libinit$$0000001D)
    __rt_lib_init_clock_1                    0x080002fb   Thumb Code     0  libinit2.o(.ARM.Collect$$libinit$$00000023)
    __rt_lib_init_cpp_1                      0x080002fb   Thumb Code     0  libinit2.o(.ARM.Collect$$libinit$$00000034)
    __rt_lib_init_exceptions_1               0x080002fb   Thumb Code     0  libinit2.o(.ARM.Collect$$libinit$$00000032)
    __rt_lib_init_fp_trap_1                  0x080002fb   Thumb Code     0  libinit2.o(.ARM.Collect$$libinit$$00000021)
    __rt_lib_init_getenv_1                   0x080002fb   Thumb Code     0  libinit2.o(.ARM.Collect$$libinit$$00000025)
    __rt_lib_init_heap_1                     0x080002fb   Thumb Code     0  libinit2.o(.ARM.Collect$$libinit$$0000000C)
    __rt_lib_init_lc_collate_1               0x080002fb   Thumb Code     0  libinit2.o(.ARM.Collect$$libinit$$00000013)
    __rt_lib_init_lc_ctype_1                 0x080002fb   Thumb Code     0  libinit2.o(.ARM.Collect$$libinit$$00000015)
    __rt_lib_init_lc_monetary_1              0x080002fb   Thumb Code     0  libinit2.o(.ARM.Collect$$libinit$$00000017)
    __rt_lib_init_lc_numeric_1               0x080002fb   Thumb Code     0  libinit2.o(.ARM.Collect$$libinit$$00000019)
    __rt_lib_init_lc_time_1                  0x080002fb   Thumb Code     0  libinit2.o(.ARM.Collect$$libinit$$0000001B)
    __rt_lib_init_preinit_1                  0x080002fb   Thumb Code     0  libinit2.o(.ARM.Collect$$libinit$$00000006)
    __rt_lib_init_rand_1                     0x080002fb   Thumb Code     0  libinit2.o(.ARM.Collect$$libinit$$00000010)
    __rt_lib_init_relocate_pie_1             0x080002fb   Thumb Code     0  libinit2.o(.ARM.Collect$$libinit$$00000004)
    __rt_lib_init_return                     0x080002fb   Thumb Code     0  libinit2.o(.ARM.Collect$$libinit$$00000035)
    __rt_lib_init_signal_1                   0x080002fb   Thumb Code     0  libinit2.o(.ARM.Collect$$libinit$$0000001F)
    __rt_lib_init_stdio_1                    0x080002fb   Thumb Code     0  libinit2.o(.ARM.Collect$$libinit$$00000027)
    __rt_lib_init_user_alloc_1               0x080002fb   Thumb Code     0  libinit2.o(.ARM.Collect$$libinit$$0000000E)
    __rt_lib_shutdown                        0x080002fd   Thumb Code     0  libshutdown.o(.ARM.Collect$$libshutdown$$00000000)
    __rt_lib_shutdown_cpp_1                  0x080002ff   Thumb Code     0  libshutdown2.o(.ARM.Collect$$libshutdown$$00000002)
    __rt_lib_shutdown_fp_trap_1              0x080002ff   Thumb Code     0  libshutdown2.o(.ARM.Collect$$libshutdown$$00000007)
    __rt_lib_shutdown_heap_1                 0x080002ff   Thumb Code     0  libshutdown2.o(.ARM.Collect$$libshutdown$$0000000F)
    __rt_lib_shutdown_return                 0x080002ff   Thumb Code     0  libshutdown2.o(.ARM.Collect$$libshutdown$$00000010)
    __rt_lib_shutdown_signal_1               0x080002ff   Thumb Code     0  libshutdown2.o(.ARM.Collect$$libshutdown$$0000000A)
    __rt_lib_shutdown_stdio_1                0x080002ff   Thumb Code     0  libshutdown2.o(.ARM.Collect$$libshutdown$$00000004)
    __rt_lib_shutdown_user_alloc_1           0x080002ff   Thumb Code     0  libshutdown2.o(.ARM.Collect$$libshutdown$$0000000C)
    __rt_entry                               0x08000301   Thumb Code     0  __rtentry.o(.ARM.Collect$$rtentry$$00000000)
    __rt_entry_presh_1                       0x08000301   Thumb Code     0  __rtentry2.o(.ARM.Collect$$rtentry$$00000002)
    __rt_entry_sh                            0x08000301   Thumb Code     0  __rtentry4.o(.ARM.Collect$$rtentry$$00000004)
    __rt_entry_li                            0x08000307   Thumb Code     0  __rtentry2.o(.ARM.Collect$$rtentry$$0000000A)
    __rt_entry_postsh_1                      0x08000307   Thumb Code     0  __rtentry2.o(.ARM.Collect$$rtentry$$00000009)
    __rt_entry_main                          0x0800030b   Thumb Code     0  __rtentry2.o(.ARM.Collect$$rtentry$$0000000D)
    __rt_entry_postli_1                      0x0800030b   Thumb Code     0  __rtentry2.o(.ARM.Collect$$rtentry$$0000000C)
    __rt_exit                                0x08000313   Thumb Code     0  rtexit.o(.ARM.Collect$$rtexit$$00000000)
    __rt_exit_ls                             0x08000315   Thumb Code     0  rtexit2.o(.ARM.Collect$$rtexit$$00000003)
    __rt_exit_prels_1                        0x08000315   Thumb Code     0  rtexit2.o(.ARM.Collect$$rtexit$$00000002)
    __rt_exit_exit                           0x08000319   Thumb Code     0  rtexit2.o(.ARM.Collect$$rtexit$$00000004)
    Reset_Handler                            0x08000321   Thumb Code     8  startup_stm32h533xx.o(.text)
    SecureFault_Handler                      0x08000333   Thumb Code     2  startup_stm32h533xx.o(.text)
    ADC1_IRQHandler                          0x0800033d   Thumb Code     0  startup_stm32h533xx.o(.text)
    ADC2_IRQHandler                          0x0800033d   Thumb Code     0  startup_stm32h533xx.o(.text)
    AES_IRQHandler                           0x0800033d   Thumb Code     0  startup_stm32h533xx.o(.text)
    CEC_IRQHandler                           0x0800033d   Thumb Code     0  startup_stm32h533xx.o(.text)
    CRS_IRQHandler                           0x0800033d   Thumb Code     0  startup_stm32h533xx.o(.text)
    DAC1_IRQHandler                          0x0800033d   Thumb Code     0  startup_stm32h533xx.o(.text)
    DCACHE1_IRQHandler                       0x0800033d   Thumb Code     0  startup_stm32h533xx.o(.text)
    DCMI_PSSI_IRQHandler                     0x0800033d   Thumb Code     0  startup_stm32h533xx.o(.text)
    DTS_IRQHandler                           0x0800033d   Thumb Code     0  startup_stm32h533xx.o(.text)
    EXTI0_IRQHandler                         0x0800033d   Thumb Code     0  startup_stm32h533xx.o(.text)
    EXTI10_IRQHandler                        0x0800033d   Thumb Code     0  startup_stm32h533xx.o(.text)
    EXTI11_IRQHandler                        0x0800033d   Thumb Code     0  startup_stm32h533xx.o(.text)
    EXTI12_IRQHandler                        0x0800033d   Thumb Code     0  startup_stm32h533xx.o(.text)
    EXTI14_IRQHandler                        0x0800033d   Thumb Code     0  startup_stm32h533xx.o(.text)
    EXTI15_IRQHandler                        0x0800033d   Thumb Code     0  startup_stm32h533xx.o(.text)
    EXTI1_IRQHandler                         0x0800033d   Thumb Code     0  startup_stm32h533xx.o(.text)
    EXTI2_IRQHandler                         0x0800033d   Thumb Code     0  startup_stm32h533xx.o(.text)
    EXTI3_IRQHandler                         0x0800033d   Thumb Code     0  startup_stm32h533xx.o(.text)
    EXTI4_IRQHandler                         0x0800033d   Thumb Code     0  startup_stm32h533xx.o(.text)
    EXTI5_IRQHandler                         0x0800033d   Thumb Code     0  startup_stm32h533xx.o(.text)
    EXTI6_IRQHandler                         0x0800033d   Thumb Code     0  startup_stm32h533xx.o(.text)
    EXTI7_IRQHandler                         0x0800033d   Thumb Code     0  startup_stm32h533xx.o(.text)
    EXTI8_IRQHandler                         0x0800033d   Thumb Code     0  startup_stm32h533xx.o(.text)
    EXTI9_IRQHandler                         0x0800033d   Thumb Code     0  startup_stm32h533xx.o(.text)
    FDCAN1_IT0_IRQHandler                    0x0800033d   Thumb Code     0  startup_stm32h533xx.o(.text)
    FDCAN1_IT1_IRQHandler                    0x0800033d   Thumb Code     0  startup_stm32h533xx.o(.text)
    FDCAN2_IT0_IRQHandler                    0x0800033d   Thumb Code     0  startup_stm32h533xx.o(.text)
    FDCAN2_IT1_IRQHandler                    0x0800033d   Thumb Code     0  startup_stm32h533xx.o(.text)
    FLASH_IRQHandler                         0x0800033d   Thumb Code     0  startup_stm32h533xx.o(.text)
    FLASH_S_IRQHandler                       0x0800033d   Thumb Code     0  startup_stm32h533xx.o(.text)
    FMC_IRQHandler                           0x0800033d   Thumb Code     0  startup_stm32h533xx.o(.text)
    FPU_IRQHandler                           0x0800033d   Thumb Code     0  startup_stm32h533xx.o(.text)
    GPDMA1_Channel0_IRQHandler               0x0800033d   Thumb Code     0  startup_stm32h533xx.o(.text)
    GPDMA1_Channel1_IRQHandler               0x0800033d   Thumb Code     0  startup_stm32h533xx.o(.text)
    GPDMA1_Channel2_IRQHandler               0x0800033d   Thumb Code     0  startup_stm32h533xx.o(.text)
    GPDMA1_Channel3_IRQHandler               0x0800033d   Thumb Code     0  startup_stm32h533xx.o(.text)
    GPDMA1_Channel4_IRQHandler               0x0800033d   Thumb Code     0  startup_stm32h533xx.o(.text)
    GPDMA1_Channel5_IRQHandler               0x0800033d   Thumb Code     0  startup_stm32h533xx.o(.text)
    GPDMA1_Channel6_IRQHandler               0x0800033d   Thumb Code     0  startup_stm32h533xx.o(.text)
    GPDMA1_Channel7_IRQHandler               0x0800033d   Thumb Code     0  startup_stm32h533xx.o(.text)
    GPDMA2_Channel0_IRQHandler               0x0800033d   Thumb Code     0  startup_stm32h533xx.o(.text)
    GPDMA2_Channel1_IRQHandler               0x0800033d   Thumb Code     0  startup_stm32h533xx.o(.text)
    GPDMA2_Channel2_IRQHandler               0x0800033d   Thumb Code     0  startup_stm32h533xx.o(.text)
    GPDMA2_Channel3_IRQHandler               0x0800033d   Thumb Code     0  startup_stm32h533xx.o(.text)
    GPDMA2_Channel4_IRQHandler               0x0800033d   Thumb Code     0  startup_stm32h533xx.o(.text)
    GPDMA2_Channel5_IRQHandler               0x0800033d   Thumb Code     0  startup_stm32h533xx.o(.text)
    GPDMA2_Channel6_IRQHandler               0x0800033d   Thumb Code     0  startup_stm32h533xx.o(.text)
    GPDMA2_Channel7_IRQHandler               0x0800033d   Thumb Code     0  startup_stm32h533xx.o(.text)
    GTZC_IRQHandler                          0x0800033d   Thumb Code     0  startup_stm32h533xx.o(.text)
    HASH_IRQHandler                          0x0800033d   Thumb Code     0  startup_stm32h533xx.o(.text)
    I2C1_ER_IRQHandler                       0x0800033d   Thumb Code     0  startup_stm32h533xx.o(.text)
    I2C1_EV_IRQHandler                       0x0800033d   Thumb Code     0  startup_stm32h533xx.o(.text)
    I2C2_ER_IRQHandler                       0x0800033d   Thumb Code     0  startup_stm32h533xx.o(.text)
    I2C2_EV_IRQHandler                       0x0800033d   Thumb Code     0  startup_stm32h533xx.o(.text)
    I2C3_ER_IRQHandler                       0x0800033d   Thumb Code     0  startup_stm32h533xx.o(.text)
    I2C3_EV_IRQHandler                       0x0800033d   Thumb Code     0  startup_stm32h533xx.o(.text)
    I3C1_ER_IRQHandler                       0x0800033d   Thumb Code     0  startup_stm32h533xx.o(.text)
    I3C1_EV_IRQHandler                       0x0800033d   Thumb Code     0  startup_stm32h533xx.o(.text)
    I3C2_ER_IRQHandler                       0x0800033d   Thumb Code     0  startup_stm32h533xx.o(.text)
    I3C2_EV_IRQHandler                       0x0800033d   Thumb Code     0  startup_stm32h533xx.o(.text)
    ICACHE_IRQHandler                        0x0800033d   Thumb Code     0  startup_stm32h533xx.o(.text)
    IWDG_IRQHandler                          0x0800033d   Thumb Code     0  startup_stm32h533xx.o(.text)
    LPTIM1_IRQHandler                        0x0800033d   Thumb Code     0  startup_stm32h533xx.o(.text)
    LPTIM2_IRQHandler                        0x0800033d   Thumb Code     0  startup_stm32h533xx.o(.text)
    LPUART1_IRQHandler                       0x0800033d   Thumb Code     0  startup_stm32h533xx.o(.text)
    OCTOSPI1_IRQHandler                      0x0800033d   Thumb Code     0  startup_stm32h533xx.o(.text)
    OTFDEC1_IRQHandler                       0x0800033d   Thumb Code     0  startup_stm32h533xx.o(.text)
    PKA_IRQHandler                           0x0800033d   Thumb Code     0  startup_stm32h533xx.o(.text)
    PVD_AVD_IRQHandler                       0x0800033d   Thumb Code     0  startup_stm32h533xx.o(.text)
    RAMCFG_IRQHandler                        0x0800033d   Thumb Code     0  startup_stm32h533xx.o(.text)
    RCC_IRQHandler                           0x0800033d   Thumb Code     0  startup_stm32h533xx.o(.text)
    RCC_S_IRQHandler                         0x0800033d   Thumb Code     0  startup_stm32h533xx.o(.text)
    RNG_IRQHandler                           0x0800033d   Thumb Code     0  startup_stm32h533xx.o(.text)
    RTC_IRQHandler                           0x0800033d   Thumb Code     0  startup_stm32h533xx.o(.text)
    RTC_S_IRQHandler                         0x0800033d   Thumb Code     0  startup_stm32h533xx.o(.text)
    SAES_IRQHandler                          0x0800033d   Thumb Code     0  startup_stm32h533xx.o(.text)
    SDMMC1_IRQHandler                        0x0800033d   Thumb Code     0  startup_stm32h533xx.o(.text)
    SPI1_IRQHandler                          0x0800033d   Thumb Code     0  startup_stm32h533xx.o(.text)
    SPI2_IRQHandler                          0x0800033d   Thumb Code     0  startup_stm32h533xx.o(.text)
    SPI3_IRQHandler                          0x0800033d   Thumb Code     0  startup_stm32h533xx.o(.text)
    SPI4_IRQHandler                          0x0800033d   Thumb Code     0  startup_stm32h533xx.o(.text)
    TAMP_IRQHandler                          0x0800033d   Thumb Code     0  startup_stm32h533xx.o(.text)
    TIM12_IRQHandler                         0x0800033d   Thumb Code     0  startup_stm32h533xx.o(.text)
    TIM15_IRQHandler                         0x0800033d   Thumb Code     0  startup_stm32h533xx.o(.text)
    TIM1_BRK_IRQHandler                      0x0800033d   Thumb Code     0  startup_stm32h533xx.o(.text)
    TIM1_CC_IRQHandler                       0x0800033d   Thumb Code     0  startup_stm32h533xx.o(.text)
    TIM1_TRG_COM_IRQHandler                  0x0800033d   Thumb Code     0  startup_stm32h533xx.o(.text)
    TIM1_UP_IRQHandler                       0x0800033d   Thumb Code     0  startup_stm32h533xx.o(.text)
    TIM2_IRQHandler                          0x0800033d   Thumb Code     0  startup_stm32h533xx.o(.text)
    TIM3_IRQHandler                          0x0800033d   Thumb Code     0  startup_stm32h533xx.o(.text)
    TIM4_IRQHandler                          0x0800033d   Thumb Code     0  startup_stm32h533xx.o(.text)
    TIM5_IRQHandler                          0x0800033d   Thumb Code     0  startup_stm32h533xx.o(.text)
    TIM6_IRQHandler                          0x0800033d   Thumb Code     0  startup_stm32h533xx.o(.text)
    TIM7_IRQHandler                          0x0800033d   Thumb Code     0  startup_stm32h533xx.o(.text)
    TIM8_BRK_IRQHandler                      0x0800033d   Thumb Code     0  startup_stm32h533xx.o(.text)
    TIM8_CC_IRQHandler                       0x0800033d   Thumb Code     0  startup_stm32h533xx.o(.text)
    TIM8_TRG_COM_IRQHandler                  0x0800033d   Thumb Code     0  startup_stm32h533xx.o(.text)
    TIM8_UP_IRQHandler                       0x0800033d   Thumb Code     0  startup_stm32h533xx.o(.text)
    UART4_IRQHandler                         0x0800033d   Thumb Code     0  startup_stm32h533xx.o(.text)
    UART5_IRQHandler                         0x0800033d   Thumb Code     0  startup_stm32h533xx.o(.text)
    UCPD1_IRQHandler                         0x0800033d   Thumb Code     0  startup_stm32h533xx.o(.text)
    USART1_IRQHandler                        0x0800033d   Thumb Code     0  startup_stm32h533xx.o(.text)
    USART2_IRQHandler                        0x0800033d   Thumb Code     0  startup_stm32h533xx.o(.text)
    USART3_IRQHandler                        0x0800033d   Thumb Code     0  startup_stm32h533xx.o(.text)
    USART6_IRQHandler                        0x0800033d   Thumb Code     0  startup_stm32h533xx.o(.text)
    WWDG_IRQHandler                          0x0800033d   Thumb Code     0  startup_stm32h533xx.o(.text)
    __user_initial_stackheap                 0x08000341   Thumb Code    10  startup_stm32h533xx.o(.text)
    strlen                                   0x08000365   Thumb Code    62  strlen.o(.text)
    __aeabi_memcpy                           0x080003a3   Thumb Code     0  rt_memcpy_v6.o(.text)
    __rt_memcpy                              0x080003a3   Thumb Code   138  rt_memcpy_v6.o(.text)
    _memcpy_lastbytes                        0x08000409   Thumb Code     0  rt_memcpy_v6.o(.text)
    __aeabi_memclr                           0x0800042d   Thumb Code     0  rt_memclr.o(.text)
    __rt_memclr                              0x0800042d   Thumb Code     0  rt_memclr.o(.text)
    _memset                                  0x08000431   Thumb Code    64  rt_memclr.o(.text)
    __aeabi_memclr4                          0x08000471   Thumb Code     0  rt_memclr_w.o(.text)
    __aeabi_memclr8                          0x08000471   Thumb Code     0  rt_memclr_w.o(.text)
    __rt_memclr_w                            0x08000471   Thumb Code     0  rt_memclr_w.o(.text)
    _memset_w                                0x08000475   Thumb Code    74  rt_memclr_w.o(.text)
    __use_two_region_memory                  0x080004bf   Thumb Code     2  heapauxi.o(.text)
    __rt_heap_escrow$2region                 0x080004c1   Thumb Code     2  heapauxi.o(.text)
    __rt_heap_expand$2region                 0x080004c3   Thumb Code     2  heapauxi.o(.text)
    __aeabi_memcpy4                          0x080004c5   Thumb Code     0  rt_memcpy_w.o(.text)
    __aeabi_memcpy8                          0x080004c5   Thumb Code     0  rt_memcpy_w.o(.text)
    __rt_memcpy_w                            0x080004c5   Thumb Code   100  rt_memcpy_w.o(.text)
    _memcpy_lastbytes_aligned                0x0800050d   Thumb Code     0  rt_memcpy_w.o(.text)
    __user_setup_stackheap                   0x08000529   Thumb Code    74  sys_stackheap_outer.o(.text)
    exit                                     0x08000573   Thumb Code    18  exit.o(.text)
    __user_libspace                          0x08000585   Thumb Code     8  libspace.o(.text)
    __user_perproc_libspace                  0x08000585   Thumb Code     0  libspace.o(.text)
    __user_perthread_libspace                0x08000585   Thumb Code     0  libspace.o(.text)
    _sys_exit                                0x0800058d   Thumb Code     8  sys_exit.o(.text)
    __I$use$semihosting                      0x08000599   Thumb Code     0  use_no_semi.o(.text)
    __use_no_semihosting_swi                 0x08000599   Thumb Code     2  use_no_semi.o(.text)
    __semihosting_library_function           0x0800059b   Thumb Code     0  indicate_semi.o(.text)
    BusFault_Handler                         0x0800059d   Thumb Code     2  stm32h5xx_it.o(.text.BusFault_Handler)
    DebugMon_Handler                         0x080005a1   Thumb Code     2  stm32h5xx_it.o(.text.DebugMon_Handler)
    EXTI13_IRQHandler                        0x080005a5   Thumb Code     8  stm32h5xx_it.o(.text.EXTI13_IRQHandler)
    Error_Handler                            0x080005ad   Thumb Code     6  main.o(.text.Error_Handler)
    HAL_Delay                                0x080005b5   Thumb Code    40  stm32h5xx_hal.o(.text.HAL_Delay)
    HAL_GPIO_EXTI_Falling_Callback           0x080005dd   Thumb Code     2  stm32h5xx_hal_gpio.o(.text.HAL_GPIO_EXTI_Falling_Callback)
    HAL_GPIO_EXTI_IRQHandler                 0x080005e1   Thumb Code    46  stm32h5xx_hal_gpio.o(.text.HAL_GPIO_EXTI_IRQHandler)
    HAL_GPIO_EXTI_Rising_Callback            0x08000611   Thumb Code     2  stm32h5xx_hal_gpio.o(.text.HAL_GPIO_EXTI_Rising_Callback)
    HAL_GPIO_Init                            0x08000615   Thumb Code   392  stm32h5xx_hal_gpio.o(.text.HAL_GPIO_Init)
    HAL_GPIO_WritePin                        0x0800079d   Thumb Code    12  stm32h5xx_hal_gpio.o(.text.HAL_GPIO_WritePin)
    HAL_GetTick                              0x080007a9   Thumb Code    12  stm32h5xx_hal.o(.text.HAL_GetTick)
    HAL_IncTick                              0x080007b5   Thumb Code    26  stm32h5xx_hal.o(.text.HAL_IncTick)
    HAL_Init                                 0x080007d1   Thumb Code    76  stm32h5xx_hal.o(.text.HAL_Init)
    HAL_InitTick                             0x0800081d   Thumb Code   168  stm32h5xx_hal.o(.text.HAL_InitTick)
    HAL_MspInit                              0x080008c5   Thumb Code     2  stm32h5xx_hal_msp.o(.text.HAL_MspInit)
    HAL_NVIC_EnableIRQ                       0x080008c9   Thumb Code    34  stm32h5xx_hal_cortex.o(.text.HAL_NVIC_EnableIRQ)
    HAL_NVIC_SetPriority                     0x080008ed   Thumb Code    86  stm32h5xx_hal_cortex.o(.text.HAL_NVIC_SetPriority)
    HAL_NVIC_SetPriorityGrouping             0x08000945   Thumb Code    32  stm32h5xx_hal_cortex.o(.text.HAL_NVIC_SetPriorityGrouping)
    HAL_PWREx_EnableVddUSB                   0x08000965   Thumb Code    18  stm32h5xx_hal_pwr_ex.o(.text.HAL_PWREx_EnableVddUSB)
    HAL_RCCEx_CRSConfig                      0x08000979   Thumb Code    76  stm32h5xx_hal_rcc_ex.o(.text.HAL_RCCEx_CRSConfig)
    HAL_RCCEx_PeriphCLKConfig                0x080009c5   Thumb Code  2632  stm32h5xx_hal_rcc_ex.o(.text.HAL_RCCEx_PeriphCLKConfig)
    HAL_RCC_ClockConfig                      0x0800140d   Thumb Code   606  stm32h5xx_hal_rcc.o(.text.HAL_RCC_ClockConfig)
    HAL_RCC_GetSysClockFreq                  0x0800166d   Thumb Code   284  stm32h5xx_hal_rcc.o(.text.HAL_RCC_GetSysClockFreq)
    HAL_RCC_OscConfig                        0x08001799   Thumb Code  1602  stm32h5xx_hal_rcc.o(.text.HAL_RCC_OscConfig)
    HAL_SPI_Init                             0x08001ddd   Thumb Code   484  stm32h5xx_hal_spi.o(.text.HAL_SPI_Init)
    HAL_SPI_MspInit                          0x08001fc1   Thumb Code   148  stm32h5xx_hal_msp.o(.text.HAL_SPI_MspInit)
    HAL_SPI_Transmit                         0x08002055   Thumb Code   748  stm32h5xx_hal_spi.o(.text.HAL_SPI_Transmit)
    HAL_SPI_TransmitReceive                  0x08002341   Thumb Code  1146  stm32h5xx_hal_spi.o(.text.HAL_SPI_TransmitReceive)
    HAL_SYSTICK_CLKSourceConfig              0x080027bd   Thumb Code   118  stm32h5xx_hal_cortex.o(.text.HAL_SYSTICK_CLKSourceConfig)
    HAL_SYSTICK_Config                       0x08002835   Thumb Code    36  stm32h5xx_hal_cortex.o(.text.HAL_SYSTICK_Config)
    HAL_SYSTICK_GetCLKSourceConfig           0x08002859   Thumb Code    48  stm32h5xx_hal_cortex.o(.text.HAL_SYSTICK_GetCLKSourceConfig)
    HardFault_Handler                        0x08002889   Thumb Code     2  stm32h5xx_it.o(.text.HardFault_Handler)
    MCP_Init                                 0x0800288d   Thumb Code   784  mcp23s17.o(.text.MCP_Init)
    MCP_IsReady                              0x08002b9d   Thumb Code    12  mcp23s17.o(.text.MCP_IsReady)
    MCP_Read                                 0x08002ba9   Thumb Code    96  mcp23s17.o(.text.MCP_Read)
    MCP_Write                                0x08002c09   Thumb Code    74  mcp23s17.o(.text.MCP_Write)
    MemManage_Handler                        0x08002c55   Thumb Code     2  stm32h5xx_it.o(.text.MemManage_Handler)
    NMI_Handler                              0x08002c59   Thumb Code     2  stm32h5xx_it.o(.text.NMI_Handler)
    PendSV_Handler                           0x08002c5d   Thumb Code     2  stm32h5xx_it.o(.text.PendSV_Handler)
    SVC_Handler                              0x08002f09   Thumb Code     2  stm32h5xx_it.o(.text.SVC_Handler)
    SysTick_Handler                          0x08002f0d   Thumb Code     4  stm32h5xx_it.o(.text.SysTick_Handler)
    SystemClock_Config                       0x08002f11   Thumb Code   208  main.o(.text.SystemClock_Config)
    SystemInit                               0x08002fe1   Thumb Code   174  system_stm32h5xx.o(.text.SystemInit)
    USB_DRD_FS_IRQHandler                    0x08003091   Thumb Code     6  stm32h5xx_it.o(.text.USB_DRD_FS_IRQHandler)
    UsageFault_Handler                       0x08003099   Thumb Code     2  stm32h5xx_it.o(.text.UsageFault_Handler)
    btable_set_rx_bufsize                    0x0800309d   Thumb Code    76  fsdev_common.o(.text.btable_set_rx_bufsize)
    dcd_edpt0_status_complete                0x08003181   Thumb Code    50  dcd_stm32_fsdev.o(.text.dcd_edpt0_status_complete)
    dcd_edpt_clear_stall                     0x080031b5   Thumb Code   150  dcd_stm32_fsdev.o(.text.dcd_edpt_clear_stall)
    dcd_edpt_close_all                       0x0800324d   Thumb Code   108  dcd_stm32_fsdev.o(.text.dcd_edpt_close_all)
    dcd_edpt_open                            0x080032b9   Thumb Code   332  dcd_stm32_fsdev.o(.text.dcd_edpt_open)
    dcd_edpt_stall                           0x08003405   Thumb Code   124  dcd_stm32_fsdev.o(.text.dcd_edpt_stall)
    dcd_edpt_xfer                            0x08003481   Thumb Code   172  dcd_stm32_fsdev.o(.text.dcd_edpt_xfer)
    dcd_edpt_xfer_fifo                       0x0800352d   Thumb Code   172  dcd_stm32_fsdev.o(.text.dcd_edpt_xfer_fifo)
    dcd_event_handler                        0x080039b1   Thumb Code   744  usbd.o(.text.dcd_event_handler)
    dcd_init                                 0x08003c99   Thumb Code    42  dcd_stm32_fsdev.o(.text.dcd_init)
    dcd_int_disable                          0x08003cc5   Thumb Code    24  dcd_stm32_fsdev.o(.text.dcd_int_disable)
    dcd_int_enable                           0x08003cdd   Thumb Code    24  dcd_stm32_fsdev.o(.text.dcd_int_enable)
    dcd_int_handler                          0x08003cf5   Thumb Code   894  dcd_stm32_fsdev.o(.text.dcd_int_handler)
    dcd_set_address                          0x08004075   Thumb Code    24  dcd_stm32_fsdev.o(.text.dcd_set_address)
    dcd_sof_enable                           0x0800408d   Thumb Code    22  dcd_stm32_fsdev.o(.text.dcd_sof_enable)
    fsdev_core_reset                         0x08004175   Thumb Code    78  fsdev_common.o(.text.fsdev_core_reset)
    main                                     0x080042d5   Thumb Code  1334  main.o(.text.main)
    midid_control_xfer_cb                    0x0800480d   Thumb Code     4  midi_device.o(.text.midid_control_xfer_cb)
    midid_deinit                             0x08004811   Thumb Code     4  midi_device.o(.text.midid_deinit)
    midid_init                               0x08004815   Thumb Code    76  midi_device.o(.text.midid_init)
    midid_open                               0x08004861   Thumb Code   376  midi_device.o(.text.midid_open)
    midid_reset                              0x080049d9   Thumb Code    44  midi_device.o(.text.midid_reset)
    midid_xfer_cb                            0x08004a05   Thumb Code   146  midi_device.o(.text.midid_xfer_cb)
    pma_align_buffer_size                    0x08004a99   Thumb Code    50  fsdev_common.o(.text.pma_align_buffer_size)
    tu_bind_driver_to_ep_itf                 0x08004cf1   Thumb Code   116  tusb.o(.text.tu_bind_driver_to_ep_itf)
    tu_edpt_claim                            0x08004d65   Thumb Code    40  tusb.o(.text.tu_edpt_claim)
    tu_edpt_release                          0x08004d8d   Thumb Code    28  tusb.o(.text.tu_edpt_release)
    tu_edpt_stream_init                      0x08004da9   Thumb Code    66  tusb.o(.text.tu_edpt_stream_init)
    tu_edpt_stream_read_xfer                 0x08004ded   Thumb Code   210  tusb.o(.text.tu_edpt_stream_read_xfer)
    tu_edpt_stream_write                     0x08004ec1   Thumb Code    68  tusb.o(.text.tu_edpt_stream_write)
    tu_edpt_stream_write_available           0x08004f05   Thumb Code    24  tusb.o(.text.tu_edpt_stream_write_available)
    tu_edpt_stream_write_xfer                0x08004f1d   Thumb Code   190  tusb.o(.text.tu_edpt_stream_write_xfer)
    tu_edpt_stream_write_zlp_if_needed       0x08004fdd   Thumb Code   128  tusb.o(.text.tu_edpt_stream_write_zlp_if_needed)
    tu_fifo_clear                            0x0800505d   Thumb Code     8  tusb_fifo.o(.text.tu_fifo_clear)
    tu_fifo_config                           0x08005065   Thumb Code    30  tusb_fifo.o(.text.tu_fifo_config)
    tu_fifo_peek_n_access_mode               0x08005085   Thumb Code   940  tusb_fifo.o(.text.tu_fifo_peek_n_access_mode)
    tu_fifo_read_n_access_mode               0x08005431   Thumb Code    58  tusb_fifo.o(.text.tu_fifo_read_n_access_mode)
    tu_fifo_write_n_access_mode              0x0800546d   Thumb Code  1148  tusb_fifo.o(.text.tu_fifo_write_n_access_mode)
    tu_hwfifo_read                           0x080058e9   Thumb Code   172  tusb_fifo.o(.text.tu_hwfifo_read)
    tu_hwfifo_write                          0x08005995   Thumb Code   160  tusb_fifo.o(.text.tu_hwfifo_write)
    tud_control_status                       0x08005a35   Thumb Code    54  usbd_control.o(.text.tud_control_status)
    tud_control_xfer                         0x08005a6d   Thumb Code   214  usbd_control.o(.text.tud_control_xfer)
    tud_descriptor_bos_cb                    0x08005b45   Thumb Code     4  usbd.o(.text.tud_descriptor_bos_cb)
    tud_descriptor_configuration_cb          0x08005b49   Thumb Code    10  usb_descriptors.o(.text.tud_descriptor_configuration_cb)
    tud_descriptor_device_cb                 0x08005b55   Thumb Code    10  usb_descriptors.o(.text.tud_descriptor_device_cb)
    tud_descriptor_device_qualifier_cb       0x08005b61   Thumb Code     4  usbd.o(.text.tud_descriptor_device_qualifier_cb)
    tud_descriptor_other_speed_configuration_cb 0x08005b65   Thumb Code     4  usbd.o(.text.tud_descriptor_other_speed_configuration_cb)
    tud_descriptor_string_cb                 0x08005b69   Thumb Code   232  usb_descriptors.o(.text.tud_descriptor_string_cb)
    tud_event_hook_cb                        0x08005c51   Thumb Code     2  usbd.o(.text.tud_event_hook_cb)
    tud_midi_n_stream_write                  0x08005c55   Thumb Code   438  midi_device.o(.text.tud_midi_n_stream_write)
    tud_midi_rx_cb                           0x08005e0d   Thumb Code     2  midi_device.o(.text.tud_midi_rx_cb)
    tud_mount_cb                             0x08005e11   Thumb Code     2  usbd.o(.text.tud_mount_cb)
    tud_mounted                              0x08005e15   Thumb Code    18  usbd.o(.text.tud_mounted)
    tud_resume_cb                            0x08005e29   Thumb Code     2  usbd.o(.text.tud_resume_cb)
    tud_rhport_init                          0x08005e2d   Thumb Code   260  usbd.o(.text.tud_rhport_init)
    tud_sof_cb                               0x08005f31   Thumb Code     2  usbd.o(.text.tud_sof_cb)
    tud_suspend_cb                           0x08005f35   Thumb Code     2  usbd.o(.text.tud_suspend_cb)
    tud_task_ext                             0x08005f39   Thumb Code  1632  usbd.o(.text.tud_task_ext)
    tud_umount_cb                            0x08006599   Thumb Code     2  usbd.o(.text.tud_umount_cb)
    tud_vendor_control_xfer_cb               0x0800659d   Thumb Code     4  usbd.o(.text.tud_vendor_control_xfer_cb)
    tusb_rhport_init                         0x080065a1   Thumb Code   138  tusb.o(.text.tusb_rhport_init)
    usbd_app_driver_get_cb                   0x0800662d   Thumb Code    10  usbd.o(.text.usbd_app_driver_get_cb)
    usbd_control_reset                       0x08006639   Thumb Code    22  usbd_control.o(.text.usbd_control_reset)
    usbd_control_set_complete_callback       0x08006651   Thumb Code    12  usbd_control.o(.text.usbd_control_set_complete_callback)
    usbd_control_set_request                 0x0800665d   Thumb Code    24  usbd_control.o(.text.usbd_control_set_request)
    usbd_control_xfer_cb                     0x08006675   Thumb Code   348  usbd_control.o(.text.usbd_control_xfer_cb)
    usbd_edpt_claim                          0x080067d1   Thumb Code    28  usbd.o(.text.usbd_edpt_claim)
    usbd_edpt_clear_stall                    0x080067ed   Thumb Code    64  usbd.o(.text.usbd_edpt_clear_stall)
    usbd_edpt_open                           0x0800682d   Thumb Code    40  usbd.o(.text.usbd_edpt_open)
    usbd_edpt_release                        0x08006855   Thumb Code    28  usbd.o(.text.usbd_edpt_release)
    usbd_edpt_stall                          0x08006871   Thumb Code    64  usbd.o(.text.usbd_edpt_stall)
    usbd_edpt_xfer                           0x080068b1   Thumb Code   138  usbd.o(.text.usbd_edpt_xfer)
    usbd_edpt_xfer_fifo                      0x0800693d   Thumb Code   138  usbd.o(.text.usbd_edpt_xfer_fifo)
    usbd_int_set                             0x080069c9   Thumb Code    24  usbd.o(.text.usbd_int_set)
    _fp_init                                 0x080069e1   Thumb Code    26  fpinit.o(x$fpl$fpinit)
    __fplib_config_fpu_vfp                   0x080069f9   Thumb Code     0  fpinit.o(x$fpl$fpinit)
    __fplib_config_pureend_doubles           0x080069f9   Thumb Code     0  fpinit.o(x$fpl$fpinit)
    AHBPrescTable                            0x080069fc   Data          16  system_stm32h5xx.o(.rodata.AHBPrescTable)
    desc_configuration                       0x08006a50   Data         101  usb_descriptors.o(.rodata.desc_configuration)
    desc_device                              0x08006ab6   Data          18  usb_descriptors.o(.rodata.desc_device)
    Region$$Table$$Base                      0x08006ae8   Number         0  anon$$obj.o(Region$$Table)
    Region$$Table$$Limit                     0x08006b08   Number         0  anon$$obj.o(Region$$Table)
    uwTickFreq                               0x20000000   Data           1  stm32h5xx_hal.o(.data..L_MergedGlobals)
    uwTickPrio                               0x20000004   Data           4  stm32h5xx_hal.o(.data..L_MergedGlobals)
    _usbd_qdef                               0x2000000c   Data          20  usbd.o(.data..L_MergedGlobals)
    SystemCoreClock                          0x20000020   Data           4  system_stm32h5xx.o(.data.SystemCoreClock)
    string_desc_arr                          0x20000030   Data          20  usb_descriptors.o(.data.string_desc_arr)
    __libspace_start                         0x20000048   Data          96  libspace.o(.bss)
    __temporary_stack_top$libspace           0x200000a8   Data           0  libspace.o(.bss)
    _tusb_rhport_role                        0x20000264   Data           2  tusb.o(.bss._tusb_rhport_role)
    _usbd_qdef_buf                           0x20000266   Data         192  usbd.o(.bss._usbd_qdef_buf)
    hspi1                                    0x20000328   Data         144  main.o(.bss.hspi1)
    uwTick                                   0x200003bc   Data           4  stm32h5xx_hal.o(.bss.uwTick)



==============================================================================

Memory Map of the image

  Image Entry point : 0x08000255

  Load Region LR_IROM1 (Base: 0x08000000, Size: 0x00006b50, Max: 0x00080000, ABSOLUTE)

    Execution Region ER_IROM1 (Exec base: 0x08000000, Load base: 0x08000000, Size: 0x00006b08, Max: 0x00080000, ABSOLUTE)

    Exec Addr    Load Addr    Size         Type   Attr      Idx    E Section Name        Object

    0x08000000   0x08000000   0x00000254   Data   RO            3    RESET               startup_stm32h533xx.o
    0x08000254   0x08000254   0x00000008   Code   RO         1699  * !!!main             c_w.l(__main.o)
    0x0800025c   0x0800025c   0x0000005c   Code   RO         1876    !!!scatter          c_w.l(__scatter.o)
    0x080002b8   0x080002b8   0x0000001a   Code   RO         1880    !!handler_copy      c_w.l(__scatter_copy.o)
    0x080002d2   0x080002d2   0x00000002   PAD
    0x080002d4   0x080002d4   0x00000002   Code   RO         1877    !!handler_null      c_w.l(__scatter.o)
    0x080002d6   0x080002d6   0x00000002   PAD
    0x080002d8   0x080002d8   0x0000001c   Code   RO         1882    !!handler_zi        c_w.l(__scatter_zi.o)
    0x080002f4   0x080002f4   0x00000002   Code   RO         1738    .ARM.Collect$$libinit$$00000000  c_w.l(libinit.o)
    0x080002f6   0x080002f6   0x00000004   Code   RO         1750    .ARM.Collect$$libinit$$00000001  c_w.l(libinit2.o)
    0x080002fa   0x080002fa   0x00000000   Code   RO         1753    .ARM.Collect$$libinit$$00000004  c_w.l(libinit2.o)
    0x080002fa   0x080002fa   0x00000000   Code   RO         1755    .ARM.Collect$$libinit$$00000006  c_w.l(libinit2.o)
    0x080002fa   0x080002fa   0x00000000   Code   RO         1758    .ARM.Collect$$libinit$$0000000C  c_w.l(libinit2.o)
    0x080002fa   0x080002fa   0x00000000   Code   RO         1760    .ARM.Collect$$libinit$$0000000E  c_w.l(libinit2.o)
    0x080002fa   0x080002fa   0x00000000   Code   RO         1762    .ARM.Collect$$libinit$$00000010  c_w.l(libinit2.o)
    0x080002fa   0x080002fa   0x00000000   Code   RO         1765    .ARM.Collect$$libinit$$00000013  c_w.l(libinit2.o)
    0x080002fa   0x080002fa   0x00000000   Code   RO         1767    .ARM.Collect$$libinit$$00000015  c_w.l(libinit2.o)
    0x080002fa   0x080002fa   0x00000000   Code   RO         1769    .ARM.Collect$$libinit$$00000017  c_w.l(libinit2.o)
    0x080002fa   0x080002fa   0x00000000   Code   RO         1771    .ARM.Collect$$libinit$$00000019  c_w.l(libinit2.o)
    0x080002fa   0x080002fa   0x00000000   Code   RO         1773    .ARM.Collect$$libinit$$0000001B  c_w.l(libinit2.o)
    0x080002fa   0x080002fa   0x00000000   Code   RO         1775    .ARM.Collect$$libinit$$0000001D  c_w.l(libinit2.o)
    0x080002fa   0x080002fa   0x00000000   Code   RO         1777    .ARM.Collect$$libinit$$0000001F  c_w.l(libinit2.o)
    0x080002fa   0x080002fa   0x00000000   Code   RO         1779    .ARM.Collect$$libinit$$00000021  c_w.l(libinit2.o)
    0x080002fa   0x080002fa   0x00000000   Code   RO         1781    .ARM.Collect$$libinit$$00000023  c_w.l(libinit2.o)
    0x080002fa   0x080002fa   0x00000000   Code   RO         1783    .ARM.Collect$$libinit$$00000025  c_w.l(libinit2.o)
    0x080002fa   0x080002fa   0x00000000   Code   RO         1785    .ARM.Collect$$libinit$$00000027  c_w.l(libinit2.o)
    0x080002fa   0x080002fa   0x00000000   Code   RO         1789    .ARM.Collect$$libinit$$0000002E  c_w.l(libinit2.o)
    0x080002fa   0x080002fa   0x00000000   Code   RO         1791    .ARM.Collect$$libinit$$00000030  c_w.l(libinit2.o)
    0x080002fa   0x080002fa   0x00000000   Code   RO         1793    .ARM.Collect$$libinit$$00000032  c_w.l(libinit2.o)
    0x080002fa   0x080002fa   0x00000000   Code   RO         1795    .ARM.Collect$$libinit$$00000034  c_w.l(libinit2.o)
    0x080002fa   0x080002fa   0x00000002   Code   RO         1796    .ARM.Collect$$libinit$$00000035  c_w.l(libinit2.o)
    0x080002fc   0x080002fc   0x00000002   Code   RO         1831    .ARM.Collect$$libshutdown$$00000000  c_w.l(libshutdown.o)
    0x080002fe   0x080002fe   0x00000000   Code   RO         1859    .ARM.Collect$$libshutdown$$00000002  c_w.l(libshutdown2.o)
    0x080002fe   0x080002fe   0x00000000   Code   RO         1861    .ARM.Collect$$libshutdown$$00000004  c_w.l(libshutdown2.o)
    0x080002fe   0x080002fe   0x00000000   Code   RO         1864    .ARM.Collect$$libshutdown$$00000007  c_w.l(libshutdown2.o)
    0x080002fe   0x080002fe   0x00000000   Code   RO         1867    .ARM.Collect$$libshutdown$$0000000A  c_w.l(libshutdown2.o)
    0x080002fe   0x080002fe   0x00000000   Code   RO         1869    .ARM.Collect$$libshutdown$$0000000C  c_w.l(libshutdown2.o)
    0x080002fe   0x080002fe   0x00000000   Code   RO         1872    .ARM.Collect$$libshutdown$$0000000F  c_w.l(libshutdown2.o)
    0x080002fe   0x080002fe   0x00000002   Code   RO         1873    .ARM.Collect$$libshutdown$$00000010  c_w.l(libshutdown2.o)
    0x08000300   0x08000300   0x00000000   Code   RO         1701    .ARM.Collect$$rtentry$$00000000  c_w.l(__rtentry.o)
    0x08000300   0x08000300   0x00000000   Code   RO         1709    .ARM.Collect$$rtentry$$00000002  c_w.l(__rtentry2.o)
    0x08000300   0x08000300   0x00000006   Code   RO         1721    .ARM.Collect$$rtentry$$00000004  c_w.l(__rtentry4.o)
    0x08000306   0x08000306   0x00000000   Code   RO         1711    .ARM.Collect$$rtentry$$00000009  c_w.l(__rtentry2.o)
    0x08000306   0x08000306   0x00000004   Code   RO         1712    .ARM.Collect$$rtentry$$0000000A  c_w.l(__rtentry2.o)
    0x0800030a   0x0800030a   0x00000000   Code   RO         1714    .ARM.Collect$$rtentry$$0000000C  c_w.l(__rtentry2.o)
    0x0800030a   0x0800030a   0x00000008   Code   RO         1715    .ARM.Collect$$rtentry$$0000000D  c_w.l(__rtentry2.o)
    0x08000312   0x08000312   0x00000002   Code   RO         1742    .ARM.Collect$$rtexit$$00000000  c_w.l(rtexit.o)
    0x08000314   0x08000314   0x00000000   Code   RO         1802    .ARM.Collect$$rtexit$$00000002  c_w.l(rtexit2.o)
    0x08000314   0x08000314   0x00000004   Code   RO         1803    .ARM.Collect$$rtexit$$00000003  c_w.l(rtexit2.o)
    0x08000318   0x08000318   0x00000006   Code   RO         1804    .ARM.Collect$$rtexit$$00000004  c_w.l(rtexit2.o)
    0x0800031e   0x0800031e   0x00000002   PAD
    0x08000320   0x08000320   0x00000044   Code   RO            4    .text               startup_stm32h533xx.o
    0x08000364   0x08000364   0x0000003e   Code   RO         1689    .text               c_w.l(strlen.o)
    0x080003a2   0x080003a2   0x0000008a   Code   RO         1691    .text               c_w.l(rt_memcpy_v6.o)
    0x0800042c   0x0800042c   0x00000044   Code   RO         1693    .text               c_w.l(rt_memclr.o)
    0x08000470   0x08000470   0x0000004e   Code   RO         1695    .text               c_w.l(rt_memclr_w.o)
    0x080004be   0x080004be   0x00000006   Code   RO         1697    .text               c_w.l(heapauxi.o)
    0x080004c4   0x080004c4   0x00000064   Code   RO         1706    .text               c_w.l(rt_memcpy_w.o)
    0x08000528   0x08000528   0x0000004a   Code   RO         1725    .text               c_w.l(sys_stackheap_outer.o)
    0x08000572   0x08000572   0x00000012   Code   RO         1727    .text               c_w.l(exit.o)
    0x08000584   0x08000584   0x00000008   Code   RO         1739    .text               c_w.l(libspace.o)
    0x0800058c   0x0800058c   0x0000000c   Code   RO         1797    .text               c_w.l(sys_exit.o)
    0x08000598   0x08000598   0x00000002   Code   RO         1820    .text               c_w.l(use_no_semi.o)
    0x0800059a   0x0800059a   0x00000000   Code   RO         1822    .text               c_w.l(indicate_semi.o)
    0x0800059a   0x0800059a   0x00000002   PAD
    0x0800059c   0x0800059c   0x00000002   Code   RO           84    .text.BusFault_Handler  stm32h5xx_it.o
    0x0800059e   0x0800059e   0x00000002   PAD
    0x080005a0   0x080005a0   0x00000002   Code   RO           90    .text.DebugMon_Handler  stm32h5xx_it.o
    0x080005a2   0x080005a2   0x00000002   PAD
    0x080005a4   0x080005a4   0x00000008   Code   RO           96    .text.EXTI13_IRQHandler  stm32h5xx_it.o
    0x080005ac   0x080005ac   0x00000006   Code   RO           65    .text.Error_Handler  main.o
    0x080005b2   0x080005b2   0x00000002   PAD
    0x080005b4   0x080005b4   0x00000028   Code   RO          710    .text.HAL_Delay     stm32h5xx_hal.o
    0x080005dc   0x080005dc   0x00000002   Code   RO          433    .text.HAL_GPIO_EXTI_Falling_Callback  stm32h5xx_hal_gpio.o
    0x080005de   0x080005de   0x00000002   PAD
    0x080005e0   0x080005e0   0x0000002e   Code   RO          429    .text.HAL_GPIO_EXTI_IRQHandler  stm32h5xx_hal_gpio.o
    0x0800060e   0x0800060e   0x00000002   PAD
    0x08000610   0x08000610   0x00000002   Code   RO          431    .text.HAL_GPIO_EXTI_Rising_Callback  stm32h5xx_hal_gpio.o
    0x08000612   0x08000612   0x00000002   PAD
    0x08000614   0x08000614   0x00000188   Code   RO          411    .text.HAL_GPIO_Init  stm32h5xx_hal_gpio.o
    0x0800079c   0x0800079c   0x0000000c   Code   RO          417    .text.HAL_GPIO_WritePin  stm32h5xx_hal_gpio.o
    0x080007a8   0x080007a8   0x0000000c   Code   RO          702    .text.HAL_GetTick   stm32h5xx_hal.o
    0x080007b4   0x080007b4   0x0000001a   Code   RO          700    .text.HAL_IncTick   stm32h5xx_hal.o
    0x080007ce   0x080007ce   0x00000002   PAD
    0x080007d0   0x080007d0   0x0000004c   Code   RO          690    .text.HAL_Init      stm32h5xx_hal.o
    0x0800081c   0x0800081c   0x000000a8   Code   RO          692    .text.HAL_InitTick  stm32h5xx_hal.o
    0x080008c4   0x080008c4   0x00000002   Code   RO          107    .text.HAL_MspInit   stm32h5xx_hal_msp.o
    0x080008c6   0x080008c6   0x00000002   PAD
    0x080008c8   0x080008c8   0x00000022   Code   RO          168    .text.HAL_NVIC_EnableIRQ  stm32h5xx_hal_cortex.o
    0x080008ea   0x080008ea   0x00000002   PAD
    0x080008ec   0x080008ec   0x00000056   Code   RO          166    .text.HAL_NVIC_SetPriority  stm32h5xx_hal_cortex.o
    0x08000942   0x08000942   0x00000002   PAD
    0x08000944   0x08000944   0x00000020   Code   RO          164    .text.HAL_NVIC_SetPriorityGrouping  stm32h5xx_hal_cortex.o
    0x08000964   0x08000964   0x00000012   Code   RO          628    .text.HAL_PWREx_EnableVddUSB  stm32h5xx_hal_pwr_ex.o
    0x08000976   0x08000976   0x00000002   PAD
    0x08000978   0x08000978   0x0000004c   Code   RO          302    .text.HAL_RCCEx_CRSConfig  stm32h5xx_hal_rcc_ex.o
    0x080009c4   0x080009c4   0x00000a48   Code   RO          260    .text.HAL_RCCEx_PeriphCLKConfig  stm32h5xx_hal_rcc_ex.o
    0x0800140c   0x0800140c   0x0000025e   Code   RO          224    .text.HAL_RCC_ClockConfig  stm32h5xx_hal_rcc.o
    0x0800166a   0x0800166a   0x00000002   PAD
    0x0800166c   0x0800166c   0x0000012c   Code   RO          226    .text.HAL_RCC_GetSysClockFreq  stm32h5xx_hal_rcc.o
    0x08001798   0x08001798   0x00000642   Code   RO          220    .text.HAL_RCC_OscConfig  stm32h5xx_hal_rcc.o
    0x08001dda   0x08001dda   0x00000002   PAD
    0x08001ddc   0x08001ddc   0x000001e4   Code   RO          850    .text.HAL_SPI_Init  stm32h5xx_hal_spi.o
    0x08001fc0   0x08001fc0   0x00000094   Code   RO          109    .text.HAL_SPI_MspInit  stm32h5xx_hal_msp.o
    0x08002054   0x08002054   0x000002ec   Code   RO          858    .text.HAL_SPI_Transmit  stm32h5xx_hal_spi.o
    0x08002340   0x08002340   0x0000047a   Code   RO          864    .text.HAL_SPI_TransmitReceive  stm32h5xx_hal_spi.o
    0x080027ba   0x080027ba   0x00000002   PAD
    0x080027bc   0x080027bc   0x00000076   Code   RO          190    .text.HAL_SYSTICK_CLKSourceConfig  stm32h5xx_hal_cortex.o
    0x08002832   0x08002832   0x00000002   PAD
    0x08002834   0x08002834   0x00000024   Code   RO          188    .text.HAL_SYSTICK_Config  stm32h5xx_hal_cortex.o
    0x08002858   0x08002858   0x00000030   Code   RO          192    .text.HAL_SYSTICK_GetCLKSourceConfig  stm32h5xx_hal_cortex.o
    0x08002888   0x08002888   0x00000002   Code   RO           80    .text.HardFault_Handler  stm32h5xx_it.o
    0x0800288a   0x0800288a   0x00000002   PAD
    0x0800288c   0x0800288c   0x00000310   Code   RO           46    .text.MCP_Init      mcp23s17.o
    0x08002b9c   0x08002b9c   0x0000000c   Code   RO           48    .text.MCP_IsReady   mcp23s17.o
    0x08002ba8   0x08002ba8   0x00000060   Code   RO           44    .text.MCP_Read      mcp23s17.o
    0x08002c08   0x08002c08   0x0000004a   Code   RO           42    .text.MCP_Write     mcp23s17.o
    0x08002c52   0x08002c52   0x00000002   PAD
    0x08002c54   0x08002c54   0x00000002   Code   RO           82    .text.MemManage_Handler  stm32h5xx_it.o
    0x08002c56   0x08002c56   0x00000002   PAD
    0x08002c58   0x08002c58   0x00000002   Code   RO           78    .text.NMI_Handler   stm32h5xx_it.o
    0x08002c5a   0x08002c5a   0x00000002   PAD
    0x08002c5c   0x08002c5c   0x00000002   Code   RO           92    .text.PendSV_Handler  stm32h5xx_it.o
    0x08002c5e   0x08002c5e   0x00000002   PAD
    0x08002c60   0x08002c60   0x000000ea   Code   RO          262    .text.RCCEx_PLL2_Config  stm32h5xx_hal_rcc_ex.o
    0x08002d4a   0x08002d4a   0x00000002   PAD
    0x08002d4c   0x08002d4c   0x000000ea   Code   RO          264    .text.RCCEx_PLL3_Config  stm32h5xx_hal_rcc_ex.o
    0x08002e36   0x08002e36   0x00000002   PAD
    0x08002e38   0x08002e38   0x000000d0   Code   RO          860    .text.SPI_CloseTransfer  stm32h5xx_hal_spi.o
    0x08002f08   0x08002f08   0x00000002   Code   RO           88    .text.SVC_Handler   stm32h5xx_it.o
    0x08002f0a   0x08002f0a   0x00000002   PAD
    0x08002f0c   0x08002f0c   0x00000004   Code   RO           94    .text.SysTick_Handler  stm32h5xx_it.o
    0x08002f10   0x08002f10   0x000000d0   Code   RO           63    .text.SystemClock_Config  main.o
    0x08002fe0   0x08002fe0   0x000000ae   Code   RO         1322    .text.SystemInit    system_stm32h5xx.o
    0x0800308e   0x0800308e   0x00000002   PAD
    0x08003090   0x08003090   0x00000006   Code   RO           98    .text.USB_DRD_FS_IRQHandler  stm32h5xx_it.o
    0x08003096   0x08003096   0x00000002   PAD
    0x08003098   0x08003098   0x00000002   Code   RO           86    .text.UsageFault_Handler  stm32h5xx_it.o
    0x0800309a   0x0800309a   0x00000002   PAD
    0x0800309c   0x0800309c   0x0000004c   Code   RO         1676    .text.btable_set_rx_bufsize  fsdev_common.o
    0x080030e8   0x080030e8   0x00000098   Code   RO         1490    .text.configuration_reset  usbd.o
    0x08003180   0x08003180   0x00000032   Code   RO         1633    .text.dcd_edpt0_status_complete  dcd_stm32_fsdev.o
    0x080031b2   0x080031b2   0x00000002   PAD
    0x080031b4   0x080031b4   0x00000096   Code   RO         1653    .text.dcd_edpt_clear_stall  dcd_stm32_fsdev.o
    0x0800324a   0x0800324a   0x00000002   PAD
    0x0800324c   0x0800324c   0x0000006c   Code   RO         1639    .text.dcd_edpt_close_all  dcd_stm32_fsdev.o
    0x080032b8   0x080032b8   0x0000014c   Code   RO         1635    .text.dcd_edpt_open  dcd_stm32_fsdev.o
    0x08003404   0x08003404   0x0000007c   Code   RO         1651    .text.dcd_edpt_stall  dcd_stm32_fsdev.o
    0x08003480   0x08003480   0x000000ac   Code   RO         1627    .text.dcd_edpt_xfer  dcd_stm32_fsdev.o
    0x0800352c   0x0800352c   0x000000ac   Code   RO         1649    .text.dcd_edpt_xfer_fifo  dcd_stm32_fsdev.o
    0x080035d8   0x080035d8   0x000003d6   Code   RO         1637    .text.dcd_ep_alloc  dcd_stm32_fsdev.o
    0x080039ae   0x080039ae   0x00000002   PAD
    0x080039b0   0x080039b0   0x000002e8   Code   RO         1456    .text.dcd_event_handler  usbd.o
    0x08003c98   0x08003c98   0x0000002a   Code   RO         1615    .text.dcd_init      dcd_stm32_fsdev.o
    0x08003cc2   0x08003cc2   0x00000002   PAD
    0x08003cc4   0x08003cc4   0x00000018   Code   RO         1641    .text.dcd_int_disable  dcd_stm32_fsdev.o
    0x08003cdc   0x08003cdc   0x00000018   Code   RO         1643    .text.dcd_int_enable  dcd_stm32_fsdev.o
    0x08003cf4   0x08003cf4   0x0000037e   Code   RO         1631    .text.dcd_int_handler  dcd_stm32_fsdev.o
    0x08004072   0x08004072   0x00000002   PAD
    0x08004074   0x08004074   0x00000018   Code   RO         1625    .text.dcd_set_address  dcd_stm32_fsdev.o
    0x0800408c   0x0800408c   0x00000016   Code   RO         1623    .text.dcd_sof_enable  dcd_stm32_fsdev.o
    0x080040a2   0x080040a2   0x00000002   PAD
    0x080040a4   0x080040a4   0x000000ce   Code   RO         1657    .text.dcd_transmit_packet  dcd_stm32_fsdev.o
    0x08004172   0x08004172   0x00000002   PAD
    0x08004174   0x08004174   0x0000004e   Code   RO         1670    .text.fsdev_core_reset  fsdev_common.o
    0x080041c2   0x080041c2   0x00000002   PAD
    0x080041c4   0x080041c4   0x00000110   Code   RO         1617    .text.handle_bus_reset  dcd_stm32_fsdev.o
    0x080042d4   0x080042d4   0x00000536   Code   RO           61    .text.main          main.o
    0x0800480a   0x0800480a   0x00000002   PAD
    0x0800480c   0x0800480c   0x00000004   Code   RO         1558    .text.midid_control_xfer_cb  midi_device.o
    0x08004810   0x08004810   0x00000004   Code   RO         1552    .text.midid_deinit  midi_device.o
    0x08004814   0x08004814   0x0000004c   Code   RO         1550    .text.midid_init    midi_device.o
    0x08004860   0x08004860   0x00000178   Code   RO         1556    .text.midid_open    midi_device.o
    0x080049d8   0x080049d8   0x0000002c   Code   RO         1554    .text.midid_reset   midi_device.o
    0x08004a04   0x08004a04   0x00000092   Code   RO         1560    .text.midid_xfer_cb  midi_device.o
    0x08004a96   0x08004a96   0x00000002   PAD
    0x08004a98   0x08004a98   0x00000032   Code   RO         1674    .text.pma_align_buffer_size  fsdev_common.o
    0x08004aca   0x08004aca   0x00000002   PAD
    0x08004acc   0x08004acc   0x000000c4   Code   RO         1494    .text.process_get_descriptor  usbd.o
    0x08004b90   0x08004b90   0x00000160   Code   RO         1492    .text.process_set_config  usbd.o
    0x08004cf0   0x08004cf0   0x00000074   Code   RO         1361    .text.tu_bind_driver_to_ep_itf  tusb.o
    0x08004d64   0x08004d64   0x00000028   Code   RO         1357    .text.tu_edpt_claim  tusb.o
    0x08004d8c   0x08004d8c   0x0000001c   Code   RO         1359    .text.tu_edpt_release  tusb.o
    0x08004da8   0x08004da8   0x00000042   Code   RO         1363    .text.tu_edpt_stream_init  tusb.o
    0x08004dea   0x08004dea   0x00000002   PAD
    0x08004dec   0x08004dec   0x000000d2   Code   RO         1373    .text.tu_edpt_stream_read_xfer  tusb.o
    0x08004ebe   0x08004ebe   0x00000002   PAD
    0x08004ec0   0x08004ec0   0x00000044   Code   RO         1369    .text.tu_edpt_stream_write  tusb.o
    0x08004f04   0x08004f04   0x00000018   Code   RO         1371    .text.tu_edpt_stream_write_available  tusb.o
    0x08004f1c   0x08004f1c   0x000000be   Code   RO         1367    .text.tu_edpt_stream_write_xfer  tusb.o
    0x08004fda   0x08004fda   0x00000002   PAD
    0x08004fdc   0x08004fdc   0x00000080   Code   RO         1365    .text.tu_edpt_stream_write_zlp_if_needed  tusb.o
    0x0800505c   0x0800505c   0x00000008   Code   RO         1573    .text.tu_fifo_clear  tusb_fifo.o
    0x08005064   0x08005064   0x0000001e   Code   RO         1571    .text.tu_fifo_config  tusb_fifo.o
    0x08005082   0x08005082   0x00000002   PAD
    0x08005084   0x08005084   0x000003ac   Code   RO         1581    .text.tu_fifo_peek_n_access_mode  tusb_fifo.o
    0x08005430   0x08005430   0x0000003a   Code   RO         1585    .text.tu_fifo_read_n_access_mode  tusb_fifo.o
    0x0800546a   0x0800546a   0x00000002   PAD
    0x0800546c   0x0800546c   0x0000047c   Code   RO         1587    .text.tu_fifo_write_n_access_mode  tusb_fifo.o
    0x080058e8   0x080058e8   0x000000ac   Code   RO         1579    .text.tu_hwfifo_read  tusb_fifo.o
    0x08005994   0x08005994   0x000000a0   Code   RO         1577    .text.tu_hwfifo_write  tusb_fifo.o
    0x08005a34   0x08005a34   0x00000036   Code   RO         1511    .text.tud_control_status  usbd_control.o
    0x08005a6a   0x08005a6a   0x00000002   PAD
    0x08005a6c   0x08005a6c   0x000000d6   Code   RO         1513    .text.tud_control_xfer  usbd_control.o
    0x08005b42   0x08005b42   0x00000002   PAD
    0x08005b44   0x08005b44   0x00000004   Code   RO         1390    .text.tud_descriptor_bos_cb  usbd.o
    0x08005b48   0x08005b48   0x0000000a   Code   RO           13    .text.tud_descriptor_configuration_cb  usb_descriptors.o
    0x08005b52   0x08005b52   0x00000002   PAD
    0x08005b54   0x08005b54   0x0000000a   Code   RO           11    .text.tud_descriptor_device_cb  usb_descriptors.o
    0x08005b5e   0x08005b5e   0x00000002   PAD
    0x08005b60   0x08005b60   0x00000004   Code   RO         1392    .text.tud_descriptor_device_qualifier_cb  usbd.o
    0x08005b64   0x08005b64   0x00000004   Code   RO         1394    .text.tud_descriptor_other_speed_configuration_cb  usbd.o
    0x08005b68   0x08005b68   0x000000e8   Code   RO           15    .text.tud_descriptor_string_cb  usb_descriptors.o
    0x08005c50   0x08005c50   0x00000002   Code   RO         1386    .text.tud_event_hook_cb  usbd.o
    0x08005c52   0x08005c52   0x00000002   PAD
    0x08005c54   0x08005c54   0x000001b6   Code   RO         1544    .text.tud_midi_n_stream_write  midi_device.o
    0x08005e0a   0x08005e0a   0x00000002   PAD
    0x08005e0c   0x08005e0c   0x00000002   Code   RO         1532    .text.tud_midi_rx_cb  midi_device.o
    0x08005e0e   0x08005e0e   0x00000002   PAD
    0x08005e10   0x08005e10   0x00000002   Code   RO         1396    .text.tud_mount_cb  usbd.o
    0x08005e12   0x08005e12   0x00000002   PAD
    0x08005e14   0x08005e14   0x00000012   Code   RO         1430    .text.tud_mounted   usbd.o
    0x08005e26   0x08005e26   0x00000002   PAD
    0x08005e28   0x08005e28   0x00000002   Code   RO         1402    .text.tud_resume_cb  usbd.o
    0x08005e2a   0x08005e2a   0x00000002   PAD
    0x08005e2c   0x08005e2c   0x00000104   Code   RO         1448    .text.tud_rhport_init  usbd.o
    0x08005f30   0x08005f30   0x00000002   Code   RO         1388    .text.tud_sof_cb    usbd.o
    0x08005f32   0x08005f32   0x00000002   PAD
    0x08005f34   0x08005f34   0x00000002   Code   RO         1400    .text.tud_suspend_cb  usbd.o
    0x08005f36   0x08005f36   0x00000002   PAD
    0x08005f38   0x08005f38   0x00000660   Code   RO         1454    .text.tud_task_ext  usbd.o
    0x08006598   0x08006598   0x00000002   Code   RO         1398    .text.tud_umount_cb  usbd.o
    0x0800659a   0x0800659a   0x00000002   PAD
    0x0800659c   0x0800659c   0x00000004   Code   RO         1404    .text.tud_vendor_control_xfer_cb  usbd.o
    0x080065a0   0x080065a0   0x0000008a   Code   RO         1343    .text.tusb_rhport_init  tusb.o
    0x0800662a   0x0800662a   0x00000002   PAD
    0x0800662c   0x0800662c   0x0000000a   Code   RO         1420    .text.usbd_app_driver_get_cb  usbd.o
    0x08006636   0x08006636   0x00000002   PAD
    0x08006638   0x08006638   0x00000016   Code   RO         1515    .text.usbd_control_reset  usbd_control.o
    0x0800664e   0x0800664e   0x00000002   PAD
    0x08006650   0x08006650   0x0000000c   Code   RO         1517    .text.usbd_control_set_complete_callback  usbd_control.o
    0x0800665c   0x0800665c   0x00000018   Code   RO         1519    .text.usbd_control_set_request  usbd_control.o
    0x08006674   0x08006674   0x0000015c   Code   RO         1521    .text.usbd_control_xfer_cb  usbd_control.o
    0x080067d0   0x080067d0   0x0000001c   Code   RO         1468    .text.usbd_edpt_claim  usbd.o
    0x080067ec   0x080067ec   0x00000040   Code   RO         1480    .text.usbd_edpt_clear_stall  usbd.o
    0x0800682c   0x0800682c   0x00000028   Code   RO         1464    .text.usbd_edpt_open  usbd.o
    0x08006854   0x08006854   0x0000001c   Code   RO         1470    .text.usbd_edpt_release  usbd.o
    0x08006870   0x08006870   0x00000040   Code   RO         1478    .text.usbd_edpt_stall  usbd.o
    0x080068b0   0x080068b0   0x0000008a   Code   RO         1472    .text.usbd_edpt_xfer  usbd.o
    0x0800693a   0x0800693a   0x00000002   PAD
    0x0800693c   0x0800693c   0x0000008a   Code   RO         1474    .text.usbd_edpt_xfer_fifo  usbd.o
    0x080069c6   0x080069c6   0x00000002   PAD
    0x080069c8   0x080069c8   0x00000018   Code   RO         1418    .text.usbd_int_set  usbd.o
    0x080069e0   0x080069e0   0x0000001a   Code   RO         1814    x$fpl$fpinit        fz_wm.l(fpinit.o)
    0x080069fa   0x080069fa   0x00000002   Data   RO           19    .rodata..compoundliteral  usb_descriptors.o
    0x080069fc   0x080069fc   0x00000010   Data   RO         1327    .rodata.AHBPrescTable  system_stm32h5xx.o
    0x08006a0c   0x08006a0c   0x00000024   Data   RO         1498    .rodata._usbd_driver  usbd.o
    0x08006a30   0x08006a30   0x00000020   Data   RO           51    .rodata.cst32       mcp23s17.o
    0x08006a50   0x08006a50   0x00000065   Data   RO           18    .rodata.desc_configuration  usb_descriptors.o
    0x08006ab5   0x08006ab5   0x00000001   PAD
    0x08006ab6   0x08006ab6   0x00000012   Data   RO           17    .rodata.desc_device  usb_descriptors.o
    0x08006ac8   0x08006ac8   0x00000020   Data   RO           20    .rodata.str1.1      usb_descriptors.o
    0x08006ae8   0x08006ae8   0x00000020   Data   RO         1875    Region$$Table       anon$$obj.o


    Execution Region RW_IRAM1 (Exec base: 0x20000000, Load base: 0x08006b08, Size: 0x00000ac0, Max: 0x00044000, ABSOLUTE)

    Exec Addr    Load Addr    Size         Type   Attr      Idx    E Section Name        Object

    0x20000000   0x08006b08   0x00000008   Data   RW          811    .data..L_MergedGlobals  stm32h5xx_hal.o
    0x20000008   0x08006b10   0x00000018   Data   RW         1499    .data..L_MergedGlobals  usbd.o
    0x20000020   0x08006b28   0x00000004   Data   RW         1326    .data.SystemCoreClock  system_stm32h5xx.o
    0x20000024   0x08006b2c   0x00000004   PAD
    0x20000028   0x08006b30   0x00000008   Data   RW           50    .data.s_active_cs   mcp23s17.o
    0x20000030   0x08006b38   0x00000014   Data   RW           21    .data.string_desc_arr  usb_descriptors.o
    0x20000044   0x08006b4c   0x00000004   PAD
    0x20000048        -       0x00000060   Zero   RW         1740    .bss                c_w.l(libspace.o)
    0x200000a8        -       0x00000054   Zero   RW         1523    .bss..L_MergedGlobals  usbd_control.o
    0x200000fc        -       0x00000022   Zero   RW         1661    .bss..L_MergedGlobals  dcd_stm32_fsdev.o
    0x2000011e   0x08006b4c   0x00000002   PAD
    0x20000120        -       0x00000043   Zero   RW         1500    .bss..L_MergedGlobals.1  usbd.o
    0x20000163   0x08006b4c   0x00000001   PAD
    0x20000164        -       0x00000040   Zero   RW           22    .bss._desc_str      usb_descriptors.o
    0x200001a4        -       0x000000c0   Zero   RW         1562    .bss._midid_itf     midi_device.o
    0x20000264        -       0x00000002   Zero   RW         1377    .bss._tusb_rhport_role  tusb.o
    0x20000266        -       0x000000c0   Zero   RW         1496    .bss._usbd_qdef_buf  usbd.o
    0x20000326   0x08006b4c   0x00000002   PAD
    0x20000328        -       0x00000090   Zero   RW           67    .bss.hspi1          main.o
    0x200003b8        -       0x00000001   Zero   RW         1659    .bss.remoteWakeCountdown  dcd_stm32_fsdev.o
    0x200003b9        -       0x00000001   Zero   RW           52    .bss.s_mcp_ready    mcp23s17.o
    0x200003ba   0x08006b4c   0x00000002   PAD
    0x200003bc        -       0x00000004   Zero   RW          810    .bss.uwTick         stm32h5xx_hal.o
    0x200003c0        -       0x00000100   Zero   RW         1660    .bss.xfer_status    dcd_stm32_fsdev.o
    0x200004c0        -       0x00000200   Zero   RW            2    HEAP                startup_stm32h533xx.o
    0x200006c0        -       0x00000400   Zero   RW            1    STACK               startup_stm32h533xx.o


==============================================================================

Image component sizes


      Code (inc. data)   RO Data    RW Data    ZI Data      Debug   Object Name

      3598          0          0          0        291      32672   dcd_stm32_fsdev.o
       204          0          0          0          0       2687   fsdev_common.o
      1548          0          0          0        144      21320   main.o
       966          0         32          8          1       8718   mcp23s17.o
      1090          0          0          0        192      16732   midi_device.o
        68         28        596          0       1536        948   startup_stm32h533xx.o
       322          0          0          8          4      14396   stm32h5xx_hal.o
       354          6          0          0          0      14078   stm32h5xx_hal_cortex.o
       454          0          0          0          0       5223   stm32h5xx_hal_gpio.o
       150          0          0          0          0      11275   stm32h5xx_hal_msp.o
        18          0          0          0          0       7389   stm32h5xx_hal_pwr_ex.o
      2508         16          0          0          0      12732   stm32h5xx_hal_rcc.o
      3176        172          0          0          0      23360   stm32h5xx_hal_rcc_ex.o
      2586          0          0          0          0      25035   stm32h5xx_hal_spi.o
        34          0          0          0          0       1707   stm32h5xx_it.o
       174          0         16          4          0       5883   system_stm32h5xx.o
      1008          0          0          0          2      14246   tusb.o
      2516          0          0          0          0      29735   tusb_fifo.o
       252          0        153         20         64       3149   usb_descriptors.o
      3916         46         36         24        259      33921   usbd.o
       674          0          0          0         84       5942   usbd_control.o

    ----------------------------------------------------------------------
     25736        268        866         68       2588     291148   Object Totals
         0          0         32          0          0          0   (incl. Generated)
       120          0          1          4         11          0   (incl. Padding)

    ----------------------------------------------------------------------

      Code (inc. data)   RO Data    RW Data    ZI Data      Debug   Library Member Name

         8          0          0          0          0         68   __main.o
         0          0          0          0          0          0   __rtentry.o
        12          0          0          0          0          0   __rtentry2.o
         6          0          0          0          0          0   __rtentry4.o
        94          8          0          0          0          0   __scatter.o
        26          0          0          0          0          0   __scatter_copy.o
        28          0          0          0          0          0   __scatter_zi.o
        18          0          0          0          0         80   exit.o
         6          0          0          0          0        152   heapauxi.o
         0          0          0          0          0          0   indicate_semi.o
         2          0          0          0          0          0   libinit.o
         6          0          0          0          0          0   libinit2.o
         2          0          0          0          0          0   libshutdown.o
         2          0          0          0          0          0   libshutdown2.o
         8          4          0          0         96         68   libspace.o
        68          0          0          0          0         68   rt_memclr.o
        78          0          0          0          0         80   rt_memclr_w.o
       138          0          0          0          0         68   rt_memcpy_v6.o
       100          0          0          0          0         80   rt_memcpy_w.o
         2          0          0          0          0          0   rtexit.o
        10          0          0          0          0          0   rtexit2.o
        62          0          0          0          0         76   strlen.o
        12          4          0          0          0         68   sys_exit.o
        74          0          0          0          0         80   sys_stackheap_outer.o
         2          0          0          0          0         68   use_no_semi.o
        26          0          0          0          0        116   fpinit.o

    ----------------------------------------------------------------------
       798         16          0          0         96       1072   Library Totals
         8          0          0          0          0          0   (incl. Padding)

    ----------------------------------------------------------------------

      Code (inc. data)   RO Data    RW Data    ZI Data      Debug   Library Name

       764         16          0          0         96        956   c_w.l
        26          0          0          0          0        116   fz_wm.l

    ----------------------------------------------------------------------
       798         16          0          0         96       1072   Library Totals

    ----------------------------------------------------------------------

==============================================================================


      Code (inc. data)   RO Data    RW Data    ZI Data      Debug   

     26534        284        866         68       2684     291492   Grand Totals
     26534        284        866         68       2684     291492   ELF Image Totals
     26534        284        866         68          0          0   ROM Totals

==============================================================================

    Total RO  Size (Code + RO Data)                27400 (  26.76kB)
    Total RW  Size (RW Data + ZI Data)              2752 (   2.69kB)
    Total ROM Size (Code + RO Data + RW Data)      27468 (  26.82kB)

==============================================================================

